# 010-hsts-removal (M2)
measured-at: 2026-08-25T13:13:02.607Z
browsers: chromium(同梱) 151.0.7922.34 / firefox(同梱) 153.0 / webkit(同梱) 26.5

🔴 Playwright 同梱版。実 Firefox 154.0 に対し同梱は 153.0 でメジャー 1 つ古い。
🔴 判定は到達したサーバの本文。plain-http = 平文到達 / parent-*・child-quiet = https 昇格。
🔴 ブラウザには tools/hsts-proxy.mjs が :80 / :443 に見せている（RFC 6797 §8.3 対策）。
## chromium(同梱) 151.0.7922.34
{
  "K0": {
    "手順": "登録なしで http へ",
    "到達": "http到達",
    "本文": "plain-http",
    "最終URL": "http://example.test/"
  },
  "K1": {
    "手順": "STS登録 → http → max-age=0 → http",
    "登録直後": "https昇格",
    "解除後": "http到達",
    "登録応答": "parent-sts",
    "解除応答": "parent-sts-off",
    "最終URL": "http://example.test/"
  },
  "K3": {
    "手順": "子(前) → 親にincludeSubDomains → 子 → 親をmax-age=0 → 子",
    "子_登録前": "http到達",
    "子_登録後": "https昇格",
    "子_解除後": "http到達"
  },
  "K6": {
    "手順": "登録 → 解除 → http → https で再訪 → http",
    "解除後": "http到達",
    "再訪後": "https昇格"
  }
}

## firefox(同梱) 153.0
{
  "K0": {
    "手順": "登録なしで http へ",
    "到達": "http到達",
    "本文": "plain-http",
    "最終URL": "http://example.test/"
  },
  "K1": {
    "手順": "STS登録 → http → max-age=0 → http",
    "登録直後": "https昇格",
    "解除後": "http到達",
    "登録応答": "parent-sts",
    "解除応答": "parent-sts-off",
    "最終URL": "http://example.test/"
  },
  "K3": {
    "手順": "子(前) → 親にincludeSubDomains → 子 → 親をmax-age=0 → 子",
    "子_登録前": "http到達",
    "子_登録後": "https昇格",
    "子_解除後": "http到達"
  },
  "K6": {
    "手順": "登録 → 解除 → http → https で再訪 → http",
    "解除後": "http到達",
    "再訪後": "https昇格"
  }
}

## webkit(同梱) 26.5
{
  "K0": {
    "手順": "登録なしで http へ",
    "到達": "http到達",
    "本文": "plain-http",
    "最終URL": "http://example.test/"
  },
  "K1": {
    "手順": "STS登録 → http → max-age=0 → http",
    "登録直後": "https昇格",
    "解除後": "http到達",
    "登録応答": "parent-sts",
    "解除応答": "parent-sts-off",
    "最終URL": "http://example.test/"
  },
  "K3": {
    "手順": "子(前) → 親にincludeSubDomains → 子 → 親をmax-age=0 → 子",
    "子_登録前": "http到達",
    "子_登録後": "https昇格",
    "子_解除後": "http到達"
  },
  "K6": {
    "手順": "登録 → 解除 → http → https で再訪 → http",
    "解除後": "http到達",
    "再訪後": "https昇格"
  }
}
