measured-at: 2026-08-10T05:25:21.013Z
scenario: 006-expires-directive
mode: M1
base: http://localhost:8084
judgement: curl が受け取ったヘッダ全行（同名ヘッダをまとめない）
---
{"case":"expires 1h","path":"/006/exp/expires-only.css","status":200,"cache_control":["max-age=3600"],"expires":["Mon, 10 Aug 2026 06:25:21 GMT"]}
{"case":"expires max","path":"/006/exp/max.css","status":200,"cache_control":["max-age=315360000"],"expires":["Thu, 31 Dec 2037 23:55:55 GMT"]}
{"case":"expires -1","path":"/006/exp/minus.css","status":200,"cache_control":["no-cache"],"expires":["Mon, 10 Aug 2026 05:25:20 GMT"]}
{"case":"expires epoch","path":"/006/exp/epoch.css","status":200,"cache_control":["no-cache"],"expires":["Thu, 01 Jan 1970 00:00:01 GMT"]}
{"case":"expires off","path":"/006/exp/off.css","status":200,"cache_control":[],"expires":[]}
measured-at: 2026-08-10T14:31:24.726Z
scenario: 006-expires-directive
mode: M1
base: http://localhost:8084
judgement: curl が受け取ったヘッダ全行（同名ヘッダをまとめない）
---
{"case":"expires 1h","path":"/006/exp/expires-only.css","status":200,"cache_control":["max-age=3600"],"expires":["Mon, 10 Aug 2026 15:31:24 GMT"]}
{"case":"expires max","path":"/006/exp/max.css","status":200,"cache_control":["max-age=315360000"],"expires":["Thu, 31 Dec 2037 23:55:55 GMT"]}
{"case":"expires -1","path":"/006/exp/minus.css","status":200,"cache_control":["no-cache"],"expires":["Mon, 10 Aug 2026 14:31:23 GMT"]}
{"case":"expires epoch","path":"/006/exp/epoch.css","status":200,"cache_control":["no-cache"],"expires":["Thu, 01 Jan 1970 00:00:01 GMT"]}
{"case":"expires off","path":"/006/exp/off.css","status":200,"cache_control":[],"expires":[]}
{"case":"expires 1h + 500 応答","path":"/006/exp/error.css","status":500,"cache_control":[],"expires":[]}
measured-at: 2026-08-23T13:04:44.457Z
scenario: 006-expires-directive
mode: M1
base: http://localhost:8084
judgement: curl が受け取ったヘッダ全行（同名ヘッダをまとめない）
---
{"case":"expires 1h","path":"/006/exp/expires-only.css","status":200,"cache_control":["max-age=3600"],"expires":["Sun, 23 Aug 2026 14:04:44 GMT"]}
{"case":"expires max","path":"/006/exp/max.css","status":200,"cache_control":["max-age=315360000"],"expires":["Thu, 31 Dec 2037 23:55:55 GMT"]}
{"case":"expires -1","path":"/006/exp/minus.css","status":200,"cache_control":["no-cache"],"expires":["Sun, 23 Aug 2026 13:04:43 GMT"]}
{"case":"expires epoch","path":"/006/exp/epoch.css","status":200,"cache_control":["no-cache"],"expires":["Thu, 01 Jan 1970 00:00:01 GMT"]}
{"case":"expires off","path":"/006/exp/off.css","status":200,"cache_control":[],"expires":[]}
{"case":"expires 1h + 500 応答","path":"/006/exp/error.css","status":500,"cache_control":[],"expires":[]}
measured-at: 2026-09-16T10:40:13.490Z
scenario: 006-expires-directive
mode: M1
base: http://localhost:8084
judgement: curl が受け取ったヘッダ全行（同名ヘッダをまとめない）
---
{"case":"expires 1h","path":"/006/exp/expires-only.css","status":200,"cache_control":["max-age=3600"],"expires":["Wed, 16 Sep 2026 11:40:13 GMT"]}
{"case":"expires max","path":"/006/exp/max.css","status":200,"cache_control":["max-age=315360000"],"expires":["Thu, 31 Dec 2037 23:55:55 GMT"]}
{"case":"expires -1","path":"/006/exp/minus.css","status":200,"cache_control":["no-cache"],"expires":["Wed, 16 Sep 2026 10:40:12 GMT"]}
{"case":"expires epoch","path":"/006/exp/epoch.css","status":200,"cache_control":["no-cache"],"expires":["Thu, 01 Jan 1970 00:00:01 GMT"]}
{"case":"expires off","path":"/006/exp/off.css","status":200,"cache_control":[],"expires":[]}
{"case":"expires 1h + 500 応答","path":"/006/exp/error.css","status":500,"cache_control":[],"expires":[]}
measured-at: 2026-09-18T13:04:08.519Z
scenario: 006-expires-directive
mode: M1
base: http://localhost:8084
judgement: curl が受け取ったヘッダ全行（同名ヘッダをまとめない）
---
{"case":"expires 1h","path":"/006/exp/expires-only.css","status":200,"cache_control":["max-age=3600"],"expires":["Fri, 18 Sep 2026 14:04:08 GMT"]}
{"case":"expires max","path":"/006/exp/max.css","status":200,"cache_control":["max-age=315360000"],"expires":["Thu, 31 Dec 2037 23:55:55 GMT"]}
{"case":"expires -1","path":"/006/exp/minus.css","status":200,"cache_control":["no-cache"],"expires":["Fri, 18 Sep 2026 13:04:07 GMT"]}
{"case":"expires epoch","path":"/006/exp/epoch.css","status":200,"cache_control":["no-cache"],"expires":["Thu, 01 Jan 1970 00:00:01 GMT"]}
{"case":"expires off","path":"/006/exp/off.css","status":200,"cache_control":[],"expires":[]}
{"case":"expires 1h + 500 応答","path":"/006/exp/error.css","status":500,"cache_control":[],"expires":[]}
