measured-at: 2026-08-07T12:11:44.790Z
browser: chromium 151.0.7922.34
  preflight なし  get-plain — GET・独自ヘッダなし -> 200
  preflight あり  get-custom-header — GET・独自ヘッダ x-probe あり -> 200
  preflight なし  post-text-plain — POST・Content-Type: text/plain -> 200
  preflight なし  post-form-urlencoded — POST・Content-Type: application/x-www-form-urlencoded -> 200
  preflight なし  post-multipart — POST・Content-Type: multipart/form-data -> 200
  preflight あり  post-json — POST・Content-Type: application/json -> 200
  preflight あり  put-plain — PUT・独自ヘッダなし -> 200
  preflight あり  delete-plain — DELETE・独自ヘッダなし -> 200
---
measured-at: 2026-08-07T12:12:03.923Z
browser: firefox 153.0
  preflight なし  get-plain — GET・独自ヘッダなし -> 200
  preflight あり  get-custom-header — GET・独自ヘッダ x-probe あり -> 200
  preflight なし  post-text-plain — POST・Content-Type: text/plain -> 200
  preflight なし  post-form-urlencoded — POST・Content-Type: application/x-www-form-urlencoded -> 200
  preflight なし  post-multipart — POST・Content-Type: multipart/form-data -> 200
  preflight あり  post-json — POST・Content-Type: application/json -> 200
  preflight あり  put-plain — PUT・独自ヘッダなし -> 200
  preflight あり  delete-plain — DELETE・独自ヘッダなし -> 200
---
measured-at: 2026-08-08T00:11:46.675Z
browser: webkit 26.5
  preflight なし  get-plain — GET・独自ヘッダなし -> 200
  preflight あり  get-custom-header — GET・独自ヘッダ x-probe あり -> 200
  preflight なし  post-text-plain — POST・Content-Type: text/plain -> 200
  preflight なし  post-form-urlencoded — POST・Content-Type: application/x-www-form-urlencoded -> 200
  preflight なし  post-multipart — POST・Content-Type: multipart/form-data -> 200
  preflight あり  post-json — POST・Content-Type: application/json -> 200
  preflight あり  put-plain — PUT・独自ヘッダなし -> 200
  preflight あり  delete-plain — DELETE・独自ヘッダなし -> 200
---
measured-at: 2026-08-23T13:49:21.232Z
browser: chromium 151.0.7922.34
  preflight なし  get-plain — GET・独自ヘッダなし -> 200
  preflight あり  get-custom-header — GET・独自ヘッダ x-probe あり -> 200
  preflight なし  post-text-plain — POST・Content-Type: text/plain -> 200
  preflight なし  post-form-urlencoded — POST・Content-Type: application/x-www-form-urlencoded -> 200
  preflight なし  post-multipart — POST・Content-Type: multipart/form-data -> 200
  preflight あり  post-json — POST・Content-Type: application/json -> 200
  preflight あり  put-plain — PUT・独自ヘッダなし -> 200
  preflight あり  delete-plain — DELETE・独自ヘッダなし -> 200
---
measured-at: 2026-08-23T13:49:26.291Z
browser: firefox 153.0
  preflight なし  get-plain — GET・独自ヘッダなし -> 200
  preflight あり  get-custom-header — GET・独自ヘッダ x-probe あり -> 200
  preflight なし  post-text-plain — POST・Content-Type: text/plain -> 200
  preflight なし  post-form-urlencoded — POST・Content-Type: application/x-www-form-urlencoded -> 200
  preflight なし  post-multipart — POST・Content-Type: multipart/form-data -> 200
  preflight あり  post-json — POST・Content-Type: application/json -> 200
  preflight あり  put-plain — PUT・独自ヘッダなし -> 200
  preflight あり  delete-plain — DELETE・独自ヘッダなし -> 200
---
measured-at: 2026-08-23T13:49:30.732Z
browser: webkit 26.5
  preflight なし  get-plain — GET・独自ヘッダなし -> 200
  preflight あり  get-custom-header — GET・独自ヘッダ x-probe あり -> 200
  preflight なし  post-text-plain — POST・Content-Type: text/plain -> 200
  preflight なし  post-form-urlencoded — POST・Content-Type: application/x-www-form-urlencoded -> 200
  preflight なし  post-multipart — POST・Content-Type: multipart/form-data -> 200
  preflight あり  post-json — POST・Content-Type: application/json -> 200
  preflight あり  put-plain — PUT・独自ヘッダなし -> 200
  preflight あり  delete-plain — DELETE・独自ヘッダなし -> 200
---
measured-at: 2026-09-16T07:29:51.448Z
browser: chromium 151.0.7922.34
  preflight なし  get-plain — GET・独自ヘッダなし -> 200
  preflight あり  get-custom-header — GET・独自ヘッダ x-probe あり -> 200
  preflight なし  post-text-plain — POST・Content-Type: text/plain -> 200
  preflight なし  post-form-urlencoded — POST・Content-Type: application/x-www-form-urlencoded -> 200
  preflight なし  post-multipart — POST・Content-Type: multipart/form-data -> 200
  preflight あり  post-json — POST・Content-Type: application/json -> 200
  preflight あり  put-plain — PUT・独自ヘッダなし -> 200
  preflight あり  delete-plain — DELETE・独自ヘッダなし -> 200
  preflight あり  query-text-plain — QUERY・Content-Type: text/plain -> 200
  preflight あり  query-json — QUERY・Content-Type: application/json -> 200
---
measured-at: 2026-09-16T07:29:57.720Z
browser: firefox 153.0
  preflight なし  get-plain — GET・独自ヘッダなし -> 200
  preflight あり  get-custom-header — GET・独自ヘッダ x-probe あり -> 200
  preflight なし  post-text-plain — POST・Content-Type: text/plain -> 200
  preflight なし  post-form-urlencoded — POST・Content-Type: application/x-www-form-urlencoded -> 200
  preflight なし  post-multipart — POST・Content-Type: multipart/form-data -> 200
  preflight あり  post-json — POST・Content-Type: application/json -> 200
  preflight あり  put-plain — PUT・独自ヘッダなし -> 200
  preflight あり  delete-plain — DELETE・独自ヘッダなし -> 200
  preflight あり  query-text-plain — QUERY・Content-Type: text/plain -> 200
  preflight あり  query-json — QUERY・Content-Type: application/json -> 200
---
measured-at: 2026-09-16T07:30:03.119Z
browser: webkit 26.5
  preflight なし  get-plain — GET・独自ヘッダなし -> 200
  preflight あり  get-custom-header — GET・独自ヘッダ x-probe あり -> 200
  preflight なし  post-text-plain — POST・Content-Type: text/plain -> 200
  preflight なし  post-form-urlencoded — POST・Content-Type: application/x-www-form-urlencoded -> 200
  preflight なし  post-multipart — POST・Content-Type: multipart/form-data -> 200
  preflight あり  post-json — POST・Content-Type: application/json -> 200
  preflight あり  put-plain — PUT・独自ヘッダなし -> 200
  preflight あり  delete-plain — DELETE・独自ヘッダなし -> 200
  preflight あり  query-text-plain — QUERY・Content-Type: text/plain -> 200
  preflight あり  query-json — QUERY・Content-Type: application/json -> 200
---
nginx: nginx version: nginx/1.31.6
measured-at: 2026-09-17T06:28:57.299Z
browser: chromium 151.0.7922.34
  preflight なし  get-plain — GET・独自ヘッダなし -> 200
  preflight あり  get-custom-header — GET・独自ヘッダ x-probe あり -> 200
  preflight なし  post-text-plain — POST・Content-Type: text/plain -> 200
  preflight なし  post-form-urlencoded — POST・Content-Type: application/x-www-form-urlencoded -> 200
  preflight なし  post-multipart — POST・Content-Type: multipart/form-data -> 200
  preflight あり  post-json — POST・Content-Type: application/json -> 200
  preflight あり  put-plain — PUT・独自ヘッダなし -> 200
  preflight あり  delete-plain — DELETE・独自ヘッダなし -> 200
  preflight あり  query-text-plain — QUERY・Content-Type: text/plain -> 200
  preflight あり  query-json — QUERY・Content-Type: application/json -> 200
---
measured-at: 2026-09-17T06:29:03.535Z
browser: firefox 153.0
  preflight なし  get-plain — GET・独自ヘッダなし -> 200
  preflight あり  get-custom-header — GET・独自ヘッダ x-probe あり -> 200
  preflight なし  post-text-plain — POST・Content-Type: text/plain -> 200
  preflight なし  post-form-urlencoded — POST・Content-Type: application/x-www-form-urlencoded -> 200
  preflight なし  post-multipart — POST・Content-Type: multipart/form-data -> 200
  preflight あり  post-json — POST・Content-Type: application/json -> 200
  preflight あり  put-plain — PUT・独自ヘッダなし -> 200
  preflight あり  delete-plain — DELETE・独自ヘッダなし -> 200
  preflight あり  query-text-plain — QUERY・Content-Type: text/plain -> 200
  preflight あり  query-json — QUERY・Content-Type: application/json -> 200
---
measured-at: 2026-09-17T06:29:08.969Z
browser: webkit 26.5
  preflight なし  get-plain — GET・独自ヘッダなし -> 200
  preflight あり  get-custom-header — GET・独自ヘッダ x-probe あり -> 200
  preflight なし  post-text-plain — POST・Content-Type: text/plain -> 200
  preflight なし  post-form-urlencoded — POST・Content-Type: application/x-www-form-urlencoded -> 200
  preflight なし  post-multipart — POST・Content-Type: multipart/form-data -> 200
  preflight あり  post-json — POST・Content-Type: application/json -> 200
  preflight あり  put-plain — PUT・独自ヘッダなし -> 200
  preflight あり  delete-plain — DELETE・独自ヘッダなし -> 200
  preflight あり  query-text-plain — QUERY・Content-Type: text/plain -> 200
  preflight あり  query-json — QUERY・Content-Type: application/json -> 200
---
nginx: nginx version: nginx/1.31.6
measured-at: 2026-09-17T06:36:23.802Z
browser: chromium 151.0.7922.34
  preflight なし  get-plain — GET・独自ヘッダなし -> 200
  preflight あり  get-custom-header — GET・独自ヘッダ x-probe あり -> 200
  preflight なし  post-text-plain — POST・Content-Type: text/plain -> 200
  preflight なし  post-form-urlencoded — POST・Content-Type: application/x-www-form-urlencoded -> 200
  preflight なし  post-multipart — POST・Content-Type: multipart/form-data -> 200
  preflight あり  post-json — POST・Content-Type: application/json -> 200
  preflight あり  put-plain — PUT・独自ヘッダなし -> 200
  preflight あり  delete-plain — DELETE・独自ヘッダなし -> 200
  preflight あり  query-text-plain — QUERY・Content-Type: text/plain -> 200
  preflight あり  query-json — QUERY・Content-Type: application/json -> 200
---
measured-at: 2026-09-17T06:36:29.967Z
browser: firefox 153.0
  preflight なし  get-plain — GET・独自ヘッダなし -> 200
  preflight あり  get-custom-header — GET・独自ヘッダ x-probe あり -> 200
  preflight なし  post-text-plain — POST・Content-Type: text/plain -> 200
  preflight なし  post-form-urlencoded — POST・Content-Type: application/x-www-form-urlencoded -> 200
  preflight なし  post-multipart — POST・Content-Type: multipart/form-data -> 200
  preflight あり  post-json — POST・Content-Type: application/json -> 200
  preflight あり  put-plain — PUT・独自ヘッダなし -> 200
  preflight あり  delete-plain — DELETE・独自ヘッダなし -> 200
  preflight あり  query-text-plain — QUERY・Content-Type: text/plain -> 200
  preflight あり  query-json — QUERY・Content-Type: application/json -> 200
---
measured-at: 2026-09-17T06:36:35.359Z
browser: webkit 26.5
  preflight なし  get-plain — GET・独自ヘッダなし -> 200
  preflight あり  get-custom-header — GET・独自ヘッダ x-probe あり -> 200
  preflight なし  post-text-plain — POST・Content-Type: text/plain -> 200
  preflight なし  post-form-urlencoded — POST・Content-Type: application/x-www-form-urlencoded -> 200
  preflight なし  post-multipart — POST・Content-Type: multipart/form-data -> 200
  preflight あり  post-json — POST・Content-Type: application/json -> 200
  preflight あり  put-plain — PUT・独自ヘッダなし -> 200
  preflight あり  delete-plain — DELETE・独自ヘッダなし -> 200
  preflight あり  query-text-plain — QUERY・Content-Type: text/plain -> 200
  preflight あり  query-json — QUERY・Content-Type: application/json -> 200
---
