2026-08-08T00:05:58+00:00 OPTIONS /008/wildcard/explicit/chromium/W0/p status=204 max_age=30 acao=http://localhost:8080 auth=no origin=http://localhost:8080 req_method=GET req_headers=authorization
2026-08-08T00:05:58+00:00 GET /008/wildcard/explicit/chromium/W0/p status=200 max_age=30 acao=http://localhost:8080 auth=yes origin=http://localhost:8080 req_method=- req_headers=-
2026-08-08T00:06:01+00:00 GET /008/wildcard/explicit/chromium/W0/p status=200 max_age=30 acao=http://localhost:8080 auth=yes origin=http://localhost:8080 req_method=- req_headers=-
2026-08-08T00:06:02+00:00 OPTIONS /008/wildcard/star/chromium/W1/p status=204 max_age=30 acao=http://localhost:8080 auth=no origin=http://localhost:8080 req_method=GET req_headers=authorization
2026-08-08T00:06:02+00:00 GET /008/wildcard/star/chromium/W1/p status=200 max_age=30 acao=http://localhost:8080 auth=yes origin=http://localhost:8080 req_method=- req_headers=-
2026-08-08T00:06:05+00:00 OPTIONS /008/wildcard/star/chromium/W1/p status=204 max_age=30 acao=http://localhost:8080 auth=no origin=http://localhost:8080 req_method=GET req_headers=authorization
2026-08-08T00:06:05+00:00 GET /008/wildcard/star/chromium/W1/p status=200 max_age=30 acao=http://localhost:8080 auth=yes origin=http://localhost:8080 req_method=- req_headers=-
2026-08-08T00:06:07+00:00 OPTIONS /008/wildcard/star/chromium/W2/p status=204 max_age=30 acao=http://localhost:8080 auth=no origin=http://localhost:8080 req_method=GET req_headers=x-probe
2026-08-08T00:06:07+00:00 GET /008/wildcard/star/chromium/W2/p status=200 max_age=30 acao=http://localhost:8080 auth=no origin=http://localhost:8080 req_method=- req_headers=-
2026-08-08T00:06:10+00:00 GET /008/wildcard/star/chromium/W2/p status=200 max_age=30 acao=http://localhost:8080 auth=no origin=http://localhost:8080 req_method=- req_headers=-
2026-08-08T00:06:12+00:00 OPTIONS /008/wildcard/credential/chromium/W3/p status=204 max_age=30 acao=http://localhost:8080 auth=no origin=http://localhost:8080 req_method=GET req_headers=authorization
2026-08-08T00:06:12+00:00 GET /008/wildcard/credential/chromium/W3/p status=200 max_age=30 acao=http://localhost:8080 auth=yes origin=http://localhost:8080 req_method=- req_headers=-
2026-08-08T00:06:15+00:00 GET /008/wildcard/credential/chromium/W3/p status=200 max_age=30 acao=http://localhost:8080 auth=yes origin=http://localhost:8080 req_method=- req_headers=-
2026-08-08T00:06:17+00:00 OPTIONS /008/wildcard/explicit/firefox/W0/p status=204 max_age=30 acao=http://localhost:8080 auth=no origin=http://localhost:8080 req_method=GET req_headers=authorization
2026-08-08T00:06:17+00:00 GET /008/wildcard/explicit/firefox/W0/p status=200 max_age=30 acao=http://localhost:8080 auth=yes origin=http://localhost:8080 req_method=- req_headers=-
2026-08-08T00:06:20+00:00 GET /008/wildcard/explicit/firefox/W0/p status=200 max_age=30 acao=http://localhost:8080 auth=yes origin=http://localhost:8080 req_method=- req_headers=-
2026-08-08T00:06:23+00:00 OPTIONS /008/wildcard/star/firefox/W1/p status=204 max_age=30 acao=http://localhost:8080 auth=no origin=http://localhost:8080 req_method=GET req_headers=authorization
2026-08-08T00:06:23+00:00 GET /008/wildcard/star/firefox/W1/p status=200 max_age=30 acao=http://localhost:8080 auth=yes origin=http://localhost:8080 req_method=- req_headers=-
2026-08-08T00:06:26+00:00 OPTIONS /008/wildcard/star/firefox/W1/p status=204 max_age=30 acao=http://localhost:8080 auth=no origin=http://localhost:8080 req_method=GET req_headers=authorization
2026-08-08T00:06:26+00:00 GET /008/wildcard/star/firefox/W1/p status=200 max_age=30 acao=http://localhost:8080 auth=yes origin=http://localhost:8080 req_method=- req_headers=-
2026-08-08T00:06:29+00:00 OPTIONS /008/wildcard/star/firefox/W2/p status=204 max_age=30 acao=http://localhost:8080 auth=no origin=http://localhost:8080 req_method=GET req_headers=x-probe
2026-08-08T00:06:29+00:00 GET /008/wildcard/star/firefox/W2/p status=200 max_age=30 acao=http://localhost:8080 auth=no origin=http://localhost:8080 req_method=- req_headers=-
2026-08-08T00:06:32+00:00 OPTIONS /008/wildcard/star/firefox/W2/p status=204 max_age=30 acao=http://localhost:8080 auth=no origin=http://localhost:8080 req_method=GET req_headers=x-probe
2026-08-08T00:06:32+00:00 GET /008/wildcard/star/firefox/W2/p status=200 max_age=30 acao=http://localhost:8080 auth=no origin=http://localhost:8080 req_method=- req_headers=-
2026-08-08T00:06:35+00:00 OPTIONS /008/wildcard/credential/firefox/W3/p status=204 max_age=30 acao=http://localhost:8080 auth=no origin=http://localhost:8080 req_method=GET req_headers=authorization
2026-08-08T00:06:35+00:00 GET /008/wildcard/credential/firefox/W3/p status=200 max_age=30 acao=http://localhost:8080 auth=yes origin=http://localhost:8080 req_method=- req_headers=-
2026-08-08T00:06:38+00:00 GET /008/wildcard/credential/firefox/W3/p status=200 max_age=30 acao=http://localhost:8080 auth=yes origin=http://localhost:8080 req_method=- req_headers=-
2026-08-08T00:06:40+00:00 OPTIONS /008/wildcard/explicit/webkit/W0/p status=204 max_age=30 acao=http://localhost:8080 auth=no origin=http://localhost:8080 req_method=GET req_headers=authorization
2026-08-08T00:06:40+00:00 GET /008/wildcard/explicit/webkit/W0/p status=200 max_age=30 acao=http://localhost:8080 auth=yes origin=http://localhost:8080 req_method=- req_headers=-
2026-08-08T00:06:43+00:00 GET /008/wildcard/explicit/webkit/W0/p status=200 max_age=30 acao=http://localhost:8080 auth=yes origin=http://localhost:8080 req_method=- req_headers=-
2026-08-08T00:06:45+00:00 OPTIONS /008/wildcard/star/webkit/W1/p status=204 max_age=30 acao=http://localhost:8080 auth=no origin=http://localhost:8080 req_method=GET req_headers=authorization
2026-08-08T00:06:45+00:00 GET /008/wildcard/star/webkit/W1/p status=200 max_age=30 acao=http://localhost:8080 auth=yes origin=http://localhost:8080 req_method=- req_headers=-
2026-08-08T00:06:48+00:00 GET /008/wildcard/star/webkit/W1/p status=200 max_age=30 acao=http://localhost:8080 auth=yes origin=http://localhost:8080 req_method=- req_headers=-
2026-08-08T00:06:50+00:00 OPTIONS /008/wildcard/star/webkit/W2/p status=204 max_age=30 acao=http://localhost:8080 auth=no origin=http://localhost:8080 req_method=GET req_headers=x-probe
2026-08-08T00:06:50+00:00 GET /008/wildcard/star/webkit/W2/p status=200 max_age=30 acao=http://localhost:8080 auth=no origin=http://localhost:8080 req_method=- req_headers=-
2026-08-08T00:06:53+00:00 GET /008/wildcard/star/webkit/W2/p status=200 max_age=30 acao=http://localhost:8080 auth=no origin=http://localhost:8080 req_method=- req_headers=-
2026-08-08T00:06:55+00:00 OPTIONS /008/wildcard/credential/webkit/W3/p status=204 max_age=30 acao=http://localhost:8080 auth=no origin=http://localhost:8080 req_method=GET req_headers=authorization
2026-08-08T00:06:55+00:00 GET /008/wildcard/credential/webkit/W3/p status=200 max_age=30 acao=http://localhost:8080 auth=yes origin=http://localhost:8080 req_method=- req_headers=-
2026-08-08T00:06:58+00:00 GET /008/wildcard/credential/webkit/W3/p status=200 max_age=30 acao=http://localhost:8080 auth=yes origin=http://localhost:8080 req_method=- req_headers=-
2026-08-08T00:07:20+00:00 OPTIONS /008/wildcard/explicit/firefox/W0/p status=204 max_age=30 acao=http://localhost:8080 auth=no origin=http://localhost:8080 req_method=GET req_headers=authorization
2026-08-08T00:07:20+00:00 GET /008/wildcard/explicit/firefox/W0/p status=200 max_age=30 acao=http://localhost:8080 auth=yes origin=http://localhost:8080 req_method=- req_headers=-
2026-08-08T00:07:23+00:00 GET /008/wildcard/explicit/firefox/W0/p status=200 max_age=30 acao=http://localhost:8080 auth=yes origin=http://localhost:8080 req_method=- req_headers=-
2026-08-08T00:07:26+00:00 OPTIONS /008/wildcard/star/firefox/W1/p status=204 max_age=30 acao=http://localhost:8080 auth=no origin=http://localhost:8080 req_method=GET req_headers=authorization
2026-08-08T00:07:26+00:00 GET /008/wildcard/star/firefox/W1/p status=200 max_age=30 acao=http://localhost:8080 auth=yes origin=http://localhost:8080 req_method=- req_headers=-
2026-08-08T00:07:29+00:00 OPTIONS /008/wildcard/star/firefox/W1/p status=204 max_age=30 acao=http://localhost:8080 auth=no origin=http://localhost:8080 req_method=GET req_headers=authorization
2026-08-08T00:07:29+00:00 GET /008/wildcard/star/firefox/W1/p status=200 max_age=30 acao=http://localhost:8080 auth=yes origin=http://localhost:8080 req_method=- req_headers=-
2026-08-08T00:07:32+00:00 OPTIONS /008/wildcard/star/firefox/W2/p status=204 max_age=30 acao=http://localhost:8080 auth=no origin=http://localhost:8080 req_method=GET req_headers=x-probe
2026-08-08T00:07:32+00:00 GET /008/wildcard/star/firefox/W2/p status=200 max_age=30 acao=http://localhost:8080 auth=no origin=http://localhost:8080 req_method=- req_headers=-
2026-08-08T00:07:35+00:00 OPTIONS /008/wildcard/star/firefox/W2/p status=204 max_age=30 acao=http://localhost:8080 auth=no origin=http://localhost:8080 req_method=GET req_headers=x-probe
2026-08-08T00:07:35+00:00 GET /008/wildcard/star/firefox/W2/p status=200 max_age=30 acao=http://localhost:8080 auth=no origin=http://localhost:8080 req_method=- req_headers=-
2026-08-08T00:07:37+00:00 OPTIONS /008/wildcard/credential/firefox/W3/p status=204 max_age=30 acao=http://localhost:8080 auth=no origin=http://localhost:8080 req_method=GET req_headers=authorization
2026-08-08T00:07:37+00:00 GET /008/wildcard/credential/firefox/W3/p status=200 max_age=30 acao=http://localhost:8080 auth=yes origin=http://localhost:8080 req_method=- req_headers=-
2026-08-08T00:07:40+00:00 GET /008/wildcard/credential/firefox/W3/p status=200 max_age=30 acao=http://localhost:8080 auth=yes origin=http://localhost:8080 req_method=- req_headers=-
2026-08-08T00:07:43+00:00 OPTIONS /008/wildcard/explicit/webkit/W0/p status=204 max_age=30 acao=http://localhost:8080 auth=no origin=http://localhost:8080 req_method=GET req_headers=authorization
2026-08-08T00:07:43+00:00 GET /008/wildcard/explicit/webkit/W0/p status=200 max_age=30 acao=http://localhost:8080 auth=yes origin=http://localhost:8080 req_method=- req_headers=-
2026-08-08T00:07:46+00:00 GET /008/wildcard/explicit/webkit/W0/p status=200 max_age=30 acao=http://localhost:8080 auth=yes origin=http://localhost:8080 req_method=- req_headers=-
2026-08-08T00:07:48+00:00 OPTIONS /008/wildcard/star/webkit/W1/p status=204 max_age=30 acao=http://localhost:8080 auth=no origin=http://localhost:8080 req_method=GET req_headers=authorization
2026-08-08T00:07:48+00:00 GET /008/wildcard/star/webkit/W1/p status=200 max_age=30 acao=http://localhost:8080 auth=yes origin=http://localhost:8080 req_method=- req_headers=-
2026-08-08T00:07:51+00:00 GET /008/wildcard/star/webkit/W1/p status=200 max_age=30 acao=http://localhost:8080 auth=yes origin=http://localhost:8080 req_method=- req_headers=-
2026-08-08T00:07:53+00:00 OPTIONS /008/wildcard/star/webkit/W2/p status=204 max_age=30 acao=http://localhost:8080 auth=no origin=http://localhost:8080 req_method=GET req_headers=x-probe
2026-08-08T00:07:53+00:00 GET /008/wildcard/star/webkit/W2/p status=200 max_age=30 acao=http://localhost:8080 auth=no origin=http://localhost:8080 req_method=- req_headers=-
2026-08-08T00:07:56+00:00 GET /008/wildcard/star/webkit/W2/p status=200 max_age=30 acao=http://localhost:8080 auth=no origin=http://localhost:8080 req_method=- req_headers=-
2026-08-08T00:07:58+00:00 OPTIONS /008/wildcard/credential/webkit/W3/p status=204 max_age=30 acao=http://localhost:8080 auth=no origin=http://localhost:8080 req_method=GET req_headers=authorization
2026-08-08T00:07:58+00:00 GET /008/wildcard/credential/webkit/W3/p status=200 max_age=30 acao=http://localhost:8080 auth=yes origin=http://localhost:8080 req_method=- req_headers=-
2026-08-08T00:08:01+00:00 GET /008/wildcard/credential/webkit/W3/p status=200 max_age=30 acao=http://localhost:8080 auth=yes origin=http://localhost:8080 req_method=- req_headers=-
2026-08-08T05:22:12+00:00 OPTIONS /008/wildcard/explicit/chromium/W0/p status=204 max_age=30 acao=http://localhost:8080 auth=no origin=http://localhost:8080 req_method=GET req_headers=authorization
2026-08-08T05:22:12+00:00 GET /008/wildcard/explicit/chromium/W0/p status=200 max_age=30 acao=http://localhost:8080 auth=yes origin=http://localhost:8080 req_method=- req_headers=-
2026-08-08T05:22:15+00:00 GET /008/wildcard/explicit/chromium/W0/p status=200 max_age=30 acao=http://localhost:8080 auth=yes origin=http://localhost:8080 req_method=- req_headers=-
2026-08-08T05:22:17+00:00 OPTIONS /008/wildcard/star/chromium/W1/p status=204 max_age=30 acao=http://localhost:8080 auth=no origin=http://localhost:8080 req_method=GET req_headers=authorization
2026-08-08T05:22:17+00:00 GET /008/wildcard/star/chromium/W1/p status=200 max_age=30 acao=http://localhost:8080 auth=yes origin=http://localhost:8080 req_method=- req_headers=-
2026-08-08T05:22:20+00:00 OPTIONS /008/wildcard/star/chromium/W1/p status=204 max_age=30 acao=http://localhost:8080 auth=no origin=http://localhost:8080 req_method=GET req_headers=authorization
2026-08-08T05:22:20+00:00 GET /008/wildcard/star/chromium/W1/p status=200 max_age=30 acao=http://localhost:8080 auth=yes origin=http://localhost:8080 req_method=- req_headers=-
2026-08-08T05:22:22+00:00 OPTIONS /008/wildcard/star/chromium/W2/p status=204 max_age=30 acao=http://localhost:8080 auth=no origin=http://localhost:8080 req_method=GET req_headers=x-probe
2026-08-08T05:22:22+00:00 GET /008/wildcard/star/chromium/W2/p status=200 max_age=30 acao=http://localhost:8080 auth=no origin=http://localhost:8080 req_method=- req_headers=-
2026-08-08T05:22:25+00:00 GET /008/wildcard/star/chromium/W2/p status=200 max_age=30 acao=http://localhost:8080 auth=no origin=http://localhost:8080 req_method=- req_headers=-
2026-08-08T05:22:26+00:00 OPTIONS /008/wildcard/credential/chromium/W3/p status=204 max_age=30 acao=http://localhost:8080 auth=no origin=http://localhost:8080 req_method=GET req_headers=authorization
2026-08-08T05:22:26+00:00 GET /008/wildcard/credential/chromium/W3/p status=200 max_age=30 acao=http://localhost:8080 auth=yes origin=http://localhost:8080 req_method=- req_headers=-
2026-08-08T05:22:29+00:00 GET /008/wildcard/credential/chromium/W3/p status=200 max_age=30 acao=http://localhost:8080 auth=yes origin=http://localhost:8080 req_method=- req_headers=-
2026-08-08T05:22:34+00:00 OPTIONS /008/wildcard/explicit/firefox/W0/p status=204 max_age=30 acao=http://localhost:8080 auth=no origin=http://localhost:8080 req_method=GET req_headers=authorization
2026-08-08T05:22:34+00:00 GET /008/wildcard/explicit/firefox/W0/p status=200 max_age=30 acao=http://localhost:8080 auth=yes origin=http://localhost:8080 req_method=- req_headers=-
2026-08-08T05:22:37+00:00 GET /008/wildcard/explicit/firefox/W0/p status=200 max_age=30 acao=http://localhost:8080 auth=yes origin=http://localhost:8080 req_method=- req_headers=-
2026-08-08T05:22:40+00:00 OPTIONS /008/wildcard/star/firefox/W1/p status=204 max_age=30 acao=http://localhost:8080 auth=no origin=http://localhost:8080 req_method=GET req_headers=authorization
2026-08-08T05:22:40+00:00 GET /008/wildcard/star/firefox/W1/p status=200 max_age=30 acao=http://localhost:8080 auth=yes origin=http://localhost:8080 req_method=- req_headers=-
2026-08-08T05:22:43+00:00 OPTIONS /008/wildcard/star/firefox/W1/p status=204 max_age=30 acao=http://localhost:8080 auth=no origin=http://localhost:8080 req_method=GET req_headers=authorization
2026-08-08T05:22:43+00:00 GET /008/wildcard/star/firefox/W1/p status=200 max_age=30 acao=http://localhost:8080 auth=yes origin=http://localhost:8080 req_method=- req_headers=-
2026-08-08T05:22:46+00:00 OPTIONS /008/wildcard/star/firefox/W2/p status=204 max_age=30 acao=http://localhost:8080 auth=no origin=http://localhost:8080 req_method=GET req_headers=x-probe
2026-08-08T05:22:46+00:00 GET /008/wildcard/star/firefox/W2/p status=200 max_age=30 acao=http://localhost:8080 auth=no origin=http://localhost:8080 req_method=- req_headers=-
2026-08-08T05:22:49+00:00 OPTIONS /008/wildcard/star/firefox/W2/p status=204 max_age=30 acao=http://localhost:8080 auth=no origin=http://localhost:8080 req_method=GET req_headers=x-probe
2026-08-08T05:22:49+00:00 GET /008/wildcard/star/firefox/W2/p status=200 max_age=30 acao=http://localhost:8080 auth=no origin=http://localhost:8080 req_method=- req_headers=-
2026-08-08T05:22:52+00:00 OPTIONS /008/wildcard/credential/firefox/W3/p status=204 max_age=30 acao=http://localhost:8080 auth=no origin=http://localhost:8080 req_method=GET req_headers=authorization
2026-08-08T05:22:52+00:00 GET /008/wildcard/credential/firefox/W3/p status=200 max_age=30 acao=http://localhost:8080 auth=yes origin=http://localhost:8080 req_method=- req_headers=-
2026-08-08T05:22:55+00:00 GET /008/wildcard/credential/firefox/W3/p status=200 max_age=30 acao=http://localhost:8080 auth=yes origin=http://localhost:8080 req_method=- req_headers=-
2026-08-08T05:22:57+00:00 OPTIONS /008/wildcard/explicit/webkit/W0/p status=204 max_age=30 acao=http://localhost:8080 auth=no origin=http://localhost:8080 req_method=GET req_headers=authorization
2026-08-08T05:22:57+00:00 GET /008/wildcard/explicit/webkit/W0/p status=200 max_age=30 acao=http://localhost:8080 auth=yes origin=http://localhost:8080 req_method=- req_headers=-
2026-08-08T05:23:00+00:00 GET /008/wildcard/explicit/webkit/W0/p status=200 max_age=30 acao=http://localhost:8080 auth=yes origin=http://localhost:8080 req_method=- req_headers=-
2026-08-08T05:23:03+00:00 OPTIONS /008/wildcard/star/webkit/W1/p status=204 max_age=30 acao=http://localhost:8080 auth=no origin=http://localhost:8080 req_method=GET req_headers=authorization
2026-08-08T05:23:03+00:00 GET /008/wildcard/star/webkit/W1/p status=200 max_age=30 acao=http://localhost:8080 auth=yes origin=http://localhost:8080 req_method=- req_headers=-
2026-08-08T05:23:06+00:00 GET /008/wildcard/star/webkit/W1/p status=200 max_age=30 acao=http://localhost:8080 auth=yes origin=http://localhost:8080 req_method=- req_headers=-
2026-08-08T05:23:08+00:00 OPTIONS /008/wildcard/star/webkit/W2/p status=204 max_age=30 acao=http://localhost:8080 auth=no origin=http://localhost:8080 req_method=GET req_headers=x-probe
2026-08-08T05:23:08+00:00 GET /008/wildcard/star/webkit/W2/p status=200 max_age=30 acao=http://localhost:8080 auth=no origin=http://localhost:8080 req_method=- req_headers=-
2026-08-08T05:23:11+00:00 GET /008/wildcard/star/webkit/W2/p status=200 max_age=30 acao=http://localhost:8080 auth=no origin=http://localhost:8080 req_method=- req_headers=-
2026-08-08T05:23:13+00:00 OPTIONS /008/wildcard/credential/webkit/W3/p status=204 max_age=30 acao=http://localhost:8080 auth=no origin=http://localhost:8080 req_method=GET req_headers=authorization
2026-08-08T05:23:13+00:00 GET /008/wildcard/credential/webkit/W3/p status=200 max_age=30 acao=http://localhost:8080 auth=yes origin=http://localhost:8080 req_method=- req_headers=-
2026-08-08T05:23:16+00:00 GET /008/wildcard/credential/webkit/W3/p status=200 max_age=30 acao=http://localhost:8080 auth=yes origin=http://localhost:8080 req_method=- req_headers=-
2026-08-08T05:24:19+00:00 OPTIONS /008/wildcard/explicit/chromium/W0/p status=204 max_age=30 acao=http://localhost:8080 auth=no origin=http://localhost:8080 req_method=GET req_headers=authorization
2026-08-08T05:24:19+00:00 GET /008/wildcard/explicit/chromium/W0/p status=200 max_age=30 acao=http://localhost:8080 auth=yes origin=http://localhost:8080 req_method=- req_headers=-
2026-08-08T05:24:22+00:00 GET /008/wildcard/explicit/chromium/W0/p status=200 max_age=30 acao=http://localhost:8080 auth=yes origin=http://localhost:8080 req_method=- req_headers=-
2026-08-08T05:24:24+00:00 OPTIONS /008/wildcard/star/chromium/W1/p status=204 max_age=30 acao=http://localhost:8080 auth=no origin=http://localhost:8080 req_method=GET req_headers=authorization
2026-08-08T05:24:24+00:00 GET /008/wildcard/star/chromium/W1/p status=200 max_age=30 acao=http://localhost:8080 auth=yes origin=http://localhost:8080 req_method=- req_headers=-
2026-08-08T05:24:27+00:00 OPTIONS /008/wildcard/star/chromium/W1/p status=204 max_age=30 acao=http://localhost:8080 auth=no origin=http://localhost:8080 req_method=GET req_headers=authorization
2026-08-08T05:24:27+00:00 GET /008/wildcard/star/chromium/W1/p status=200 max_age=30 acao=http://localhost:8080 auth=yes origin=http://localhost:8080 req_method=- req_headers=-
2026-08-08T05:24:29+00:00 OPTIONS /008/wildcard/star/chromium/W2/p status=204 max_age=30 acao=http://localhost:8080 auth=no origin=http://localhost:8080 req_method=GET req_headers=x-probe
2026-08-08T05:24:29+00:00 GET /008/wildcard/star/chromium/W2/p status=200 max_age=30 acao=http://localhost:8080 auth=no origin=http://localhost:8080 req_method=- req_headers=-
2026-08-08T05:24:32+00:00 GET /008/wildcard/star/chromium/W2/p status=200 max_age=30 acao=http://localhost:8080 auth=no origin=http://localhost:8080 req_method=- req_headers=-
2026-08-08T05:24:33+00:00 OPTIONS /008/wildcard/credential/chromium/W3/p status=204 max_age=30 acao=http://localhost:8080 auth=no origin=http://localhost:8080 req_method=GET req_headers=authorization
2026-08-08T05:24:33+00:00 GET /008/wildcard/credential/chromium/W3/p status=200 max_age=30 acao=http://localhost:8080 auth=yes origin=http://localhost:8080 req_method=- req_headers=-
2026-08-08T05:24:36+00:00 GET /008/wildcard/credential/chromium/W3/p status=200 max_age=30 acao=http://localhost:8080 auth=yes origin=http://localhost:8080 req_method=- req_headers=-
2026-08-08T05:24:40+00:00 OPTIONS /008/wildcard/explicit/firefox/W0/p status=204 max_age=30 acao=http://localhost:8080 auth=no origin=http://localhost:8080 req_method=GET req_headers=authorization
2026-08-08T05:24:40+00:00 GET /008/wildcard/explicit/firefox/W0/p status=200 max_age=30 acao=http://localhost:8080 auth=yes origin=http://localhost:8080 req_method=- req_headers=-
2026-08-08T05:24:43+00:00 GET /008/wildcard/explicit/firefox/W0/p status=200 max_age=30 acao=http://localhost:8080 auth=yes origin=http://localhost:8080 req_method=- req_headers=-
2026-08-08T05:24:46+00:00 OPTIONS /008/wildcard/star/firefox/W1/p status=204 max_age=30 acao=http://localhost:8080 auth=no origin=http://localhost:8080 req_method=GET req_headers=authorization
2026-08-08T05:24:46+00:00 GET /008/wildcard/star/firefox/W1/p status=200 max_age=30 acao=http://localhost:8080 auth=yes origin=http://localhost:8080 req_method=- req_headers=-
2026-08-08T05:24:49+00:00 OPTIONS /008/wildcard/star/firefox/W1/p status=204 max_age=30 acao=http://localhost:8080 auth=no origin=http://localhost:8080 req_method=GET req_headers=authorization
2026-08-08T05:24:49+00:00 GET /008/wildcard/star/firefox/W1/p status=200 max_age=30 acao=http://localhost:8080 auth=yes origin=http://localhost:8080 req_method=- req_headers=-
2026-08-08T05:24:52+00:00 OPTIONS /008/wildcard/star/firefox/W2/p status=204 max_age=30 acao=http://localhost:8080 auth=no origin=http://localhost:8080 req_method=GET req_headers=x-probe
2026-08-08T05:24:52+00:00 GET /008/wildcard/star/firefox/W2/p status=200 max_age=30 acao=http://localhost:8080 auth=no origin=http://localhost:8080 req_method=- req_headers=-
2026-08-08T05:24:55+00:00 OPTIONS /008/wildcard/star/firefox/W2/p status=204 max_age=30 acao=http://localhost:8080 auth=no origin=http://localhost:8080 req_method=GET req_headers=x-probe
2026-08-08T05:24:55+00:00 GET /008/wildcard/star/firefox/W2/p status=200 max_age=30 acao=http://localhost:8080 auth=no origin=http://localhost:8080 req_method=- req_headers=-
2026-08-08T05:24:58+00:00 OPTIONS /008/wildcard/credential/firefox/W3/p status=204 max_age=30 acao=http://localhost:8080 auth=no origin=http://localhost:8080 req_method=GET req_headers=authorization
2026-08-08T05:24:58+00:00 GET /008/wildcard/credential/firefox/W3/p status=200 max_age=30 acao=http://localhost:8080 auth=yes origin=http://localhost:8080 req_method=- req_headers=-
2026-08-08T05:25:01+00:00 GET /008/wildcard/credential/firefox/W3/p status=200 max_age=30 acao=http://localhost:8080 auth=yes origin=http://localhost:8080 req_method=- req_headers=-
2026-08-08T05:25:04+00:00 OPTIONS /008/wildcard/explicit/webkit/W0/p status=204 max_age=30 acao=http://localhost:8080 auth=no origin=http://localhost:8080 req_method=GET req_headers=authorization
2026-08-08T05:25:04+00:00 GET /008/wildcard/explicit/webkit/W0/p status=200 max_age=30 acao=http://localhost:8080 auth=yes origin=http://localhost:8080 req_method=- req_headers=-
2026-08-08T05:25:07+00:00 GET /008/wildcard/explicit/webkit/W0/p status=200 max_age=30 acao=http://localhost:8080 auth=yes origin=http://localhost:8080 req_method=- req_headers=-
2026-08-08T05:25:09+00:00 OPTIONS /008/wildcard/star/webkit/W1/p status=204 max_age=30 acao=http://localhost:8080 auth=no origin=http://localhost:8080 req_method=GET req_headers=authorization
2026-08-08T05:25:09+00:00 GET /008/wildcard/star/webkit/W1/p status=200 max_age=30 acao=http://localhost:8080 auth=yes origin=http://localhost:8080 req_method=- req_headers=-
2026-08-08T05:25:12+00:00 GET /008/wildcard/star/webkit/W1/p status=200 max_age=30 acao=http://localhost:8080 auth=yes origin=http://localhost:8080 req_method=- req_headers=-
2026-08-08T05:25:14+00:00 OPTIONS /008/wildcard/star/webkit/W2/p status=204 max_age=30 acao=http://localhost:8080 auth=no origin=http://localhost:8080 req_method=GET req_headers=x-probe
2026-08-08T05:25:14+00:00 GET /008/wildcard/star/webkit/W2/p status=200 max_age=30 acao=http://localhost:8080 auth=no origin=http://localhost:8080 req_method=- req_headers=-
2026-08-08T05:25:17+00:00 GET /008/wildcard/star/webkit/W2/p status=200 max_age=30 acao=http://localhost:8080 auth=no origin=http://localhost:8080 req_method=- req_headers=-
2026-08-08T05:25:19+00:00 OPTIONS /008/wildcard/credential/webkit/W3/p status=204 max_age=30 acao=http://localhost:8080 auth=no origin=http://localhost:8080 req_method=GET req_headers=authorization
2026-08-08T05:25:19+00:00 GET /008/wildcard/credential/webkit/W3/p status=200 max_age=30 acao=http://localhost:8080 auth=yes origin=http://localhost:8080 req_method=- req_headers=-
2026-08-08T05:25:22+00:00 GET /008/wildcard/credential/webkit/W3/p status=200 max_age=30 acao=http://localhost:8080 auth=yes origin=http://localhost:8080 req_method=- req_headers=-
2026-08-23T13:50:04+00:00 OPTIONS /008/wildcard/explicit/chromium/W0/p status=204 max_age=30 acao=http://localhost:8080 auth=no origin=http://localhost:8080 req_method=GET req_headers=authorization
2026-08-23T13:50:04+00:00 GET /008/wildcard/explicit/chromium/W0/p status=200 max_age=30 acao=http://localhost:8080 auth=yes origin=http://localhost:8080 req_method=- req_headers=-
2026-08-23T13:50:07+00:00 GET /008/wildcard/explicit/chromium/W0/p status=200 max_age=30 acao=http://localhost:8080 auth=yes origin=http://localhost:8080 req_method=- req_headers=-
2026-08-23T13:50:09+00:00 OPTIONS /008/wildcard/star/chromium/W1/p status=204 max_age=30 acao=http://localhost:8080 auth=no origin=http://localhost:8080 req_method=GET req_headers=authorization
2026-08-23T13:50:09+00:00 GET /008/wildcard/star/chromium/W1/p status=200 max_age=30 acao=http://localhost:8080 auth=yes origin=http://localhost:8080 req_method=- req_headers=-
2026-08-23T13:50:12+00:00 OPTIONS /008/wildcard/star/chromium/W1/p status=204 max_age=30 acao=http://localhost:8080 auth=no origin=http://localhost:8080 req_method=GET req_headers=authorization
2026-08-23T13:50:12+00:00 GET /008/wildcard/star/chromium/W1/p status=200 max_age=30 acao=http://localhost:8080 auth=yes origin=http://localhost:8080 req_method=- req_headers=-
2026-08-23T13:50:13+00:00 OPTIONS /008/wildcard/star/chromium/W2/p status=204 max_age=30 acao=http://localhost:8080 auth=no origin=http://localhost:8080 req_method=GET req_headers=x-probe
2026-08-23T13:50:13+00:00 GET /008/wildcard/star/chromium/W2/p status=200 max_age=30 acao=http://localhost:8080 auth=no origin=http://localhost:8080 req_method=- req_headers=-
2026-08-23T13:50:16+00:00 GET /008/wildcard/star/chromium/W2/p status=200 max_age=30 acao=http://localhost:8080 auth=no origin=http://localhost:8080 req_method=- req_headers=-
2026-08-23T13:50:18+00:00 OPTIONS /008/wildcard/credential/chromium/W3/p status=204 max_age=30 acao=http://localhost:8080 auth=no origin=http://localhost:8080 req_method=GET req_headers=authorization
2026-08-23T13:50:18+00:00 GET /008/wildcard/credential/chromium/W3/p status=200 max_age=30 acao=http://localhost:8080 auth=yes origin=http://localhost:8080 req_method=- req_headers=-
2026-08-23T13:50:21+00:00 GET /008/wildcard/credential/chromium/W3/p status=200 max_age=30 acao=http://localhost:8080 auth=yes origin=http://localhost:8080 req_method=- req_headers=-
2026-08-23T13:50:24+00:00 OPTIONS /008/wildcard/explicit/firefox/W0/p status=204 max_age=30 acao=http://localhost:8080 auth=no origin=http://localhost:8080 req_method=GET req_headers=authorization
2026-08-23T13:50:24+00:00 GET /008/wildcard/explicit/firefox/W0/p status=200 max_age=30 acao=http://localhost:8080 auth=yes origin=http://localhost:8080 req_method=- req_headers=-
2026-08-23T13:50:27+00:00 GET /008/wildcard/explicit/firefox/W0/p status=200 max_age=30 acao=http://localhost:8080 auth=yes origin=http://localhost:8080 req_method=- req_headers=-
2026-08-23T13:50:29+00:00 OPTIONS /008/wildcard/star/firefox/W1/p status=204 max_age=30 acao=http://localhost:8080 auth=no origin=http://localhost:8080 req_method=GET req_headers=authorization
2026-08-23T13:50:30+00:00 GET /008/wildcard/star/firefox/W1/p status=200 max_age=30 acao=http://localhost:8080 auth=yes origin=http://localhost:8080 req_method=- req_headers=-
2026-08-23T13:50:33+00:00 OPTIONS /008/wildcard/star/firefox/W1/p status=204 max_age=30 acao=http://localhost:8080 auth=no origin=http://localhost:8080 req_method=GET req_headers=authorization
2026-08-23T13:50:33+00:00 GET /008/wildcard/star/firefox/W1/p status=200 max_age=30 acao=http://localhost:8080 auth=yes origin=http://localhost:8080 req_method=- req_headers=-
2026-08-23T13:50:35+00:00 OPTIONS /008/wildcard/star/firefox/W2/p status=204 max_age=30 acao=http://localhost:8080 auth=no origin=http://localhost:8080 req_method=GET req_headers=x-probe
2026-08-23T13:50:35+00:00 GET /008/wildcard/star/firefox/W2/p status=200 max_age=30 acao=http://localhost:8080 auth=no origin=http://localhost:8080 req_method=- req_headers=-
2026-08-23T13:50:38+00:00 OPTIONS /008/wildcard/star/firefox/W2/p status=204 max_age=30 acao=http://localhost:8080 auth=no origin=http://localhost:8080 req_method=GET req_headers=x-probe
2026-08-23T13:50:38+00:00 GET /008/wildcard/star/firefox/W2/p status=200 max_age=30 acao=http://localhost:8080 auth=no origin=http://localhost:8080 req_method=- req_headers=-
2026-08-23T13:50:41+00:00 OPTIONS /008/wildcard/credential/firefox/W3/p status=204 max_age=30 acao=http://localhost:8080 auth=no origin=http://localhost:8080 req_method=GET req_headers=authorization
2026-08-23T13:50:41+00:00 GET /008/wildcard/credential/firefox/W3/p status=200 max_age=30 acao=http://localhost:8080 auth=yes origin=http://localhost:8080 req_method=- req_headers=-
2026-08-23T13:50:44+00:00 GET /008/wildcard/credential/firefox/W3/p status=200 max_age=30 acao=http://localhost:8080 auth=yes origin=http://localhost:8080 req_method=- req_headers=-
2026-08-23T13:50:47+00:00 OPTIONS /008/wildcard/explicit/webkit/W0/p status=204 max_age=30 acao=http://localhost:8080 auth=no origin=http://localhost:8080 req_method=GET req_headers=authorization
2026-08-23T13:50:47+00:00 GET /008/wildcard/explicit/webkit/W0/p status=200 max_age=30 acao=http://localhost:8080 auth=yes origin=http://localhost:8080 req_method=- req_headers=-
2026-08-23T13:50:50+00:00 GET /008/wildcard/explicit/webkit/W0/p status=200 max_age=30 acao=http://localhost:8080 auth=yes origin=http://localhost:8080 req_method=- req_headers=-
2026-08-23T13:50:52+00:00 OPTIONS /008/wildcard/star/webkit/W1/p status=204 max_age=30 acao=http://localhost:8080 auth=no origin=http://localhost:8080 req_method=GET req_headers=authorization
2026-08-23T13:50:52+00:00 GET /008/wildcard/star/webkit/W1/p status=200 max_age=30 acao=http://localhost:8080 auth=yes origin=http://localhost:8080 req_method=- req_headers=-
2026-08-23T13:50:55+00:00 GET /008/wildcard/star/webkit/W1/p status=200 max_age=30 acao=http://localhost:8080 auth=yes origin=http://localhost:8080 req_method=- req_headers=-
2026-08-23T13:50:57+00:00 OPTIONS /008/wildcard/star/webkit/W2/p status=204 max_age=30 acao=http://localhost:8080 auth=no origin=http://localhost:8080 req_method=GET req_headers=x-probe
2026-08-23T13:50:57+00:00 GET /008/wildcard/star/webkit/W2/p status=200 max_age=30 acao=http://localhost:8080 auth=no origin=http://localhost:8080 req_method=- req_headers=-
2026-08-23T13:51:00+00:00 GET /008/wildcard/star/webkit/W2/p status=200 max_age=30 acao=http://localhost:8080 auth=no origin=http://localhost:8080 req_method=- req_headers=-
2026-08-23T13:51:02+00:00 OPTIONS /008/wildcard/credential/webkit/W3/p status=204 max_age=30 acao=http://localhost:8080 auth=no origin=http://localhost:8080 req_method=GET req_headers=authorization
2026-08-23T13:51:02+00:00 GET /008/wildcard/credential/webkit/W3/p status=200 max_age=30 acao=http://localhost:8080 auth=yes origin=http://localhost:8080 req_method=- req_headers=-
2026-08-23T13:51:05+00:00 GET /008/wildcard/credential/webkit/W3/p status=200 max_age=30 acao=http://localhost:8080 auth=yes origin=http://localhost:8080 req_method=- req_headers=-
