2026-08-09T15:22:53+00:00 OPTIONS /008/authzone/guarded/probe status=204 max_age=30 acao=http://localhost:8080 auth=no origin=http://localhost:8080 req_method=GET req_headers=-
2026-08-09T15:22:53+00:00 OPTIONS /008/authzone/exempt/probe status=204 max_age=30 acao=http://localhost:8080 auth=no origin=http://localhost:8080 req_method=GET req_headers=-
2026-08-09T15:23:15+00:00 GET /008/authzone/guarded/probe status=200 max_age=30 acao=http://localhost:8080 auth=no origin=http://localhost:8080 req_method=- req_headers=-
2026-08-09T15:23:15+00:00 GET /008/authzone/exempt/probe status=401 max_age=30 acao=http://localhost:8080 auth=no origin=http://localhost:8080 req_method=- req_headers=-
2026-08-09T15:23:15+00:00 GET /008/authzone/guarded/probe status=200 max_age=30 acao=http://localhost:8080 auth=yes origin=http://localhost:8080 req_method=- req_headers=-
2026-08-09T15:24:10+00:00 OPTIONS /008/authzone/guarded/probe status=401 max_age=30 acao=http://localhost:8080 auth=no origin=http://localhost:8080 req_method=GET req_headers=-
2026-08-09T15:24:10+00:00 GET /008/authzone/guarded/probe status=401 max_age=30 acao=http://localhost:8080 auth=no origin=http://localhost:8080 req_method=- req_headers=-
2026-08-09T15:24:11+00:00 OPTIONS /authzone/payload.txt status=405 max_age=30 acao=http://localhost:8080 auth=no origin=http://localhost:8080 req_method=GET req_headers=-
2026-08-09T15:24:11+00:00 GET /008/authzone/exempt/probe status=401 max_age=30 acao=http://localhost:8080 auth=no origin=http://localhost:8080 req_method=- req_headers=-
2026-08-09T15:24:11+00:00 OPTIONS /008/authzone/shortcut/probe status=204 max_age=30 acao=http://localhost:8080 auth=no origin=http://localhost:8080 req_method=GET req_headers=-
2026-08-09T15:24:11+00:00 GET /008/authzone/shortcut/probe status=200 max_age=30 acao=http://localhost:8080 auth=no origin=http://localhost:8080 req_method=- req_headers=-
2026-08-09T15:24:11+00:00 GET /authzone/payload.txt status=200 max_age=30 acao=http://localhost:8080 auth=yes origin=http://localhost:8080 req_method=- req_headers=-
2026-08-09T15:24:11+00:00 GET /008/authzone/exempt/probe status=404 max_age=30 acao=http://localhost:8080 auth=yes origin=http://localhost:8080 req_method=- req_headers=-
2026-08-09T15:24:11+00:00 GET /008/authzone/shortcut/probe status=200 max_age=30 acao=http://localhost:8080 auth=yes origin=http://localhost:8080 req_method=- req_headers=-
2026-08-09T15:24:11+00:00 OPTIONS /008/authzone/guarded/probe status=401 max_age=30 acao=http://localhost:8080 auth=no origin=http://localhost:8080 req_method=GET req_headers=-
2026-08-09T15:24:58+00:00 OPTIONS /008/authzone/guarded/probe status=401 max_age=30 acao=http://localhost:8080 auth=no origin=http://localhost:8080 req_method=GET req_headers=-
2026-08-09T15:24:58+00:00 GET /008/authzone/guarded/probe status=401 max_age=30 acao=http://localhost:8080 auth=no origin=http://localhost:8080 req_method=- req_headers=-
2026-08-09T15:24:58+00:00 GET /authzone/payload.txt status=200 max_age=30 acao=http://localhost:8080 auth=yes origin=http://localhost:8080 req_method=- req_headers=-
2026-08-09T15:24:58+00:00 OPTIONS /008/authzone/exempt/probe status=204 max_age=30 acao=http://localhost:8080 auth=no origin=http://localhost:8080 req_method=GET req_headers=-
2026-08-09T15:24:58+00:00 GET /008/authzone/exempt/probe status=401 max_age=30 acao=http://localhost:8080 auth=no origin=http://localhost:8080 req_method=- req_headers=-
2026-08-09T15:24:58+00:00 GET /008/authzone/exempt/probe status=404 max_age=30 acao=http://localhost:8080 auth=yes origin=http://localhost:8080 req_method=- req_headers=-
2026-08-09T15:24:58+00:00 OPTIONS /008/authzone/shortcut/probe status=204 max_age=30 acao=http://localhost:8080 auth=no origin=http://localhost:8080 req_method=GET req_headers=-
2026-08-09T15:24:58+00:00 GET /008/authzone/shortcut/probe status=200 max_age=30 acao=http://localhost:8080 auth=no origin=http://localhost:8080 req_method=- req_headers=-
2026-08-09T15:24:58+00:00 GET /008/authzone/shortcut/probe status=200 max_age=30 acao=http://localhost:8080 auth=yes origin=http://localhost:8080 req_method=- req_headers=-
2026-08-09T15:24:58+00:00 GET /authzone/payload.txt status=200 max_age=30 acao=http://localhost:8080 auth=yes origin=- req_method=- req_headers=-
2026-08-09T15:25:34+00:00 OPTIONS /008/authzone/guarded/probe status=401 max_age=30 acao=http://localhost:8080 auth=no origin=http://localhost:8080 req_method=GET req_headers=-
2026-08-09T15:25:34+00:00 GET /008/authzone/guarded/probe status=401 max_age=30 acao=http://localhost:8080 auth=no origin=http://localhost:8080 req_method=- req_headers=-
2026-08-09T15:25:34+00:00 GET /authzone/payload.txt status=200 max_age=30 acao=http://localhost:8080 auth=yes origin=http://localhost:8080 req_method=- req_headers=-
2026-08-09T15:25:34+00:00 OPTIONS /008/authzone/exempt/probe status=204 max_age=30 acao=http://localhost:8080 auth=no origin=http://localhost:8080 req_method=GET req_headers=-
2026-08-09T15:25:34+00:00 GET /008/authzone/exempt/probe status=401 max_age=30 acao=http://localhost:8080 auth=no origin=http://localhost:8080 req_method=- req_headers=-
2026-08-09T15:25:34+00:00 GET /008/authzone/exempt/probe status=404 max_age=30 acao=http://localhost:8080 auth=yes origin=http://localhost:8080 req_method=- req_headers=-
2026-08-09T15:25:34+00:00 OPTIONS /008/authzone/shortcut/probe status=204 max_age=30 acao=http://localhost:8080 auth=no origin=http://localhost:8080 req_method=GET req_headers=-
2026-08-09T15:25:35+00:00 GET /008/authzone/shortcut/probe status=200 max_age=30 acao=http://localhost:8080 auth=no origin=http://localhost:8080 req_method=- req_headers=-
2026-08-09T15:25:35+00:00 GET /008/authzone/shortcut/probe status=200 max_age=30 acao=http://localhost:8080 auth=yes origin=http://localhost:8080 req_method=- req_headers=-
2026-08-09T15:26:21+00:00 OPTIONS /008/authzone/guarded/probe status=401 max_age=30 acao=http://localhost:8080 auth=no origin=http://localhost:8080 req_method=GET req_headers=-
2026-08-09T15:26:21+00:00 GET /008/authzone/guarded/probe status=401 max_age=30 acao=http://localhost:8080 auth=no origin=http://localhost:8080 req_method=- req_headers=-
2026-08-09T15:26:21+00:00 GET /authzone/payload.txt status=200 max_age=30 acao=http://localhost:8080 auth=yes origin=http://localhost:8080 req_method=- req_headers=-
2026-08-09T15:26:21+00:00 OPTIONS /authzone/payload.txt status=405 max_age=30 acao=http://localhost:8080 auth=no origin=http://localhost:8080 req_method=GET req_headers=-
2026-08-09T15:26:21+00:00 GET /008/authzone/exempt/probe status=401 max_age=30 acao=http://localhost:8080 auth=no origin=http://localhost:8080 req_method=- req_headers=-
2026-08-09T15:26:21+00:00 GET /authzone/payload.txt status=200 max_age=30 acao=http://localhost:8080 auth=yes origin=http://localhost:8080 req_method=- req_headers=-
2026-08-09T15:26:21+00:00 OPTIONS /008/authzone/shortcut/probe status=204 max_age=30 acao=http://localhost:8080 auth=no origin=http://localhost:8080 req_method=GET req_headers=-
2026-08-09T15:26:21+00:00 GET /008/authzone/shortcut/probe status=200 max_age=30 acao=http://localhost:8080 auth=no origin=http://localhost:8080 req_method=- req_headers=-
2026-08-09T15:26:21+00:00 GET /008/authzone/shortcut/probe status=200 max_age=30 acao=http://localhost:8080 auth=yes origin=http://localhost:8080 req_method=- req_headers=-
2026-08-09T15:26:21+00:00 OPTIONS /authzone/payload.txt status=405 max_age=30 acao=http://localhost:8080 auth=no origin=http://localhost:8080 req_method=GET req_headers=-
2026-08-09T15:26:53+00:00 OPTIONS /008/authzone/guarded/probe status=401 max_age=30 acao=http://localhost:8080 auth=no origin=http://localhost:8080 req_method=GET req_headers=-
2026-08-09T15:26:53+00:00 GET /008/authzone/guarded/probe status=401 max_age=30 acao=http://localhost:8080 auth=no origin=http://localhost:8080 req_method=- req_headers=-
2026-08-09T15:26:53+00:00 GET /authzone/payload.txt status=200 max_age=30 acao=http://localhost:8080 auth=yes origin=http://localhost:8080 req_method=- req_headers=-
2026-08-09T15:26:53+00:00 OPTIONS /008/authzone/exempt/probe status=204 max_age=30 acao=http://localhost:8080 auth=no origin=http://localhost:8080 req_method=GET req_headers=-
2026-08-09T15:26:53+00:00 GET /008/authzone/exempt/probe status=401 max_age=30 acao=http://localhost:8080 auth=no origin=http://localhost:8080 req_method=- req_headers=-
2026-08-09T15:26:53+00:00 GET /authzone/payload.txt status=200 max_age=30 acao=http://localhost:8080 auth=yes origin=http://localhost:8080 req_method=- req_headers=-
2026-08-09T15:26:53+00:00 OPTIONS /008/authzone/shortcut/probe status=204 max_age=30 acao=http://localhost:8080 auth=no origin=http://localhost:8080 req_method=GET req_headers=-
2026-08-09T15:26:53+00:00 GET /008/authzone/shortcut/probe status=200 max_age=30 acao=http://localhost:8080 auth=no origin=http://localhost:8080 req_method=- req_headers=-
2026-08-09T15:26:53+00:00 GET /008/authzone/shortcut/probe status=200 max_age=30 acao=http://localhost:8080 auth=yes origin=http://localhost:8080 req_method=- req_headers=-
2026-08-09T15:27:44+00:00 OPTIONS /008/authzone/guarded/chromium/B0/p status=401 max_age=30 acao=http://localhost:8080 auth=no origin=http://localhost:8080 req_method=GET req_headers=authorization
2026-08-09T15:27:46+00:00 OPTIONS /008/authzone/exempt/chromium/B1/p status=204 max_age=30 acao=http://localhost:8080 auth=no origin=http://localhost:8080 req_method=GET req_headers=authorization
2026-08-09T15:27:46+00:00 GET /authzone/payload.txt status=200 max_age=30 acao=http://localhost:8080 auth=yes origin=http://localhost:8080 req_method=- req_headers=-
2026-08-09T15:27:48+00:00 OPTIONS /008/authzone/shortcut/chromium/B2/p status=204 max_age=30 acao=http://localhost:8080 auth=no origin=http://localhost:8080 req_method=GET req_headers=authorization
2026-08-09T15:27:48+00:00 GET /008/authzone/shortcut/chromium/B2/p status=200 max_age=30 acao=http://localhost:8080 auth=yes origin=http://localhost:8080 req_method=- req_headers=-
2026-08-09T15:28:00+00:00 OPTIONS /008/authzone/guarded/firefox/B0/p status=401 max_age=30 acao=http://localhost:8080 auth=no origin=http://localhost:8080 req_method=GET req_headers=authorization
2026-08-09T15:28:03+00:00 OPTIONS /008/authzone/exempt/firefox/B1/p status=204 max_age=30 acao=http://localhost:8080 auth=no origin=http://localhost:8080 req_method=GET req_headers=authorization
2026-08-09T15:28:03+00:00 GET /authzone/payload.txt status=200 max_age=30 acao=http://localhost:8080 auth=yes origin=http://localhost:8080 req_method=- req_headers=-
2026-08-09T15:28:06+00:00 OPTIONS /008/authzone/shortcut/firefox/B2/p status=204 max_age=30 acao=http://localhost:8080 auth=no origin=http://localhost:8080 req_method=GET req_headers=authorization
2026-08-09T15:28:06+00:00 GET /008/authzone/shortcut/firefox/B2/p status=200 max_age=30 acao=http://localhost:8080 auth=yes origin=http://localhost:8080 req_method=- req_headers=-
2026-08-09T15:28:09+00:00 OPTIONS /008/authzone/guarded/webkit/B0/p status=401 max_age=30 acao=http://localhost:8080 auth=no origin=http://localhost:8080 req_method=GET req_headers=authorization
2026-08-09T15:28:09+00:00 OPTIONS /008/authzone/guarded/webkit/B0/p status=401 max_age=30 acao=http://localhost:8080 auth=no origin=http://localhost:8080 req_method=GET req_headers=authorization
2026-08-09T15:28:11+00:00 OPTIONS /008/authzone/exempt/webkit/B1/p status=204 max_age=30 acao=http://localhost:8080 auth=no origin=http://localhost:8080 req_method=GET req_headers=authorization
2026-08-09T15:28:11+00:00 GET /authzone/payload.txt status=200 max_age=30 acao=http://localhost:8080 auth=yes origin=http://localhost:8080 req_method=- req_headers=-
2026-08-09T15:28:13+00:00 OPTIONS /008/authzone/shortcut/webkit/B2/p status=204 max_age=30 acao=http://localhost:8080 auth=no origin=http://localhost:8080 req_method=GET req_headers=authorization
2026-08-09T15:28:13+00:00 GET /008/authzone/shortcut/webkit/B2/p status=200 max_age=30 acao=http://localhost:8080 auth=yes origin=http://localhost:8080 req_method=- req_headers=-
2026-08-09T15:29:24+00:00 OPTIONS /008/authzone/guarded/curl status=401 max_age=30 acao=http://localhost:8080 auth=no origin=http://localhost:8080 req_method=GET req_headers=-
2026-08-09T15:29:24+00:00 GET /008/authzone/guarded/curl status=401 max_age=30 acao=http://localhost:8080 auth=no origin=http://localhost:8080 req_method=- req_headers=-
2026-08-09T15:29:24+00:00 GET /authzone/payload.txt status=200 max_age=30 acao=http://localhost:8080 auth=yes origin=http://localhost:8080 req_method=- req_headers=-
2026-08-09T15:29:24+00:00 OPTIONS /008/authzone/exempt/curl status=204 max_age=30 acao=http://localhost:8080 auth=no origin=http://localhost:8080 req_method=GET req_headers=-
2026-08-09T15:29:24+00:00 GET /008/authzone/exempt/curl status=401 max_age=30 acao=http://localhost:8080 auth=no origin=http://localhost:8080 req_method=- req_headers=-
2026-08-09T15:29:24+00:00 GET /authzone/payload.txt status=200 max_age=30 acao=http://localhost:8080 auth=yes origin=http://localhost:8080 req_method=- req_headers=-
2026-08-09T15:29:24+00:00 OPTIONS /008/authzone/shortcut/curl status=204 max_age=30 acao=http://localhost:8080 auth=no origin=http://localhost:8080 req_method=GET req_headers=-
2026-08-09T15:29:24+00:00 GET /008/authzone/shortcut/curl status=200 max_age=30 acao=http://localhost:8080 auth=no origin=http://localhost:8080 req_method=- req_headers=-
2026-08-09T15:29:24+00:00 GET /008/authzone/shortcut/curl status=200 max_age=30 acao=http://localhost:8080 auth=yes origin=http://localhost:8080 req_method=- req_headers=-
