measured-at: 2026-09-16T11:30:14.940Z
scenario: 003-safe-get
mode: M1
base: http://localhost:8085
nginx: nginx version: nginx/1.31.6
node: 24.19.0
curl: 8.22.0
---

## GET 1/3
status=200 body={"token":"curl","consumed":1}

## GET 2/3
status=200 body={"token":"curl","consumed":2}

## GET 3/3
status=200 body={"token":"curl","consumed":3}

## HEAD 1/1
HTTP/1.1 200 OK
Server: nginx/1.31.6
Date: Wed, 16 Sep 2026 11:30:15 GMT
Content-Type: application/json; charset=utf-8
Content-Length: 29
Connection: keep-alive
X-Powered-By: Express
ETag: W/"1d-mwMizFmtQ27AH+Ti5hjZpNN+FYE"
body_bytes=0

## control:safe-get（読むだけの GET を 3 回）
quota_before={"curl":3,"head":1}
quota_after={"curl":3,"head":1}

