measured-at: 2026-09-18T13:03:48.296Z
scenario: 003-query-method
mode: M1
base: http://localhost:8085
nginx: nginx version: nginx/1.31.6
node: 24.19.0
curl: 8.22.0
---

## query:search 送信 1/3
status=200 body={"q":"doc","hits":[]}
state.quota={}

## query:search 送信 2/3
status=200 body={"q":"doc","hits":[]}
state.quota={}

## query:search 送信 3/3
status=200 body={"q":"doc","hits":[]}
state.quota={}

## query:counted 送信 1/3
status=200 body={"token":"query","consumed":1}
state.quota={"query":1}

## query:counted 送信 2/3
status=200 body={"token":"query","consumed":2}
state.quota={"query":2}

## query:counted 送信 3/3
status=200 body={"token":"query","consumed":3}
state.quota={"query":3}

## case-probe -X QUERY -> status=200 error=-
## case-probe -X query -> status=400 error=-
## case-probe -X GET -> status=200 error=-
## case-probe -X get -> status=400 error=-

## fetch-probe method=QUERY -> status=200 error=-
## fetch-probe method=query -> status=400 error=-
## fetch-probe method=GET -> status=200 error=-
## fetch-probe method=get -> status=200 error=-

