measured-at: 2026-08-13T12:15:41Z
host: multipass Ubuntu 26.04 LTS / kernel 7.0.0-28-generic / arm64 / 4 vCPU
note: カード③ = apt 版の HTTP/3 ビルド有無。M3（手動・CI 対象外）

## 1. apt-cache policy curl
curl:
  Installed: 8.18.0-1ubuntu2.3
  Candidate: 8.18.0-1ubuntu2.3
  Version table:
 *** 8.18.0-1ubuntu2.3 500
        500 http://archive.ubuntu.com/ubuntu resolute-updates/main arm64 Packages
        500 http://security.ubuntu.com/ubuntu resolute-security/main arm64 Packages
        100 /var/lib/dpkg/status
     8.18.0-1ubuntu2 500
        500 http://archive.ubuntu.com/ubuntu resolute/main arm64 Packages

## 2. curl -V（apt 版）
curl 8.18.0 (aarch64-unknown-linux-gnu) libcurl/8.18.0 OpenSSL/3.5.5 zlib/1.3.1 brotli/1.2.0 zstd/1.5.7 libidn2/2.3.8 libpsl/0.21.2 libssh2/1.11.1 nghttp2/1.68.0 librtmp/2.3 mit-krb5/1.22.1 OpenLDAP/2.6.10
Release-Date: 2026-01-07, security patched: 8.18.0-1ubuntu2.3
Protocols: dict file ftp ftps gopher gophers http https imap imaps ipfs ipns ldap ldaps mqtt pop3 pop3s rtmp rtsp scp sftp smb smbs smtp smtps telnet tftp ws wss
Features: alt-svc AsynchDNS brotli GSS-API HSTS HTTP2 HTTPS-proxy IDN IPv6 Kerberos Largefile libz NTLM PSL SPNEGO SSL threadsafe TLS-SRP UnixSockets zstd

## 3. curl の Features に HTTP3 が含まれるか（1=あり / 0=なし）
0

## 4. apt-cache policy nginx
nginx:
  Installed: 1.28.3-2ubuntu1.8
  Candidate: 1.28.3-2ubuntu1.8
  Version table:
 *** 1.28.3-2ubuntu1.8 500
        500 http://archive.ubuntu.com/ubuntu resolute-updates/main arm64 Packages
        500 http://security.ubuntu.com/ubuntu resolute-security/main arm64 Packages
        100 /var/lib/dpkg/status
     1.28.3-2ubuntu1 500
        500 http://archive.ubuntu.com/ubuntu resolute/main arm64 Packages

## 5. nginx -v / -V のビルドオプション
nginx version: nginx/1.28.3 (Ubuntu)
with-http_v2_module: 1
with-http_v3_module: 1

## 6. QUIC ライブラリの在庫（apt-cache search）
libngtcp2-16 - QUIC protocol library
libngtcp2-crypto-gnutls-dev - development files for crypto helper library (GnuTLS)
libngtcp2-crypto-gnutls8 - crypto helper library for with GnuTLS backend
libngtcp2-crypto-ossl-dev - development files for crypto helper library (OpenSSL)
libngtcp2-crypto-ossl0 - crypto helper library for with OpenSSL backend
libngtcp2-dev - development files for QUIC protocol library
libnghttp3-9 - HTTP/3 mapping over QUIC and QPACK (library)
libnghttp3-dev - HTTP/3 mapping over QUIC and QPACK (development)

## 7. OpenSSL
OpenSSL 3.5.5 27 Jan 2026 (Library: OpenSSL 3.5.5 27 Jan 2026)

## 8. ソースビルドした curl（存在する場合のみ）
curl 8.18.0 (aarch64-unknown-linux-gnu) libcurl/8.18.0 OpenSSL/3.5.5 zlib/1.3.1 libpsl/0.21.2 nghttp2/1.68.0 ngtcp2/1.16.0 nghttp3/1.12.0
Release-Date: 2026-01-07
Protocols: dict file ftp ftps gopher gophers http https imap imaps ipfs ipns mqtt pop3 pop3s rtsp smb smbs smtp smtps telnet tftp ws wss
Features: alt-svc AsynchDNS HSTS HTTP2 HTTP3 HTTPS-proxy IPv6 Largefile libz NTLM PSL SSL threadsafe TLS-SRP UnixSockets
HTTP3 の有無: 1
--- configure の該当行 ---
configure: HTTP3 support is experimental
  HTTP2:            enabled (nghttp2)
  HTTP3:            enabled (ngtcp2 + nghttp3)
  Features:         alt-svc AsynchDNS HSTS HTTP2 HTTP3 HTTPS-proxy IPv6 Largefile libz NTLM PSL SSL threadsafe TLS-SRP UnixSockets
