measured-at: 2026-08-13T12:36:06Z
host: multipass Ubuntu 26.04 LTS / kernel 7.0.0-28-generic / 4 vCPU
client: curl 8.18.0 (aarch64-unknown-linux-gnu) libcurl/8.18.0 OpenSSL/3.5.5 zlib/1.3.1 libpsl/0.21.2 nghttp2/1.68.0 ngtcp2/1.16.0 nghttp3/1.12.0
server: nginx version: nginx/1.28.3 (Ubuntu)
note: M3（手動・CI 対象外）。RTT は設定値でなく実効値を記録する
label: T3a

### 条件: rate=1gbit rtt設定=5ms loss=0% object=20m.bin limit=2000pkt
qdisc(veth-h): qdisc netem 8011: root refcnt 5 limit 2000 delay 2.5ms seed 8088025875935371637
qdisc(veth-s): qdisc netem 8012: root refcnt 5 limit 2000 delay 2.5ms rate 1Gbit seed 11596320576947539796
実効RTT(TCPハンドシェイク 15回・ms): {"n":15,"min":5.06,"median":5.07,"p90":5.09,"max":5.13}
  http1.1 run1 rc=0 {"http_version":"1.1","code":200,"size":20971520,"speed_bps":34200186,"t_connect":0.005086,"t_appconnect":0.011594,"t_starttransfer":0.021714,"t_total":0.613199}
  http1.1 run2 rc=0 {"http_version":"1.1","code":200,"size":20971520,"speed_bps":96997863,"t_connect":0.005080,"t_appconnect":0.011539,"t_starttransfer":0.021672,"t_total":0.216206}
  http1.1 run3 rc=0 {"http_version":"1.1","code":200,"size":20971520,"speed_bps":51400658,"t_connect":0.005067,"t_appconnect":0.011504,"t_starttransfer":0.021622,"t_total":0.408001}
  http2 run1 rc=0 {"http_version":"2","code":200,"size":20971520,"speed_bps":96582863,"t_connect":0.005072,"t_appconnect":0.011501,"t_starttransfer":0.016584,"t_total":0.217135}
  http2 run2 rc=0 {"http_version":"2","code":200,"size":20971520,"speed_bps":64546422,"t_connect":0.005075,"t_appconnect":0.011569,"t_starttransfer":0.016652,"t_total":0.324906}
  http2 run3 rc=0 {"http_version":"2","code":200,"size":20971520,"speed_bps":25928698,"t_connect":0.005067,"t_appconnect":0.011523,"t_starttransfer":0.016633,"t_total":0.808815}
  http3-only run1 rc=0 {"http_version":"3","code":200,"size":20971520,"speed_bps":96478890,"t_connect":0.001743,"t_appconnect":0.006748,"t_starttransfer":0.012875,"t_total":0.217369}
  http3-only run2 rc=0 {"http_version":"3","code":200,"size":20971520,"speed_bps":96446500,"t_connect":0.001730,"t_appconnect":0.006750,"t_starttransfer":0.012806,"t_total":0.217442}
  http3-only run3 rc=0 {"http_version":"3","code":200,"size":20971520,"speed_bps":96180661,"t_connect":0.001673,"t_appconnect":0.006695,"t_starttransfer":0.012993,"t_total":0.218043}

### 条件: rate=1gbit rtt設定=50ms loss=0% object=20m.bin limit=12500pkt
qdisc(veth-h): qdisc netem 8013: root refcnt 5 limit 12500 delay 25ms seed 4284695663061413037
qdisc(veth-s): qdisc netem 8014: root refcnt 5 limit 12500 delay 25ms rate 1Gbit seed 15173120269823560782
実効RTT(TCPハンドシェイク 15回・ms): {"n":15,"min":69.83,"median":124.63,"p90":274.55,"max":332.48}
  http1.1 run1 rc=0 {"http_version":"1.1","code":200,"size":20971520,"speed_bps":1840715,"t_connect":0.176054,"t_appconnect":0.450156,"t_starttransfer":0.967934,"t_total":11.393133}
  http1.1 run2 rc=0 {"http_version":"1.1","code":200,"size":20971520,"speed_bps":1829911,"t_connect":0.247473,"t_appconnect":0.543331,"t_starttransfer":1.166081,"t_total":11.460403}
  http1.1 run3 rc=0 {"http_version":"1.1","code":200,"size":20971520,"speed_bps":1623313,"t_connect":0.214894,"t_appconnect":0.558577,"t_starttransfer":1.190378,"t_total":12.918955}
  http2 run1 rc=0 {"http_version":"2","code":200,"size":20971520,"speed_bps":1441328,"t_connect":0.143913,"t_appconnect":0.308051,"t_starttransfer":0.395492,"t_total":14.550129}
  http2 run2 rc=0 {"http_version":"2","code":200,"size":20971520,"speed_bps":1472079,"t_connect":0.219023,"t_appconnect":0.555787,"t_starttransfer":0.865640,"t_total":14.246189}
  http2 run3 rc=0 {"http_version":"2","code":200,"size":20971520,"speed_bps":1288311,"t_connect":0.210036,"t_appconnect":0.554774,"t_starttransfer":0.839760,"t_total":16.278305}
  http3-only run1 rc=0 {"http_version":"3","code":200,"size":20971520,"speed_bps":290316,"t_connect":0.002594,"t_appconnect":0.154043,"t_starttransfer":0.502410,"t_total":72.236764}
  http3-only run2 rc=0 {"http_version":"3","code":200,"size":20971520,"speed_bps":373783,"t_connect":0.003080,"t_appconnect":0.113602,"t_starttransfer":0.405170,"t_total":56.106110}
  http3-only run3 rc=0 {"http_version":"3","code":200,"size":20971520,"speed_bps":558938,"t_connect":0.002711,"t_appconnect":0.141977,"t_starttransfer":0.274440,"t_total":37.520269}

### netem 撤去後: qdisc noqueue 0: root refcnt 2 
[done] /home/ubuntu/results-011-buf4m/crossover-T3a.jsonl
