measured-at: 2026-08-13T15:04:54Z
host: multipass Ubuntu 26.04 LTS / kernel 7.0.0-28-generic / 4 vCPU
client: curl 8.18.0 (aarch64-unknown-linux-gnu) libcurl/8.18.0 OpenSSL/3.5.5 zlib/1.3.1 libpsl/0.21.2 nghttp2/1.68.0 ngtcp2/1.16.0 nghttp3/1.12.0
server: nginx version: nginx/1.28.3 (Ubuntu)
note: M3（手動・CI 対象外）。RTT は設定値でなく実効値を記録する
label: T1c

### 条件: rate=10mbit rtt設定=100ms loss=1% object=5m.bin limit=2000pkt
qdisc(veth-h): qdisc netem 801b: root refcnt 5 limit 2000 delay 50ms seed 630709794048711617
qdisc(veth-s): qdisc netem 801c: root refcnt 5 limit 2000 delay 50ms loss 1% rate 10Mbit seed 13462404351711875330
実効RTT(TCPハンドシェイク 15回・ms): {"n":15,"min":117.58,"median":166.57,"p90":207.69,"max":208.80}
  http1.1 run1 rc=0 {"http_version":"1.1","code":200,"size":5242880,"speed_bps":178439,"t_connect":0.240567,"t_appconnect":0.377079,"t_starttransfer":0.639617,"t_total":29.381772}
  http1.1 run2 rc=0 {"http_version":"1.1","code":200,"size":5242880,"speed_bps":405084,"t_connect":0.173476,"t_appconnect":0.410039,"t_starttransfer":0.785801,"t_total":12.942675}
  http1.1 run3 rc=0 {"http_version":"1.1","code":200,"size":5242880,"speed_bps":147492,"t_connect":0.151224,"t_appconnect":0.313151,"t_starttransfer":0.680443,"t_total":35.546801}
  http2 run1 rc=0 {"http_version":"2","code":200,"size":5242880,"speed_bps":215750,"t_connect":0.176945,"t_appconnect":0.382791,"t_starttransfer":0.618857,"t_total":24.300610}
  http2 run2 rc=0 {"http_version":"2","code":200,"size":5242880,"speed_bps":160252,"t_connect":0.163512,"t_appconnect":0.319265,"t_starttransfer":0.542930,"t_total":32.716328}
  http2 run3 rc=0 {"http_version":"2","code":200,"size":5242880,"speed_bps":186448,"t_connect":0.194285,"t_appconnect":0.395641,"t_starttransfer":0.603618,"t_total":28.119655}
  http3-only run1 rc=0 {"http_version":"3","code":200,"size":5242880,"speed_bps":192898,"t_connect":0.002631,"t_appconnect":0.167255,"t_starttransfer":0.353132,"t_total":27.179439}
  http3-only run2 rc=0 {"http_version":"3","code":200,"size":5242880,"speed_bps":89202,"t_connect":0.002656,"t_appconnect":0.143901,"t_starttransfer":0.316604,"t_total":58.775218}
  http3-only run3 rc=0 {"http_version":"3","code":200,"size":5242880,"speed_bps":93484,"t_connect":0.002843,"t_appconnect":0.179380,"t_starttransfer":0.378216,"t_total":56.082771}

### netem 撤去後: qdisc noqueue 0: root refcnt 2 
[done] /home/ubuntu/results-011-buf4m/crossover-T1c.jsonl
