measured-at: 2026-08-13T13:50:49Z
host: multipass Ubuntu 26.04 LTS / kernel 7.0.0-28-generic / 4 vCPU
client: curl 8.18.0 (aarch64-unknown-linux-gnu) libcurl/8.18.0 OpenSSL/3.5.5 zlib/1.3.1 libpsl/0.21.2 nghttp2/1.68.0 ngtcp2/1.16.0 nghttp3/1.12.0
server: nginx version: nginx/1.28.3 (Ubuntu)
note: M3（手動・CI 対象外）。RTT は設定値でなく実効値を記録する
label: T1b

### 条件: rate=10mbit rtt設定=20ms loss=1% object=5m.bin limit=2000pkt
qdisc(veth-h): qdisc netem 8001: root refcnt 5 limit 2000 delay 10ms seed 85933480780363659
qdisc(veth-s): qdisc netem 8002: root refcnt 5 limit 2000 delay 10ms loss 1% rate 10Mbit seed 3202984745302069933
実効RTT(TCPハンドシェイク 15回・ms): {"n":15,"min":20.15,"median":26.99,"p90":47.41,"max":48.77}
  http1.1 run1 rc=0 {"http_version":"1.1","code":200,"size":5242880,"speed_bps":574607,"t_connect":0.020127,"t_appconnect":0.063680,"t_starttransfer":0.163696,"t_total":9.124278}
  http1.1 run2 rc=0 {"http_version":"1.1","code":200,"size":5242880,"speed_bps":305246,"t_connect":0.020198,"t_appconnect":0.088971,"t_starttransfer":0.183830,"t_total":17.175915}
  http1.1 run3 rc=0 {"http_version":"1.1","code":200,"size":5242880,"speed_bps":481947,"t_connect":0.032269,"t_appconnect":0.097844,"t_starttransfer":0.175851,"t_total":10.878532}
  http2 run1 rc=0 {"http_version":"2","code":200,"size":5242880,"speed_bps":325868,"t_connect":0.038466,"t_appconnect":0.085662,"t_starttransfer":0.146911,"t_total":16.088952}
  http2 run2 rc=0 {"http_version":"2","code":200,"size":5242880,"speed_bps":885485,"t_connect":0.020225,"t_appconnect":0.086344,"t_starttransfer":0.142385,"t_total":5.920910}
  http2 run3 rc=0 {"http_version":"2","code":200,"size":5242880,"speed_bps":857719,"t_connect":0.020319,"t_appconnect":0.088743,"t_starttransfer":0.151005,"t_total":6.112580}
  http3-only run1 rc=0 {"http_version":"3","code":200,"size":5242880,"speed_bps":265408,"t_connect":0.002773,"t_appconnect":0.036842,"t_starttransfer":0.089993,"t_total":19.753982}
  http3-only run2 rc=0 {"http_version":"3","code":200,"size":5242880,"speed_bps":447546,"t_connect":0.002606,"t_appconnect":0.025984,"t_starttransfer":0.083777,"t_total":11.714710}
  http3-only run3 rc=0 {"http_version":"3","code":200,"size":5242880,"speed_bps":255133,"t_connect":0.001693,"t_appconnect":0.023762,"t_starttransfer":0.097454,"t_total":20.549590}

### netem 撤去後: qdisc noqueue 0: root refcnt 2 
[done] /home/ubuntu/results-011/crossover-T1b.jsonl
