measured-at: 2026-08-13T16:38:12Z
host: multipass Ubuntu 26.04 LTS / kernel 7.0.0-28-generic / 4 vCPU
client: curl 8.18.0 (aarch64-unknown-linux-gnu) libcurl/8.18.0 OpenSSL/3.5.5 zlib/1.3.1 libpsl/0.21.2 nghttp2/1.68.0 ngtcp2/1.16.0 nghttp3/1.12.0
server: nginx version: nginx/1.28.3 (Ubuntu)
note: M3（手動・CI 対象外）。RTT は設定値でなく実効値を記録する
label: T4

### 条件: 無整形 / object=100m.bin
qdisc(veth-h): qdisc noqueue 0: root refcnt 2 
qdisc(veth-s): qdisc noqueue 0: root refcnt 2 
実効RTT(TCPハンドシェイク 15回・ms): {"n":15,"min":0.03,"median":0.04,"p90":0.04,"max":0.07}
  http1.1 run1 rc=0 {"http_version":"1.1","code":200,"size":104857600,"speed_bps":1861553756,"t_connect":0.000042,"t_appconnect":0.001455,"t_starttransfer":0.001771,"t_total":0.056328}
  http1.1 run2 rc=0 {"http_version":"1.1","code":200,"size":104857600,"speed_bps":2155169153,"t_connect":0.000054,"t_appconnect":0.001525,"t_starttransfer":0.001616,"t_total":0.048654}
  http1.1 run3 rc=0 {"http_version":"1.1","code":200,"size":104857600,"speed_bps":2164288220,"t_connect":0.000043,"t_appconnect":0.001567,"t_starttransfer":0.001696,"t_total":0.048449}
  http2 run1 rc=0 {"http_version":"2","code":200,"size":104857600,"speed_bps":2316680659,"t_connect":0.000046,"t_appconnect":0.001414,"t_starttransfer":0.001484,"t_total":0.045262}
  http2 run2 rc=0 {"http_version":"2","code":200,"size":104857600,"speed_bps":2325208444,"t_connect":0.000045,"t_appconnect":0.001474,"t_starttransfer":0.001570,"t_total":0.045096}
  http2 run3 rc=0 {"http_version":"2","code":200,"size":104857600,"speed_bps":2241552833,"t_connect":0.000059,"t_appconnect":0.001556,"t_starttransfer":0.001625,"t_total":0.046779}
  http3-only run1 rc=0 {"http_version":"3","code":200,"size":104857600,"speed_bps":617139763,"t_connect":0.000763,"t_appconnect":0.001679,"t_starttransfer":0.002734,"t_total":0.169909}
  http3-only run2 rc=0 {"http_version":"3","code":200,"size":104857600,"speed_bps":617543198,"t_connect":0.000676,"t_appconnect":0.001575,"t_starttransfer":0.002381,"t_total":0.169798}
  http3-only run3 rc=0 {"http_version":"3","code":200,"size":104857600,"speed_bps":605623195,"t_connect":0.000735,"t_appconnect":0.001632,"t_starttransfer":0.002224,"t_total":0.173140}

### netem 撤去後: qdisc noqueue 0: root refcnt 2 
[done] /home/ubuntu/results-011-offload/crossover-T4-offload-on.jsonl
