measured-at: 2026-08-13T14:29:20Z
host: multipass Ubuntu 26.04 LTS / kernel 7.0.0-28-generic / 4 vCPU
client: curl 8.18.0 (aarch64-unknown-linux-gnu) libcurl/8.18.0 OpenSSL/3.5.5 zlib/1.3.1 libpsl/0.21.2 nghttp2/1.68.0 ngtcp2/1.16.0 nghttp3/1.12.0
server: nginx version: nginx/1.28.3 (Ubuntu)
note: M3（手動・CI 対象外）。RTT は設定値でなく実効値を記録する
label: T3c

### 条件: rate=1gbit rtt設定=50ms loss=0.1% object=20m.bin limit=12500pkt
qdisc(veth-h): qdisc netem 800f: root refcnt 5 limit 12500 delay 25ms seed 15840232648155021745
qdisc(veth-s): qdisc netem 8010: root refcnt 5 limit 12500 delay 25ms loss 0.1% rate 1Gbit seed 17692335230167804893
実効RTT(TCPハンドシェイク 15回・ms): {"n":15,"min":50.14,"median":89.30,"p90":128.42,"max":148.96}
  http1.1 run1 rc=0 {"http_version":"1.1","code":200,"size":20971520,"speed_bps":1563955,"t_connect":0.089515,"t_appconnect":0.220809,"t_starttransfer":0.554205,"t_total":13.409279}
  http1.1 run2 rc=0 {"http_version":"1.1","code":200,"size":20971520,"speed_bps":657163,"t_connect":0.154784,"t_appconnect":0.305166,"t_starttransfer":0.643102,"t_total":31.912179}
  http1.1 run3 rc=0 {"http_version":"1.1","code":200,"size":20971520,"speed_bps":1650792,"t_connect":0.139668,"t_appconnect":0.241780,"t_starttransfer":0.599948,"t_total":12.703914}
  http2 run1 rc=0 {"http_version":"2","code":200,"size":20971520,"speed_bps":1436013,"t_connect":0.062501,"t_appconnect":0.135130,"t_starttransfer":0.321220,"t_total":14.603981}
  http2 run2 rc=0 {"http_version":"2","code":200,"size":20971520,"speed_bps":647616,"t_connect":0.066896,"t_appconnect":0.211127,"t_starttransfer":0.390755,"t_total":32.382635}
  http2 run3 rc=0 {"http_version":"2","code":200,"size":20971520,"speed_bps":1349150,"t_connect":0.078637,"t_appconnect":0.209921,"t_starttransfer":0.406610,"t_total":15.544239}
  http3-only run1 rc=0 {"http_version":"3","code":200,"size":20971520,"speed_bps":241562,"t_connect":0.002649,"t_appconnect":0.083266,"t_starttransfer":0.165310,"t_total":86.816197}
  http3-only run2 rc=28 {"http_version":"-","code":0,"size":0,"speed_bps":0,"t_connect":0,"t_appconnect":0,"t_starttransfer":0,"t_total":0}
  http3-only run3 rc=0 {"http_version":"3","code":200,"size":20971520,"speed_bps":314307,"t_connect":0.002892,"t_appconnect":0.109833,"t_starttransfer":0.245299,"t_total":66.723035}

### netem 撤去後: qdisc noqueue 0: root refcnt 2 
[done] /home/ubuntu/results-011/crossover-T3c.jsonl
