measured-at: 2026-08-13T12:21:25Z
host: multipass Ubuntu 26.04 LTS / kernel 7.0.0-28-generic / 4 vCPU
client: curl 8.18.0 (aarch64-unknown-linux-gnu) libcurl/8.18.0 OpenSSL/3.5.5 zlib/1.3.1 libpsl/0.21.2 nghttp2/1.68.0 ngtcp2/1.16.0 nghttp3/1.12.0
server: nginx version: nginx/1.28.3 (Ubuntu)
note: M3（手動・CI 対象外）。RTT は設定値でなく実効値を記録する
label: W1

### 条件: rate=10mbit rtt設定=100ms loss=0% object=5m.bin limit=2000pkt
qdisc(veth-h): qdisc netem 8005: root refcnt 5 limit 2000 delay 50ms seed 4798398691690223976
qdisc(veth-s): qdisc netem 8006: root refcnt 5 limit 2000 delay 50ms rate 10Mbit seed 18121849759084970670
実効RTT(TCPハンドシェイク 15回・ms): {"n":15,"min":130.44,"median":291.83,"p90":331.02,"max":359.23}
  http1.1 run1 rc=0 {"http_version":"1.1","code":200,"size":5242880,"speed_bps":642453,"t_connect":0.352916,"t_appconnect":0.744738,"t_starttransfer":1.318438,"t_total":8.160711}
  http1.1 run2 rc=0 {"http_version":"1.1","code":200,"size":5242880,"speed_bps":725775,"t_connect":0.191314,"t_appconnect":0.561164,"t_starttransfer":1.092242,"t_total":7.223831}
  http1.1 run3 rc=0 {"http_version":"1.1","code":200,"size":5242880,"speed_bps":734792,"t_connect":0.312561,"t_appconnect":0.596739,"t_starttransfer":1.184797,"t_total":7.135182}
  http2 run1 rc=0 {"http_version":"2","code":200,"size":5242880,"speed_bps":553758,"t_connect":0.247545,"t_appconnect":0.559951,"t_starttransfer":0.876971,"t_total":9.467810}
  http2 run2 rc=0 {"http_version":"2","code":200,"size":5242880,"speed_bps":770780,"t_connect":0.134310,"t_appconnect":0.450564,"t_starttransfer":0.807858,"t_total":6.802040}
  http2 run3 rc=0 {"http_version":"2","code":200,"size":5242880,"speed_bps":521336,"t_connect":0.165022,"t_appconnect":0.547527,"t_starttransfer":0.764456,"t_total":10.056623}
  http3-only run1 rc=0 {"http_version":"3","code":200,"size":5242880,"speed_bps":211644,"t_connect":0.003198,"t_appconnect":0.204084,"t_starttransfer":0.458748,"t_total":24.772085}
  http3-only run2 rc=0 {"http_version":"3","code":200,"size":5242880,"speed_bps":218370,"t_connect":0.003727,"t_appconnect":0.311937,"t_starttransfer":0.656901,"t_total":24.009151}
  http3-only run3 rc=0 {"http_version":"3","code":200,"size":5242880,"speed_bps":207691,"t_connect":0.003397,"t_appconnect":0.335565,"t_starttransfer":0.673186,"t_total":25.243555}

### netem 撤去後: qdisc noqueue 0: root refcnt 2 
[done] /home/ubuntu/results-011/crossover-W1.jsonl
