measured-at: 2026-08-13T12:30:39Z
host: multipass Ubuntu 26.04 LTS / kernel 7.0.0-28-generic / 4 vCPU
client: curl 8.18.0 (aarch64-unknown-linux-gnu) libcurl/8.18.0 OpenSSL/3.5.5 zlib/1.3.1 libpsl/0.21.2 nghttp2/1.68.0 ngtcp2/1.16.0 nghttp3/1.12.0
server: nginx version: nginx/1.28.3 (Ubuntu)
note: M3（手動・CI 対象外）。RTT は設定値でなく実効値を記録する
label: T2a

### 条件: rate=100mbit rtt設定=20ms loss=0% object=20m.bin limit=2000pkt
qdisc(veth-h): qdisc netem 800d: root refcnt 5 limit 2000 delay 10ms seed 8137232292412439146
qdisc(veth-s): qdisc netem 800e: root refcnt 5 limit 2000 delay 10ms rate 100Mbit seed 13848450847808622091
実効RTT(TCPハンドシェイク 15回・ms): {"n":15,"min":20.14,"median":23.58,"p90":39.94,"max":44.28}
  http1.1 run1 rc=0 {"http_version":"1.1","code":200,"size":20971520,"speed_bps":9325524,"t_connect":0.025560,"t_appconnect":0.067900,"t_starttransfer":0.182953,"t_total":2.248830}
  http1.1 run2 rc=0 {"http_version":"1.1","code":200,"size":20971520,"speed_bps":8636634,"t_connect":0.020104,"t_appconnect":0.041906,"t_starttransfer":0.172020,"t_total":2.428205}
  http1.1 run3 rc=0 {"http_version":"1.1","code":200,"size":20971520,"speed_bps":8881021,"t_connect":0.022507,"t_appconnect":0.114298,"t_starttransfer":0.252174,"t_total":2.361386}
  http2 run1 rc=0 {"http_version":"2","code":200,"size":20971520,"speed_bps":9005881,"t_connect":0.020112,"t_appconnect":0.066059,"t_starttransfer":0.119993,"t_total":2.328647}
  http2 run2 rc=0 {"http_version":"2","code":200,"size":20971520,"speed_bps":7077649,"t_connect":0.020087,"t_appconnect":0.073826,"t_starttransfer":0.105202,"t_total":2.963063}
  http2 run3 rc=0 {"http_version":"2","code":200,"size":20971520,"speed_bps":6729574,"t_connect":0.020095,"t_appconnect":0.085861,"t_starttransfer":0.164520,"t_total":3.116322}
  http3-only run1 rc=0 {"http_version":"3","code":200,"size":20971520,"speed_bps":9677593,"t_connect":0.001687,"t_appconnect":0.026471,"t_starttransfer":0.068614,"t_total":2.167018}
  http3-only run2 rc=0 {"http_version":"3","code":200,"size":20971520,"speed_bps":4037763,"t_connect":0.001658,"t_appconnect":0.021848,"t_starttransfer":0.079675,"t_total":5.193845}
  http3-only run3 rc=0 {"http_version":"3","code":200,"size":20971520,"speed_bps":2577816,"t_connect":0.001662,"t_appconnect":0.036465,"t_starttransfer":0.078263,"t_total":8.135381}

### 条件: rate=100mbit rtt設定=100ms loss=0% object=20m.bin limit=2500pkt
qdisc(veth-h): qdisc netem 800f: root refcnt 5 limit 2500 delay 50ms seed 7519278218170182018
qdisc(veth-s): qdisc netem 8010: root refcnt 5 limit 2500 delay 50ms rate 100Mbit seed 15552599206450923649
実効RTT(TCPハンドシェイク 15回・ms): {"n":15,"min":121.24,"median":152.51,"p90":210.86,"max":211.12}
  http1.1 run1 rc=0 {"http_version":"1.1","code":200,"size":20971520,"speed_bps":2441773,"t_connect":0.158667,"t_appconnect":0.311005,"t_starttransfer":0.764123,"t_total":8.588642}
  http1.1 run2 rc=0 {"http_version":"1.1","code":200,"size":20971520,"speed_bps":2347358,"t_connect":0.145710,"t_appconnect":0.363885,"t_starttransfer":0.752535,"t_total":8.934092}
  http1.1 run3 rc=0 {"http_version":"1.1","code":200,"size":20971520,"speed_bps":2449644,"t_connect":0.130933,"t_appconnect":0.369489,"t_starttransfer":0.696718,"t_total":8.561046}
  http2 run1 rc=0 {"http_version":"2","code":200,"size":20971520,"speed_bps":1650758,"t_connect":0.121731,"t_appconnect":0.235869,"t_starttransfer":0.394884,"t_total":12.704173}
  http2 run2 rc=0 {"http_version":"2","code":200,"size":20971520,"speed_bps":1662698,"t_connect":0.161592,"t_appconnect":0.394549,"t_starttransfer":0.576491,"t_total":12.612939}
  http2 run3 rc=0 {"http_version":"2","code":200,"size":20971520,"speed_bps":2563708,"t_connect":0.160429,"t_appconnect":0.370450,"t_starttransfer":0.577693,"t_total":8.180150}
  http3-only run1 rc=0 {"http_version":"3","code":200,"size":20971520,"speed_bps":434712,"t_connect":0.001659,"t_appconnect":0.141658,"t_starttransfer":0.290803,"t_total":48.242287}
  http3-only run2 rc=0 {"http_version":"3","code":200,"size":20971520,"speed_bps":259497,"t_connect":0.003804,"t_appconnect":0.212832,"t_starttransfer":0.391329,"t_total":80.815776}
  http3-only run3 rc=0 {"http_version":"3","code":200,"size":20971520,"speed_bps":248818,"t_connect":0.002472,"t_appconnect":0.283868,"t_starttransfer":0.532746,"t_total":84.284554}

### netem 撤去後: qdisc noqueue 0: root refcnt 2 
[done] /home/ubuntu/results-011-buf4m/crossover-T2a.jsonl
