measured-at: 2026-08-13T16:09:27Z
host: multipass Ubuntu 26.04 LTS / kernel 7.0.0-28-generic / 4 vCPU
client: curl 8.18.0 (aarch64-unknown-linux-gnu) libcurl/8.18.0 OpenSSL/3.5.5 zlib/1.3.1 libpsl/0.21.2 nghttp2/1.68.0 ngtcp2/1.16.0 nghttp3/1.12.0
server: nginx version: nginx/1.28.3 (Ubuntu)
note: M3（手動・CI 対象外）。RTT は設定値でなく実効値を記録する
label: W2

### 条件: rate=100mbit rtt設定=100ms loss=0% object=20m.bin limit=2500pkt
qdisc(veth-h): qdisc netem 8035: root refcnt 5 limit 2500 delay 50ms seed 17970532966568162433
qdisc(veth-s): qdisc netem 8036: root refcnt 5 limit 2500 delay 50ms rate 100Mbit seed 5370019032263561016
実効RTT(TCPハンドシェイク 15回・ms): {"n":15,"min":107.56,"median":241.10,"p90":356.34,"max":378.85}
  http1.1 run1 rc=0 {"http_version":"1.1","code":200,"size":20971520,"speed_bps":1662586,"t_connect":0.207376,"t_appconnect":0.607996,"t_starttransfer":1.186626,"t_total":12.613790}
  http1.1 run2 rc=0 {"http_version":"1.1","code":200,"size":20971520,"speed_bps":1412142,"t_connect":0.235126,"t_appconnect":0.477587,"t_starttransfer":1.148900,"t_total":14.850853}
  http1.1 run3 rc=0 {"http_version":"1.1","code":200,"size":20971520,"speed_bps":1594225,"t_connect":0.194174,"t_appconnect":0.509150,"t_starttransfer":1.084602,"t_total":13.154678}
  http2 run1 rc=0 {"http_version":"2","code":200,"size":20971520,"speed_bps":1528508,"t_connect":0.336402,"t_appconnect":0.714207,"t_starttransfer":1.064342,"t_total":13.720255}
  http2 run2 rc=0 {"http_version":"2","code":200,"size":20971520,"speed_bps":1358147,"t_connect":0.192817,"t_appconnect":0.510079,"t_starttransfer":0.838194,"t_total":15.441264}
  http2 run3 rc=0 {"http_version":"2","code":200,"size":20971520,"speed_bps":1450286,"t_connect":0.217440,"t_appconnect":0.611095,"t_starttransfer":0.953323,"t_total":14.460257}
  http3-only run1 rc=0 {"http_version":"3","code":200,"size":20971520,"speed_bps":246482,"t_connect":0.001686,"t_appconnect":0.138636,"t_starttransfer":0.388498,"t_total":85.083097}
  http3-only run2 rc=0 {"http_version":"3","code":200,"size":20971520,"speed_bps":243711,"t_connect":0.002692,"t_appconnect":0.371278,"t_starttransfer":0.734927,"t_total":86.050630}
  http3-only run3 rc=0 {"http_version":"3","code":200,"size":20971520,"speed_bps":247403,"t_connect":0.002708,"t_appconnect":0.358202,"t_starttransfer":0.631300,"t_total":84.766476}

### netem 撤去後: qdisc noqueue 0: root refcnt 2 
[done] /home/ubuntu/results-011-bufsweep/crossover-W2-buf4m.jsonl
