measured-at: 2026-08-13T12:28:44Z
host: multipass Ubuntu 26.04 LTS / kernel 7.0.0-28-generic / 4 vCPU
client: curl 8.18.0 (aarch64-unknown-linux-gnu) libcurl/8.18.0 OpenSSL/3.5.5 zlib/1.3.1 libpsl/0.21.2 nghttp2/1.68.0 ngtcp2/1.16.0 nghttp3/1.12.0
server: nginx version: nginx/1.28.3 (Ubuntu)
note: M3（手動・CI 対象外）。RTT は設定値でなく実効値を記録する
label: T1a

### 条件: rate=10mbit rtt設定=20ms loss=0% object=5m.bin limit=2000pkt
qdisc(veth-h): qdisc netem 8009: root refcnt 5 limit 2000 delay 10ms seed 4691822371450921340
qdisc(veth-s): qdisc netem 800a: root refcnt 5 limit 2000 delay 10ms rate 10Mbit seed 8420705942530844738
実効RTT(TCPハンドシェイク 15回・ms): {"n":15,"min":20.16,"median":21.31,"p90":40.19,"max":42.87}
  http1.1 run1 rc=0 {"http_version":"1.1","code":200,"size":5242880,"speed_bps":1145100,"t_connect":0.020181,"t_appconnect":0.078879,"t_starttransfer":0.197714,"t_total":4.578534}
  http1.1 run2 rc=0 {"http_version":"1.1","code":200,"size":5242880,"speed_bps":1142722,"t_connect":0.020183,"t_appconnect":0.053590,"t_starttransfer":0.165476,"t_total":4.588062}
  http1.1 run3 rc=0 {"http_version":"1.1","code":200,"size":5242880,"speed_bps":1138929,"t_connect":0.020179,"t_appconnect":0.057929,"t_starttransfer":0.144582,"t_total":4.603342}
  http2 run1 rc=0 {"http_version":"2","code":200,"size":5242880,"speed_bps":1131146,"t_connect":0.030025,"t_appconnect":0.080693,"t_starttransfer":0.131093,"t_total":4.635014}
  http2 run2 rc=0 {"http_version":"2","code":200,"size":5242880,"speed_bps":1122843,"t_connect":0.027012,"t_appconnect":0.113718,"t_starttransfer":0.171120,"t_total":4.669290}
  http2 run3 rc=0 {"http_version":"2","code":200,"size":5242880,"speed_bps":1106335,"t_connect":0.030355,"t_appconnect":0.091480,"t_starttransfer":0.180249,"t_total":4.738961}
  http3-only run1 rc=0 {"http_version":"3","code":200,"size":5242880,"speed_bps":1129370,"t_connect":0.002818,"t_appconnect":0.034059,"t_starttransfer":0.078510,"t_total":4.642302}
  http3-only run2 rc=0 {"http_version":"3","code":200,"size":5242880,"speed_bps":1133050,"t_connect":0.001665,"t_appconnect":0.023716,"t_starttransfer":0.072904,"t_total":4.627224}
  http3-only run3 rc=0 {"http_version":"3","code":200,"size":5242880,"speed_bps":1141149,"t_connect":0.001721,"t_appconnect":0.023805,"t_starttransfer":0.059322,"t_total":4.594386}

### 条件: rate=10mbit rtt設定=100ms loss=0% object=5m.bin limit=2000pkt
qdisc(veth-h): qdisc netem 800b: root refcnt 5 limit 2000 delay 50ms seed 16736809296991180422
qdisc(veth-s): qdisc netem 800c: root refcnt 5 limit 2000 delay 50ms rate 10Mbit seed 4731032884236130882
実効RTT(TCPハンドシェイク 15回・ms): {"n":15,"min":114.27,"median":174.40,"p90":207.66,"max":232.90}
  http1.1 run1 rc=0 {"http_version":"1.1","code":200,"size":5242880,"speed_bps":926899,"t_connect":0.153346,"t_appconnect":0.354849,"t_starttransfer":0.663419,"t_total":5.656366}
  http1.1 run2 rc=0 {"http_version":"1.1","code":200,"size":5242880,"speed_bps":888006,"t_connect":0.116040,"t_appconnect":0.274801,"t_starttransfer":0.700500,"t_total":5.904103}
  http1.1 run3 rc=0 {"http_version":"1.1","code":200,"size":5242880,"speed_bps":954383,"t_connect":0.216560,"t_appconnect":0.460563,"t_starttransfer":0.843622,"t_total":5.493472}
  http2 run1 rc=0 {"http_version":"2","code":200,"size":5242880,"speed_bps":777422,"t_connect":0.118499,"t_appconnect":0.301142,"t_starttransfer":0.519525,"t_total":6.743930}
  http2 run2 rc=0 {"http_version":"2","code":200,"size":5242880,"speed_bps":898410,"t_connect":0.155156,"t_appconnect":0.287510,"t_starttransfer":0.510121,"t_total":5.835729}
  http2 run3 rc=0 {"http_version":"2","code":200,"size":5242880,"speed_bps":923486,"t_connect":0.140364,"t_appconnect":0.372207,"t_starttransfer":0.593566,"t_total":5.677270}
  http3-only run1 rc=0 {"http_version":"3","code":200,"size":5242880,"speed_bps":976213,"t_connect":0.002773,"t_appconnect":0.138591,"t_starttransfer":0.339490,"t_total":5.370629}
  http3-only run2 rc=0 {"http_version":"3","code":200,"size":5242880,"speed_bps":991335,"t_connect":0.001759,"t_appconnect":0.110474,"t_starttransfer":0.260154,"t_total":5.288702}
  http3-only run3 rc=0 {"http_version":"3","code":200,"size":5242880,"speed_bps":995151,"t_connect":0.001722,"t_appconnect":0.119131,"t_starttransfer":0.277491,"t_total":5.268425}

### netem 撤去後: qdisc noqueue 0: root refcnt 2 
[done] /home/ubuntu/results-011-buf4m/crossover-T1a.jsonl
