measured-at: 2026-08-13T14:35:48Z
host: multipass Ubuntu 26.04 LTS / kernel 7.0.0-28-generic / 4 vCPU
client: curl 8.18.0 (aarch64-unknown-linux-gnu) libcurl/8.18.0 OpenSSL/3.5.5 zlib/1.3.1 libpsl/0.21.2 nghttp2/1.68.0 ngtcp2/1.16.0 nghttp3/1.12.0
server: nginx version: nginx/1.28.3 (Ubuntu)
note: M3（手動・CI 対象外）。RTT は設定値でなく実効値を記録する
label: L2

### 条件: rate=100mbit rtt設定=20ms loss=0.1% object=20m.bin limit=2000pkt
qdisc(veth-h): qdisc netem 8011: root refcnt 5 limit 2000 delay 10ms seed 8663470587595542192
qdisc(veth-s): qdisc netem 8012: root refcnt 5 limit 2000 delay 10ms loss 0.1% rate 100Mbit seed 7071880485601075064
実効RTT(TCPハンドシェイク 15回・ms): {"n":15,"min":20.10,"median":20.27,"p90":35.39,"max":59.46}
  http1.1 run1 rc=0 {"http_version":"1.1","code":200,"size":20971520,"speed_bps":6548696,"t_connect":0.031676,"t_appconnect":0.090902,"t_starttransfer":0.232769,"t_total":3.202396}
  http1.1 run2 rc=0 {"http_version":"1.1","code":200,"size":20971520,"speed_bps":6778475,"t_connect":0.040573,"t_appconnect":0.122257,"t_starttransfer":0.228877,"t_total":3.093840}
  http1.1 run3 rc=0 {"http_version":"1.1","code":200,"size":20971520,"speed_bps":1434089,"t_connect":0.020075,"t_appconnect":0.051585,"t_starttransfer":0.172591,"t_total":14.623582}
  http2 run1 rc=0 {"http_version":"2","code":200,"size":20971520,"speed_bps":1801309,"t_connect":0.023562,"t_appconnect":0.070421,"t_starttransfer":0.151874,"t_total":11.642372}
  http2 run2 rc=0 {"http_version":"2","code":200,"size":20971520,"speed_bps":2123706,"t_connect":0.020163,"t_appconnect":0.055170,"t_starttransfer":0.123054,"t_total":9.874963}
  http2 run3 rc=0 {"http_version":"2","code":200,"size":20971520,"speed_bps":1157937,"t_connect":0.020132,"t_appconnect":0.071733,"t_starttransfer":0.123945,"t_total":18.111100}
  http3-only run1 rc=0 {"http_version":"3","code":200,"size":20971520,"speed_bps":441082,"t_connect":0.002600,"t_appconnect":0.023028,"t_starttransfer":0.060112,"t_total":47.545583}
  http3-only run2 rc=0 {"http_version":"3","code":200,"size":20971520,"speed_bps":331798,"t_connect":0.002822,"t_appconnect":0.023924,"t_starttransfer":0.099076,"t_total":63.205573}
  http3-only run3 rc=0 {"http_version":"3","code":200,"size":20971520,"speed_bps":300110,"t_connect":0.002850,"t_appconnect":0.023410,"t_starttransfer":0.052029,"t_total":69.879308}

### 条件: rate=100mbit rtt設定=20ms loss=0.5% object=20m.bin limit=2000pkt
qdisc(veth-h): qdisc netem 8013: root refcnt 5 limit 2000 delay 10ms seed 2777834588993030060
qdisc(veth-s): qdisc netem 8014: root refcnt 5 limit 2000 delay 10ms loss 0.5% rate 100Mbit seed 1562572915906046503
実効RTT(TCPハンドシェイク 15回・ms): {"n":15,"min":20.17,"median":32.48,"p90":98.98,"max":106.81}
  http1.1 run1 rc=0 {"http_version":"1.1","code":200,"size":20971520,"speed_bps":347021,"t_connect":0.068979,"t_appconnect":0.209205,"t_starttransfer":0.457794,"t_total":60.432981}
  http1.1 run2 rc=0 {"http_version":"1.1","code":200,"size":20971520,"speed_bps":502354,"t_connect":0.020151,"t_appconnect":0.073756,"t_starttransfer":0.205773,"t_total":41.746463}
  http1.1 run3 rc=0 {"http_version":"1.1","code":200,"size":20971520,"speed_bps":554590,"t_connect":0.034582,"t_appconnect":0.086146,"t_starttransfer":0.220785,"t_total":37.814414}
  http2 run1 rc=0 {"http_version":"2","code":200,"size":20971520,"speed_bps":664092,"t_connect":0.037958,"t_appconnect":0.110342,"t_starttransfer":0.188693,"t_total":31.579214}
  http2 run2 rc=0 {"http_version":"2","code":200,"size":20971520,"speed_bps":489473,"t_connect":0.020155,"t_appconnect":0.081213,"t_starttransfer":0.145836,"t_total":42.845027}
  http2 run3 rc=0 {"http_version":"2","code":200,"size":20971520,"speed_bps":954753,"t_connect":0.020136,"t_appconnect":0.092284,"t_starttransfer":0.145019,"t_total":21.965379}
  http3-only run1 rc=0 {"http_version":"3","code":200,"size":20971520,"speed_bps":274235,"t_connect":0.002634,"t_appconnect":0.023701,"t_starttransfer":0.101965,"t_total":76.472630}
  http3-only run2 rc=0 {"http_version":"3","code":200,"size":20971520,"speed_bps":247854,"t_connect":0.002834,"t_appconnect":0.029041,"t_starttransfer":0.072804,"t_total":84.612290}
  http3-only run3 rc=0 {"http_version":"3","code":200,"size":20971520,"speed_bps":243875,"t_connect":0.003008,"t_appconnect":0.024230,"t_starttransfer":0.077114,"t_total":85.992689}

### netem 撤去後: qdisc noqueue 0: root refcnt 2 
[done] /home/ubuntu/results-011/crossover-L2.jsonl
