measured-at: 2026-08-13T14:02:45Z
host: multipass Ubuntu 26.04 LTS / kernel 7.0.0-28-generic / 4 vCPU
client: curl 8.18.0 (aarch64-unknown-linux-gnu) libcurl/8.18.0 OpenSSL/3.5.5 zlib/1.3.1 libpsl/0.21.2 nghttp2/1.68.0 ngtcp2/1.16.0 nghttp3/1.12.0
server: nginx version: nginx/1.28.3 (Ubuntu)
note: M3（手動・CI 対象外）。RTT は設定値でなく実効値を記録する
label: T2b

### 条件: rate=100mbit rtt設定=20ms loss=1% object=20m.bin limit=2000pkt
qdisc(veth-h): qdisc netem 8005: root refcnt 5 limit 2000 delay 10ms seed 4108855645600681820
qdisc(veth-s): qdisc netem 8006: root refcnt 5 limit 2000 delay 10ms loss 1% rate 100Mbit seed 13587340446314897971
実効RTT(TCPハンドシェイク 15回・ms): {"n":15,"min":20.09,"median":20.97,"p90":45.71,"max":61.84}
  http1.1 run1 rc=0 {"http_version":"1.1","code":200,"size":20971520,"speed_bps":304503,"t_connect":0.054010,"t_appconnect":0.112436,"t_starttransfer":0.221723,"t_total":68.871120}
  http1.1 run2 rc=0 {"http_version":"1.1","code":200,"size":20971520,"speed_bps":333947,"t_connect":0.021376,"t_appconnect":0.090316,"t_starttransfer":0.327040,"t_total":62.798820}
  http1.1 run3 rc=0 {"http_version":"1.1","code":200,"size":20971520,"speed_bps":361533,"t_connect":0.020638,"t_appconnect":0.047289,"t_starttransfer":0.118399,"t_total":58.007166}
  http2 run1 rc=0 {"http_version":"2","code":200,"size":20971520,"speed_bps":345756,"t_connect":1.074759,"t_appconnect":1.214547,"t_starttransfer":1.344118,"t_total":60.653938}
  http2 run2 rc=0 {"http_version":"2","code":200,"size":20971520,"speed_bps":326315,"t_connect":0.020148,"t_appconnect":0.072652,"t_starttransfer":0.159187,"t_total":64.267707}
  http2 run3 rc=0 {"http_version":"2","code":200,"size":20971520,"speed_bps":406773,"t_connect":0.020190,"t_appconnect":0.086189,"t_starttransfer":0.126585,"t_total":51.555726}
  http3-only run1 rc=28 {"http_version":"-","code":0,"size":0,"speed_bps":0,"t_connect":0,"t_appconnect":0,"t_starttransfer":0,"t_total":0}
  http3-only run2 rc=28 {"http_version":"-","code":0,"size":0,"speed_bps":0,"t_connect":0,"t_appconnect":0,"t_starttransfer":0,"t_total":0}
  http3-only run3 rc=28 {"http_version":"-","code":0,"size":0,"speed_bps":0,"t_connect":0,"t_appconnect":0,"t_starttransfer":0,"t_total":0}

### netem 撤去後: qdisc noqueue 0: root refcnt 2 
[done] /home/ubuntu/results-011/crossover-T2b.jsonl
