measured-at: 2026-08-13T16:22:17Z
host: multipass Ubuntu 26.04 LTS / kernel 7.0.0-28-generic / 4 vCPU
client: curl 8.18.0 (aarch64-unknown-linux-gnu) libcurl/8.18.0 OpenSSL/3.5.5 zlib/1.3.1 libpsl/0.21.2 nghttp2/1.68.0 ngtcp2/1.16.0 nghttp3/1.12.0
server: nginx version: nginx/1.28.3 (Ubuntu)
note: M3（手動・CI 対象外）。RTT は設定値でなく実効値を記録する
label: W2

### 条件: rate=100mbit rtt設定=100ms loss=0% object=20m.bin limit=2500pkt
qdisc(veth-h): qdisc netem 8039: root refcnt 5 limit 2500 delay 50ms seed 2116757282927991288
qdisc(veth-s): qdisc netem 803a: root refcnt 5 limit 2500 delay 50ms rate 100Mbit seed 5449485158540945655
実効RTT(TCPハンドシェイク 15回・ms): {"n":15,"min":195.05,"median":307.75,"p90":363.28,"max":365.12}
  http1.1 run1 rc=0 {"http_version":"1.1","code":200,"size":20971520,"speed_bps":1363920,"t_connect":0.324431,"t_appconnect":0.674201,"t_starttransfer":1.372942,"t_total":15.375909}
  http1.1 run2 rc=0 {"http_version":"1.1","code":200,"size":20971520,"speed_bps":1417949,"t_connect":0.256778,"t_appconnect":0.535057,"t_starttransfer":1.261467,"t_total":14.790031}
  http1.1 run3 rc=0 {"http_version":"1.1","code":200,"size":20971520,"speed_bps":1414731,"t_connect":0.219973,"t_appconnect":0.568956,"t_starttransfer":1.296637,"t_total":14.823680}
  http2 run1 rc=0 {"http_version":"2","code":200,"size":20971520,"speed_bps":1428105,"t_connect":0.337918,"t_appconnect":0.637087,"t_starttransfer":0.980105,"t_total":14.684850}
  http2 run2 rc=0 {"http_version":"2","code":200,"size":20971520,"speed_bps":1453260,"t_connect":0.257619,"t_appconnect":0.622038,"t_starttransfer":0.945417,"t_total":14.430667}
  http2 run3 rc=0 {"http_version":"2","code":200,"size":20971520,"speed_bps":1164139,"t_connect":0.212234,"t_appconnect":0.546937,"t_starttransfer":0.878917,"t_total":18.014612}
  http3-only run1 rc=0 {"http_version":"3","code":200,"size":20971520,"speed_bps":271182,"t_connect":0.002457,"t_appconnect":0.283157,"t_starttransfer":0.540397,"t_total":77.333730}
  http3-only run2 rc=0 {"http_version":"3","code":200,"size":20971520,"speed_bps":281529,"t_connect":0.002688,"t_appconnect":0.281450,"t_starttransfer":0.501980,"t_total":74.491425}
  http3-only run3 rc=0 {"http_version":"3","code":200,"size":20971520,"speed_bps":267587,"t_connect":0.002630,"t_appconnect":0.311309,"t_starttransfer":0.600157,"t_total":78.372619}

### netem 撤去後: qdisc noqueue 0: root refcnt 2 
[done] /home/ubuntu/results-011-bufsweep/crossover-W2-buf256k.jsonl
