measured-at: 2026-08-13T14:56:58Z
host: multipass Ubuntu 26.04 LTS / kernel 7.0.0-28-generic / 4 vCPU
client: curl 8.18.0 (aarch64-unknown-linux-gnu) libcurl/8.18.0 OpenSSL/3.5.5 zlib/1.3.1 libpsl/0.21.2 nghttp2/1.68.0 ngtcp2/1.16.0 nghttp3/1.12.0
server: nginx version: nginx/1.28.3 (Ubuntu)
note: M3（手動・CI 対象外）。RTT は設定値でなく実効値を記録する
label: T3d

### 条件: rate=1gbit rtt設定=20ms loss=0% object=20m.bin limit=5000pkt
qdisc(veth-h): qdisc netem 8015: root refcnt 5 limit 5000 delay 10ms seed 9601983890614626882
qdisc(veth-s): qdisc netem 8016: root refcnt 5 limit 5000 delay 10ms rate 1Gbit seed 13646096573417904020
実効RTT(TCPハンドシェイク 15回・ms): {"n":15,"min":20.09,"median":20.20,"p90":50.00,"max":66.55}
  http1.1 run1 rc=0 {"http_version":"1.1","code":200,"size":20971520,"speed_bps":6539521,"t_connect":0.020087,"t_appconnect":0.050242,"t_starttransfer":0.209108,"t_total":3.206889}
  http1.1 run2 rc=0 {"http_version":"1.1","code":200,"size":20971520,"speed_bps":6762641,"t_connect":0.027029,"t_appconnect":0.078194,"t_starttransfer":0.230136,"t_total":3.101084}
  http1.1 run3 rc=0 {"http_version":"1.1","code":200,"size":20971520,"speed_bps":7300403,"t_connect":0.034187,"t_appconnect":0.095889,"t_starttransfer":0.219634,"t_total":2.872652}
  http2 run1 rc=0 {"http_version":"2","code":200,"size":20971520,"speed_bps":6887741,"t_connect":0.027447,"t_appconnect":0.093588,"t_starttransfer":0.176853,"t_total":3.044760}
  http2 run2 rc=0 {"http_version":"2","code":200,"size":20971520,"speed_bps":4964257,"t_connect":0.020166,"t_appconnect":0.083579,"t_starttransfer":0.151410,"t_total":4.224503}
  http2 run3 rc=0 {"http_version":"2","code":200,"size":20971520,"speed_bps":4973588,"t_connect":0.033637,"t_appconnect":0.085940,"t_starttransfer":0.164584,"t_total":4.216577}
  http3-only run1 rc=0 {"http_version":"3","code":200,"size":20971520,"speed_bps":1245209,"t_connect":0.002686,"t_appconnect":0.057337,"t_starttransfer":0.131899,"t_total":16.841757}
  http3-only run2 rc=0 {"http_version":"3","code":200,"size":20971520,"speed_bps":1014062,"t_connect":0.003266,"t_appconnect":0.034997,"t_starttransfer":0.066240,"t_total":20.680695}
  http3-only run3 rc=0 {"http_version":"3","code":200,"size":20971520,"speed_bps":567730,"t_connect":0.002272,"t_appconnect":0.024595,"t_starttransfer":0.068432,"t_total":36.939229}

### 条件: rate=1gbit rtt設定=20ms loss=0.1% object=20m.bin limit=5000pkt
qdisc(veth-h): qdisc netem 8017: root refcnt 5 limit 5000 delay 10ms seed 11669204444085625155
qdisc(veth-s): qdisc netem 8018: root refcnt 5 limit 5000 delay 10ms loss 0.1% rate 1Gbit seed 12842962969823292882
実効RTT(TCPハンドシェイク 15回・ms): {"n":15,"min":20.13,"median":23.58,"p90":72.97,"max":74.77}
  http1.1 run1 rc=0 {"http_version":"1.1","code":200,"size":20971520,"speed_bps":933655,"t_connect":0.020085,"t_appconnect":0.083684,"t_starttransfer":0.312634,"t_total":22.461735}
  http1.1 run2 rc=0 {"http_version":"1.1","code":200,"size":20971520,"speed_bps":1069575,"t_connect":0.020204,"t_appconnect":0.046579,"t_starttransfer":0.312616,"t_total":19.607336}
  http1.1 run3 rc=0 {"http_version":"1.1","code":200,"size":20971520,"speed_bps":1840666,"t_connect":0.046037,"t_appconnect":0.190691,"t_starttransfer":0.401270,"t_total":11.393440}
  http2 run1 rc=0 {"http_version":"2","code":200,"size":20971520,"speed_bps":2121355,"t_connect":0.023359,"t_appconnect":0.109160,"t_starttransfer":0.184581,"t_total":9.885907}
  http2 run2 rc=0 {"http_version":"2","code":200,"size":20971520,"speed_bps":1971434,"t_connect":0.026450,"t_appconnect":0.108918,"t_starttransfer":0.190596,"t_total":10.637697}
  http2 run3 rc=0 {"http_version":"2","code":200,"size":20971520,"speed_bps":1572884,"t_connect":0.034293,"t_appconnect":0.079697,"t_starttransfer":0.107219,"t_total":13.333160}
  http3-only run1 rc=0 {"http_version":"3","code":200,"size":20971520,"speed_bps":523580,"t_connect":0.002681,"t_appconnect":0.054870,"t_starttransfer":0.126879,"t_total":40.054047}
  http3-only run2 rc=0 {"http_version":"3","code":200,"size":20971520,"speed_bps":516836,"t_connect":0.002696,"t_appconnect":0.026036,"t_starttransfer":0.082008,"t_total":40.576721}
  http3-only run3 rc=0 {"http_version":"3","code":200,"size":20971520,"speed_bps":547100,"t_connect":0.002365,"t_appconnect":0.052893,"t_starttransfer":0.115904,"t_total":38.332087}

### netem 撤去後: qdisc noqueue 0: root refcnt 2 
[done] /home/ubuntu/results-011/crossover-T3d.jsonl
