measured-at: 2026-08-13T14:28:57Z
host: multipass Ubuntu 26.04 LTS / kernel 7.0.0-28-generic / 4 vCPU
client: curl 8.18.0 (aarch64-unknown-linux-gnu) libcurl/8.18.0 OpenSSL/3.5.5 zlib/1.3.1 libpsl/0.21.2 nghttp2/1.68.0 ngtcp2/1.16.0 nghttp3/1.12.0
server: nginx version: nginx/1.28.3 (Ubuntu)
note: M3（手動・CI 対象外）。RTT は設定値でなく実効値を記録する
label: T3b

### 条件: rate=1gbit rtt設定=5ms loss=0.1% object=20m.bin limit=2000pkt
qdisc(veth-h): qdisc netem 800d: root refcnt 5 limit 2000 delay 2.5ms seed 13196077706276140754
qdisc(veth-s): qdisc netem 800e: root refcnt 5 limit 2000 delay 2.5ms loss 0.1% rate 1Gbit seed 9969246723200276277
実効RTT(TCPハンドシェイク 15回・ms): {"n":15,"min":5.04,"median":5.07,"p90":5.09,"max":5.09}
  http1.1 run1 rc=0 {"http_version":"1.1","code":200,"size":20971520,"speed_bps":63879134,"t_connect":0.005123,"t_appconnect":0.011651,"t_starttransfer":0.021785,"t_total":0.328300}
  http1.1 run2 rc=0 {"http_version":"1.1","code":200,"size":20971520,"speed_bps":55521779,"t_connect":0.005073,"t_appconnect":0.011616,"t_starttransfer":0.021695,"t_total":0.377717}
  http1.1 run3 rc=0 {"http_version":"1.1","code":200,"size":20971520,"speed_bps":17990155,"t_connect":0.005065,"t_appconnect":0.011556,"t_starttransfer":0.031162,"t_total":1.165722}
  http2 run1 rc=0 {"http_version":"2","code":200,"size":20971520,"speed_bps":96297255,"t_connect":0.005082,"t_appconnect":0.011584,"t_starttransfer":0.016697,"t_total":0.217779}
  http2 run2 rc=0 {"http_version":"2","code":200,"size":20971520,"speed_bps":34626981,"t_connect":0.005088,"t_appconnect":0.011787,"t_starttransfer":0.016960,"t_total":0.605641}
  http2 run3 rc=0 {"http_version":"2","code":200,"size":20971520,"speed_bps":59992333,"t_connect":0.005068,"t_appconnect":0.019446,"t_starttransfer":0.032592,"t_total":0.349570}
  http3-only run1 rc=0 {"http_version":"3","code":200,"size":20971520,"speed_bps":8904994,"t_connect":0.001651,"t_appconnect":0.006632,"t_starttransfer":0.011941,"t_total":2.355029}
  http3-only run2 rc=0 {"http_version":"3","code":200,"size":20971520,"speed_bps":9616019,"t_connect":0.001627,"t_appconnect":0.006702,"t_starttransfer":0.018841,"t_total":2.180894}
  http3-only run3 rc=0 {"http_version":"3","code":200,"size":20971520,"speed_bps":9405496,"t_connect":0.001671,"t_appconnect":0.006784,"t_starttransfer":0.012109,"t_total":2.229709}

### netem 撤去後: qdisc noqueue 0: root refcnt 2 
[done] /home/ubuntu/results-011/crossover-T3b.jsonl
