measured-at: 2026-08-13T13:53:12Z
host: multipass Ubuntu 26.04 LTS / kernel 7.0.0-28-generic / 4 vCPU
client: curl 8.18.0 (aarch64-unknown-linux-gnu) libcurl/8.18.0 OpenSSL/3.5.5 zlib/1.3.1 libpsl/0.21.2 nghttp2/1.68.0 ngtcp2/1.16.0 nghttp3/1.12.0
server: nginx version: nginx/1.28.3 (Ubuntu)
note: M3（手動・CI 対象外）。RTT は設定値でなく実効値を記録する
label: T1c

### 条件: rate=10mbit rtt設定=100ms loss=1% object=5m.bin limit=2000pkt
qdisc(veth-h): qdisc netem 8003: root refcnt 5 limit 2000 delay 50ms seed 3972309339382345513
qdisc(veth-s): qdisc netem 8004: root refcnt 5 limit 2000 delay 50ms loss 1% rate 10Mbit seed 8586382243935091294
実効RTT(TCPハンドシェイク 15回・ms): {"n":15,"min":104.89,"median":174.92,"p90":209.12,"max":214.50}
  http1.1 run1 rc=0 {"http_version":"1.1","code":200,"size":5242880,"speed_bps":130755,"t_connect":0.132904,"t_appconnect":0.326533,"t_starttransfer":0.677748,"t_total":40.096704}
  http1.1 run2 rc=0 {"http_version":"1.1","code":200,"size":5242880,"speed_bps":131978,"t_connect":0.227561,"t_appconnect":0.414173,"t_starttransfer":0.810511,"t_total":39.725188}
  http1.1 run3 rc=0 {"http_version":"1.1","code":200,"size":5242880,"speed_bps":214196,"t_connect":0.160034,"t_appconnect":0.396926,"t_starttransfer":0.812355,"t_total":24.476929}
  http2 run1 rc=0 {"http_version":"2","code":200,"size":5242880,"speed_bps":188375,"t_connect":0.166306,"t_appconnect":0.333032,"t_starttransfer":0.545432,"t_total":27.832119}
  http2 run2 rc=0 {"http_version":"2","code":200,"size":5242880,"speed_bps":119132,"t_connect":0.174511,"t_appconnect":0.366958,"t_starttransfer":0.598885,"t_total":44.008901}
  http2 run3 rc=0 {"http_version":"2","code":200,"size":5242880,"speed_bps":153484,"t_connect":0.214994,"t_appconnect":0.458146,"t_starttransfer":0.650169,"t_total":34.159014}
  http3-only run1 rc=0 {"http_version":"3","code":200,"size":5242880,"speed_bps":67611,"t_connect":0.002584,"t_appconnect":0.156530,"t_starttransfer":0.315737,"t_total":77.544697}
  http3-only run2 rc=0 {"http_version":"3","code":200,"size":5242880,"speed_bps":59819,"t_connect":0.002329,"t_appconnect":0.173573,"t_starttransfer":0.371822,"t_total":87.644903}
  http3-only run3 rc=28 {"http_version":"-","code":0,"size":0,"speed_bps":0,"t_connect":0,"t_appconnect":0,"t_starttransfer":0,"t_total":0}

### netem 撤去後: qdisc noqueue 0: root refcnt 2 
[done] /home/ubuntu/results-011/crossover-T1c.jsonl
