measured-at: 2026-08-13T16:36:36Z
host: multipass Ubuntu 26.04 LTS / kernel 7.0.0-28-generic / 4 vCPU
client: curl 8.18.0 (aarch64-unknown-linux-gnu) libcurl/8.18.0 OpenSSL/3.5.5 zlib/1.3.1 libpsl/0.21.2 nghttp2/1.68.0 ngtcp2/1.16.0 nghttp3/1.12.0
server: nginx version: nginx/1.28.3 (Ubuntu) / http3_stream_buffer_size=4m
note: M3（手動・CI 対象外）。判定は全オブジェクトが揃うまでの実時間

### rate=100mbit rtt設定=100ms loss=1% limit=2500pkt  cfg=4m
qdisc(veth-s): qdisc netem 8040: root refcnt 5 limit 2500 delay 50ms loss 1% rate 100Mbit seed 2700995745476477892
実効RTT: {"n":10,"min":219.48,"median":313.78,"max":386.90}
  N=6 h1-seq run1 rc=0 elapsed=2.4144s
  N=6 h1-seq run2 rc=0 elapsed=2.3948s
  N=6 h1-seq run3 rc=0 elapsed=2.4235s
  N=6 h1-par6 run1 rc=0 elapsed=0.7695s
  N=6 h1-par6 run2 rc=0 elapsed=0.9605s
  N=6 h1-par6 run3 rc=0 elapsed=1.7721s
  N=6 h2 run1 rc=0 elapsed=1.1192s
  N=6 h2 run2 rc=0 elapsed=1.2572s
  N=6 h2 run3 rc=0 elapsed=1.2288s
  N=6 h3 run1 rc=0 elapsed=0.5382s
  N=6 h3 run2 rc=0 elapsed=4.7688s
  N=6 h3 run3 rc=0 elapsed=9.1347s
  N=25 h1-seq run1 rc=0 elapsed=8.8939s
  N=25 h1-seq run2 rc=0 elapsed=8.463s
  N=25 h1-seq run3 rc=0 elapsed=7.4935s
  N=25 h1-par6 run1 rc=0 elapsed=3.0676s
  N=25 h1-par6 run2 rc=0 elapsed=2.2665s
  N=25 h1-par6 run3 rc=0 elapsed=2.2504s
  N=25 h2 run1 rc=0 elapsed=1.2545s
  N=25 h2 run2 rc=0 elapsed=1.4614s
  N=25 h2 run3 rc=0 elapsed=1.4641s
  N=25 h3 run1 rc=0 elapsed=0.8044s
  N=25 h3 run2 rc=0 elapsed=0.655s
  N=25 h3 run3 rc=0 elapsed=0.6699s

[done] /home/ubuntu/results-011-mux/mux-4m-loss1.jsonl
