# 004-retry-after
measured-at: 2026-09-18T13:26:08.563Z
curl: curl 8.22.0 (aarch64-apple-darwin25.6.0) libcurl/8.22.0 OpenSSL/3.6.4 zlib/1.2.12 brotli/1.2.0 zstd/1.5.7 AppleIDN libpsl/0.23.3 libssh2/1.11.1 nghttp2/1.70.0 ngtcp2/1.25.0 nghttp3/1.18.0 mit-krb5/1.7-prerelease OpenLDAP/2.4.28/Apple
node(host): 24.19.0
undici: 8.10.0
nginx: nginx version: nginx/1.31.6
node(app): v24.19.0
note: 429 + Retry-After: 3 に従うのは誰か。判定はサーバ側の到着間隔
undici RetryAgent threw after retries: Request failed
curl-plain	到着 1 回	gaps=[]	判定=no_retry
  1789737968.804 2026-09-18T13:26:08+00:00 GET 429 uri="/004/api/limited?cs=retry&cl=curl-plain&after=0&ra=3" cs=retry cl=curl-plain wa="-" ra="3" cache=-
curl-retry	到着 3 回	gaps=[3,3]	判定=waited
  1789737968.836 2026-09-18T13:26:08+00:00 GET 429 uri="/004/api/limited?cs=retry&cl=curl-retry&after=0&ra=3" cs=retry cl=curl-retry wa="-" ra="3" cache=-
  1789737971.843 2026-09-18T13:26:11+00:00 GET 429 uri="/004/api/limited?cs=retry&cl=curl-retry&after=0&ra=3" cs=retry cl=curl-retry wa="-" ra="3" cache=-
  1789737974.851 2026-09-18T13:26:14+00:00 GET 429 uri="/004/api/limited?cs=retry&cl=curl-retry&after=0&ra=3" cs=retry cl=curl-retry wa="-" ra="3" cache=-
node-fetch	到着 1 回	gaps=[]	判定=no_retry
  1789737974.878 2026-09-18T13:26:14+00:00 GET 429 uri="/004/api/limited?cs=retry&cl=node-fetch&after=0&ra=3" cs=retry cl=node-fetch wa="-" ra="3" cache=-
undici-retry	到着 3 回	gaps=[3,3]	判定=waited
  1789737974.885 2026-09-18T13:26:14+00:00 GET 429 uri="/004/api/limited?cs=retry&cl=undici-retry&after=0&ra=3" cs=retry cl=undici-retry wa="-" ra="3" cache=-
  1789737977.891 2026-09-18T13:26:17+00:00 GET 429 uri="/004/api/limited?cs=retry&cl=undici-retry&after=0&ra=3" cs=retry cl=undici-retry wa="-" ra="3" cache=-
  1789737980.898 2026-09-18T13:26:20+00:00 GET 429 uri="/004/api/limited?cs=retry&cl=undici-retry&after=0&ra=3" cs=retry cl=undici-retry wa="-" ra="3" cache=-
