# 007-real-browsers (M2)
measured-at: 2026-08-21T13:39:18.744Z
host: darwin arm64 / node v24.18.0
🔴 Playwright 同梱版ではなく、ホストにインストールされた実ブラウザで測定
実ブラウザの版: {"chrome":"151.0.7922.170","firefox":"154.0","safari":"26.5.2"}

--- chrome 151.0.7922.170 ---
ua: Mozilla/5.0 (Macintosh; Intel Mac OS X 10_15_7) AppleWebKit/537.36 (KHTML, like Gecko) Chrome/151.0.0.0 Safari/537.36
D1   classic script  ct=text/html   nosniff=0  event=load executed=true
D2   classic script  ct=text/html   nosniff=1  event=error executed=false
D3   classic script  ct=text/plain  nosniff=0  event=load executed=true
D4   classic script  ct=text/plain  nosniff=1  event=error executed=false
D5   module script   ct=text/html   nosniff=0  event=error executed=false
D6   module script   ct=text/html   nosniff=1  event=error executed=false
D7   style           ct=text/plain  nosniff=0  event=load executed=false
D8   style           ct=text/plain  nosniff=1  event=error executed=false
D9   classic worker  ct=text/html   nosniff=0  event=loaded executed=true
D10  classic worker  ct=text/html   nosniff=1  event=blocked executed=false
W1 ct=text/javascript            served=text/javascript; charset=utf-8 loaded
W2 ct=text/html                  served=text/html; charset=utf-8       loaded
W3 ct=text/plain                 served=text/plain; charset=utf-8      loaded
W4 ct=application/json           served=application/json; charset=utf-8 loaded
W5 ct=text/css                   served=text/css; charset=utf-8        loaded
W6 ct=image/png                  served=image/png; charset=utf-8       blocked
W7 ct=application/octet-stream   served=application/octet-stream; charset=utf-8 loaded
D11 document contentType=text/plain hasBold=false
D12 document contentType=text/plain hasBold=false

--- firefox 154.0 ---
ua: Mozilla/5.0 (Macintosh; Intel Mac OS X 10.15; rv:154.0) Gecko/20100101 Firefox/154.0
D1   classic script  ct=text/html   nosniff=0  event=load executed=true
D2   classic script  ct=text/html   nosniff=1  event=error executed=false
D3   classic script  ct=text/plain  nosniff=0  event=load executed=true
D4   classic script  ct=text/plain  nosniff=1  event=error executed=false
D5   module script   ct=text/html   nosniff=0  event=error executed=false
D6   module script   ct=text/html   nosniff=1  event=error executed=false
D7   style           ct=text/plain  nosniff=0  event=error executed=false
D8   style           ct=text/plain  nosniff=1  event=error executed=false
D9   classic worker  ct=text/html   nosniff=0  event=blocked executed=false
D10  classic worker  ct=text/html   nosniff=1  event=blocked executed=false
W1 ct=text/javascript            served=text/javascript; charset=utf-8 loaded
W2 ct=text/html                  served=text/html; charset=utf-8       blocked
W3 ct=text/plain                 served=text/plain; charset=utf-8      blocked
W4 ct=application/json           served=application/json; charset=utf-8 blocked
W5 ct=text/css                   served=text/css; charset=utf-8        blocked
W6 ct=image/png                  served=image/png; charset=utf-8       blocked
W7 ct=application/octet-stream   served=application/octet-stream; charset=utf-8 blocked
D11 document contentType=text/plain hasBold=false
D12 document contentType=text/plain hasBold=false

--- safari 26.5.2 ---
ua: Mozilla/5.0 (Macintosh; Intel Mac OS X 10_15_7) AppleWebKit/605.1.15 (KHTML, like Gecko) Version/26.5.2 Safari/605.1.15
D1   classic script  ct=text/html   nosniff=0  event=load executed=true
D2   classic script  ct=text/html   nosniff=1  event=error executed=false
D3   classic script  ct=text/plain  nosniff=0  event=load executed=true
D4   classic script  ct=text/plain  nosniff=1  event=error executed=false
D5   module script   ct=text/html   nosniff=0  event=error executed=false
D6   module script   ct=text/html   nosniff=1  event=error executed=false
D7   style           ct=text/plain  nosniff=0  event=error executed=false
D8   style           ct=text/plain  nosniff=1  event=error executed=false
D9   classic worker  ct=text/html   nosniff=0  event=blocked executed=false
D10  classic worker  ct=text/html   nosniff=1  event=blocked executed=false
W1 ct=text/javascript            served=text/javascript; charset=utf-8 loaded
W2 ct=text/html                  served=text/html; charset=utf-8       blocked
W3 ct=text/plain                 served=text/plain; charset=utf-8      blocked
W4 ct=application/json           served=application/json; charset=utf-8 blocked
W5 ct=text/css                   served=text/css; charset=utf-8        blocked
W6 ct=image/png                  served=image/png; charset=utf-8       blocked
W7 ct=application/octet-stream   served=application/octet-stream; charset=utf-8 blocked
D11 document contentType=text/plain hasBold=false
D12 document contentType=text/plain hasBold=false

