==========================================
005-shared-store-idempotency (M1) — server node 24.19.0 / 試行 20 回 × ケース 8
measured-at: 2026-10-03T06:35:22.973Z
==========================================
応答の組の「201r」は、保存した結果を再生した 201（Idempotency-Replayed: true）

## A: 素朴な実装 / 同じ台へ 2 本
   宛先: app + app / 試行 20 回
   課金回数（両台の合計）: 2x20
   応答の組: 201/201x20

## A: 素朴な実装 / 別々の台へ 1 本ずつ
   宛先: app + app2 / 試行 20 回
   課金回数（両台の合計）: 2x20
   応答の組: 201/201x20

## B: v07 準拠（プロセス内の排他） / 同じ台へ 2 本
   宛先: app + app / 試行 20 回
   課金回数（両台の合計）: 1x20
   応答の組: 201/409x20

## B: v07 準拠（プロセス内の排他） / 別々の台へ 1 本ずつ
   宛先: app + app2 / 試行 20 回
   課金回数（両台の合計）: 2x20
   応答の組: 201/201x20

## C: PostgreSQL の一意制約 / 同じ台へ 2 本
   宛先: app + app / 試行 20 回
   課金回数（両台の合計）: 1x20
   応答の組: 201/409x20

## C: PostgreSQL の一意制約 / 別々の台へ 1 本ずつ
   宛先: app + app2 / 試行 20 回
   課金回数（両台の合計）: 1x20
   応答の組: 201/409x20

## C: Redis の SET NX / 同じ台へ 2 本
   宛先: app + app / 試行 20 回
   課金回数（両台の合計）: 1x20
   応答の組: 201/409x20

## C: Redis の SET NX / 別々の台へ 1 本ずつ
   宛先: app + app2 / 試行 20 回
   課金回数（両台の合計）: 1x20
   応答の組: 201/409x20

