2026-08-12T02:48:23+00:00 POST 204 len=90 body="-" uri="/003/__reset" ct="-" cs=- br=-
2026-08-12T02:48:23+00:00 PUT 200 len=161 body="13" uri="/003/put/replace/d1" ct="application/json" cs=- br=-
2026-08-12T02:48:23+00:00 PUT 200 len=161 body="13" uri="/003/put/replace/d1" ct="application/json" cs=- br=-
2026-08-12T02:48:23+00:00 PUT 200 len=161 body="13" uri="/003/put/stamped/d2" ct="application/json" cs=- br=-
2026-08-12T02:48:24+00:00 PUT 200 len=161 body="13" uri="/003/put/stamped/d2" ct="application/json" cs=- br=-
2026-08-12T02:48:24+00:00 POST 200 len=119 body="-" uri="/003/override/target?_method=PUT&cs=smoke" ct="-" cs=smoke br=-
2026-08-12T02:48:24+00:00 HEAD 200 len=117 body="-" uri="/003/unsafe/consume?token=head&cs=smoke" ct="-" cs=smoke br=-
2026-08-12T02:48:24+00:00 POST 301 len=149 body="5" uri="/003/redirect/301?cs=smoke" ct="text/plain" cs=smoke br=-
2026-08-12T02:48:24+00:00 POST 307 len=149 body="5" uri="/003/redirect/307?cs=smoke" ct="text/plain" cs=smoke br=-
2026-08-12T02:48:24+00:00 GET 200 len=87 body="-" uri="/003/state" ct="-" cs=- br=-
2026-08-12T02:48:50+00:00 POST 204 len=90 body="-" uri="/003/__reset" ct="-" cs=- br=-
2026-08-12T02:48:50+00:00 POST 301 len=149 body="5" uri="/003/redirect/301?cs=smoke" ct="text/plain" cs=smoke br=-
2026-08-12T02:48:50+00:00 POST 200 len=126 body="-" uri="/003/sink/301?cs=smoke" ct="text/plain" cs=smoke br=-
2026-08-12T02:48:50+00:00 POST 307 len=149 body="5" uri="/003/redirect/307?cs=smoke" ct="text/plain" cs=smoke br=-
2026-08-12T02:48:50+00:00 POST 200 len=150 body="5" uri="/003/sink/307?cs=smoke" ct="text/plain" cs=smoke br=-
2026-08-12T02:48:50+00:00 PUT 303 len=148 body="5" uri="/003/redirect/303?cs=smoke" ct="text/plain" cs=smoke br=-
2026-08-12T02:48:50+00:00 PUT 200 len=125 body="-" uri="/003/sink/303?cs=smoke" ct="text/plain" cs=smoke br=-
2026-08-12T02:48:50+00:00 GET 200 len=87 body="-" uri="/003/state" ct="-" cs=- br=-
2026-08-12T02:49:11+00:00 POST 204 len=90 body="-" uri="/003/__reset" ct="-" cs=- br=-
2026-08-12T02:49:11+00:00 POST 301 len=175 body="5" uri="/003/redirect/301?cs=implicit" ct="application/x-www-form-urlencoded" cs=implicit br=-
2026-08-12T02:49:11+00:00 GET 200 len=102 body="-" uri="/003/sink/301?cs=implicit" ct="-" cs=implicit br=-
2026-08-12T02:49:11+00:00 POST 301 len=173 body="5" uri="/003/redirect/301?cs=forced" ct="application/x-www-form-urlencoded" cs=forced br=-
2026-08-12T02:49:11+00:00 POST 200 len=101 body="-" uri="/003/sink/301?cs=forced" ct="-" cs=forced br=-
2026-08-12T02:49:11+00:00 POST 301 len=174 body="5" uri="/003/redirect/301?cs=postopt" ct="application/x-www-form-urlencoded" cs=postopt br=-
2026-08-12T02:49:11+00:00 POST 200 len=175 body="5" uri="/003/sink/301?cs=postopt" ct="application/x-www-form-urlencoded" cs=postopt br=-
2026-08-12T02:49:11+00:00 POST 302 len=175 body="5" uri="/003/redirect/302?cs=implicit" ct="application/x-www-form-urlencoded" cs=implicit br=-
2026-08-12T02:49:11+00:00 GET 200 len=102 body="-" uri="/003/sink/302?cs=implicit" ct="-" cs=implicit br=-
2026-08-12T02:49:11+00:00 POST 302 len=173 body="5" uri="/003/redirect/302?cs=forced" ct="application/x-www-form-urlencoded" cs=forced br=-
2026-08-12T02:49:11+00:00 POST 200 len=101 body="-" uri="/003/sink/302?cs=forced" ct="-" cs=forced br=-
2026-08-12T02:49:11+00:00 POST 302 len=174 body="5" uri="/003/redirect/302?cs=postopt" ct="application/x-www-form-urlencoded" cs=postopt br=-
2026-08-12T02:49:11+00:00 POST 200 len=175 body="5" uri="/003/sink/302?cs=postopt" ct="application/x-www-form-urlencoded" cs=postopt br=-
2026-08-12T02:49:11+00:00 POST 303 len=175 body="5" uri="/003/redirect/303?cs=implicit" ct="application/x-www-form-urlencoded" cs=implicit br=-
2026-08-12T02:49:11+00:00 GET 200 len=102 body="-" uri="/003/sink/303?cs=implicit" ct="-" cs=implicit br=-
2026-08-12T02:49:11+00:00 POST 303 len=173 body="5" uri="/003/redirect/303?cs=forced" ct="application/x-www-form-urlencoded" cs=forced br=-
2026-08-12T02:49:11+00:00 POST 200 len=101 body="-" uri="/003/sink/303?cs=forced" ct="-" cs=forced br=-
2026-08-12T02:49:11+00:00 POST 303 len=174 body="5" uri="/003/redirect/303?cs=postopt" ct="application/x-www-form-urlencoded" cs=postopt br=-
2026-08-12T02:49:11+00:00 POST 200 len=175 body="5" uri="/003/sink/303?cs=postopt" ct="application/x-www-form-urlencoded" cs=postopt br=-
2026-08-12T02:49:11+00:00 POST 307 len=175 body="5" uri="/003/redirect/307?cs=implicit" ct="application/x-www-form-urlencoded" cs=implicit br=-
2026-08-12T02:49:11+00:00 POST 200 len=176 body="5" uri="/003/sink/307?cs=implicit" ct="application/x-www-form-urlencoded" cs=implicit br=-
2026-08-12T02:49:11+00:00 POST 307 len=173 body="5" uri="/003/redirect/307?cs=forced" ct="application/x-www-form-urlencoded" cs=forced br=-
2026-08-12T02:49:11+00:00 POST 200 len=174 body="5" uri="/003/sink/307?cs=forced" ct="application/x-www-form-urlencoded" cs=forced br=-
2026-08-12T02:49:11+00:00 POST 307 len=174 body="5" uri="/003/redirect/307?cs=postopt" ct="application/x-www-form-urlencoded" cs=postopt br=-
2026-08-12T02:49:11+00:00 POST 200 len=175 body="5" uri="/003/sink/307?cs=postopt" ct="application/x-www-form-urlencoded" cs=postopt br=-
2026-08-12T02:49:11+00:00 POST 308 len=175 body="5" uri="/003/redirect/308?cs=implicit" ct="application/x-www-form-urlencoded" cs=implicit br=-
2026-08-12T02:49:11+00:00 POST 200 len=176 body="5" uri="/003/sink/308?cs=implicit" ct="application/x-www-form-urlencoded" cs=implicit br=-
2026-08-12T02:49:11+00:00 POST 308 len=173 body="5" uri="/003/redirect/308?cs=forced" ct="application/x-www-form-urlencoded" cs=forced br=-
2026-08-12T02:49:11+00:00 POST 200 len=174 body="5" uri="/003/sink/308?cs=forced" ct="application/x-www-form-urlencoded" cs=forced br=-
2026-08-12T02:49:12+00:00 POST 308 len=174 body="5" uri="/003/redirect/308?cs=postopt" ct="application/x-www-form-urlencoded" cs=postopt br=-
2026-08-12T02:49:12+00:00 POST 200 len=175 body="5" uri="/003/sink/308?cs=postopt" ct="application/x-www-form-urlencoded" cs=postopt br=-
2026-08-12T02:49:12+00:00 GET 200 len=87 body="-" uri="/003/state" ct="-" cs=- br=-
2026-08-12T02:52:24+00:00 GET 200 len=84 body="-" uri="/__meta" ct="-" cs=- br=-
2026-08-12T02:52:24+00:00 POST 204 len=90 body="-" uri="/003/__reset" ct="-" cs=- br=-
2026-08-12T02:52:25+00:00 PUT 200 len=196 body="47" uri="/003/put/replace/doc" ct="application/json" cs=- br=-
2026-08-12T02:52:25+00:00 GET 200 len=87 body="-" uri="/003/state" ct="-" cs=- br=-
2026-08-12T02:52:25+00:00 PUT 200 len=196 body="47" uri="/003/put/replace/doc" ct="application/json" cs=- br=-
2026-08-12T02:52:25+00:00 GET 200 len=87 body="-" uri="/003/state" ct="-" cs=- br=-
2026-08-12T02:52:25+00:00 PUT 200 len=196 body="47" uri="/003/put/replace/doc" ct="application/json" cs=- br=-
2026-08-12T02:52:25+00:00 GET 200 len=87 body="-" uri="/003/state" ct="-" cs=- br=-
2026-08-12T02:52:25+00:00 POST 204 len=90 body="-" uri="/003/__reset" ct="-" cs=- br=-
2026-08-12T02:52:25+00:00 PUT 200 len=196 body="47" uri="/003/put/stamped/doc" ct="application/json" cs=- br=-
2026-08-12T02:52:25+00:00 GET 200 len=87 body="-" uri="/003/state" ct="-" cs=- br=-
2026-08-12T02:52:25+00:00 PUT 200 len=196 body="47" uri="/003/put/stamped/doc" ct="application/json" cs=- br=-
2026-08-12T02:52:25+00:00 GET 200 len=87 body="-" uri="/003/state" ct="-" cs=- br=-
2026-08-12T02:52:25+00:00 PUT 200 len=196 body="47" uri="/003/put/stamped/doc" ct="application/json" cs=- br=-
2026-08-12T02:52:25+00:00 GET 200 len=87 body="-" uri="/003/state" ct="-" cs=- br=-
2026-08-12T02:52:25+00:00 POST 204 len=90 body="-" uri="/003/__reset" ct="-" cs=- br=-
2026-08-12T02:52:26+00:00 PUT 200 len=195 body="47" uri="/003/put/append/doc" ct="application/json" cs=- br=-
2026-08-12T02:52:26+00:00 GET 200 len=87 body="-" uri="/003/state" ct="-" cs=- br=-
2026-08-12T02:52:26+00:00 PUT 200 len=195 body="47" uri="/003/put/append/doc" ct="application/json" cs=- br=-
2026-08-12T02:52:26+00:00 GET 200 len=87 body="-" uri="/003/state" ct="-" cs=- br=-
2026-08-12T02:52:26+00:00 PUT 200 len=195 body="47" uri="/003/put/append/doc" ct="application/json" cs=- br=-
2026-08-12T02:52:26+00:00 GET 200 len=87 body="-" uri="/003/state" ct="-" cs=- br=-
2026-08-12T02:52:26+00:00 POST 204 len=90 body="-" uri="/003/__reset" ct="-" cs=- br=-
2026-08-12T02:52:26+00:00 PUT 200 len=197 body="47" uri="/003/put/numbered/doc" ct="application/json" cs=- br=-
2026-08-12T02:52:26+00:00 GET 200 len=87 body="-" uri="/003/state" ct="-" cs=- br=-
2026-08-12T02:52:26+00:00 PUT 200 len=197 body="47" uri="/003/put/numbered/doc" ct="application/json" cs=- br=-
2026-08-12T02:52:26+00:00 GET 200 len=87 body="-" uri="/003/state" ct="-" cs=- br=-
2026-08-12T02:52:26+00:00 PUT 200 len=197 body="47" uri="/003/put/numbered/doc" ct="application/json" cs=- br=-
2026-08-12T02:52:26+00:00 GET 200 len=87 body="-" uri="/003/state" ct="-" cs=- br=-
2026-08-12T02:52:26+00:00 POST 204 len=90 body="-" uri="/003/__reset" ct="-" cs=- br=-
2026-08-12T02:52:26+00:00 POST 201 len=197 body="47" uri="/003/post/collection" ct="application/json" cs=- br=-
2026-08-12T02:52:26+00:00 GET 200 len=87 body="-" uri="/003/state" ct="-" cs=- br=-
2026-08-12T02:52:27+00:00 POST 201 len=197 body="47" uri="/003/post/collection" ct="application/json" cs=- br=-
2026-08-12T02:52:27+00:00 GET 200 len=87 body="-" uri="/003/state" ct="-" cs=- br=-
2026-08-12T02:52:27+00:00 POST 201 len=197 body="47" uri="/003/post/collection" ct="application/json" cs=- br=-
2026-08-12T02:52:27+00:00 GET 200 len=87 body="-" uri="/003/state" ct="-" cs=- br=-
2026-08-12T02:52:27+00:00 GET 200 len=84 body="-" uri="/__meta" ct="-" cs=- br=-
2026-08-12T02:52:27+00:00 POST 204 len=90 body="-" uri="/003/__reset" ct="-" cs=- br=-
2026-08-12T02:52:27+00:00 DELETE 204 len=100 body="-" uri="/003/delete/strict/a" ct="-" cs=- br=-
2026-08-12T02:52:27+00:00 GET 200 len=87 body="-" uri="/003/state" ct="-" cs=- br=-
2026-08-12T02:52:27+00:00 DELETE 404 len=100 body="-" uri="/003/delete/strict/a" ct="-" cs=- br=-
2026-08-12T02:52:27+00:00 GET 200 len=87 body="-" uri="/003/state" ct="-" cs=- br=-
2026-08-12T02:52:27+00:00 POST 204 len=90 body="-" uri="/003/__reset" ct="-" cs=- br=-
2026-08-12T02:52:27+00:00 DELETE 204 len=101 body="-" uri="/003/delete/lenient/b" ct="-" cs=- br=-
2026-08-12T02:52:27+00:00 GET 200 len=87 body="-" uri="/003/state" ct="-" cs=- br=-
2026-08-12T02:52:27+00:00 DELETE 204 len=101 body="-" uri="/003/delete/lenient/b" ct="-" cs=- br=-
2026-08-12T02:52:27+00:00 GET 200 len=87 body="-" uri="/003/state" ct="-" cs=- br=-
2026-08-12T02:52:27+00:00 POST 204 len=90 body="-" uri="/003/__reset" ct="-" cs=- br=-
2026-08-12T02:52:27+00:00 DELETE 200 len=98 body="-" uri="/003/delete/echo/c" ct="-" cs=- br=-
2026-08-12T02:52:27+00:00 GET 200 len=87 body="-" uri="/003/state" ct="-" cs=- br=-
2026-08-12T02:52:27+00:00 DELETE 200 len=98 body="-" uri="/003/delete/echo/c" ct="-" cs=- br=-
2026-08-12T02:52:27+00:00 GET 200 len=87 body="-" uri="/003/state" ct="-" cs=- br=-
2026-08-12T02:52:28+00:00 GET 200 len=84 body="-" uri="/__meta" ct="-" cs=- br=-
2026-08-12T02:52:28+00:00 POST 204 len=90 body="-" uri="/003/__reset" ct="-" cs=- br=-
2026-08-12T02:52:28+00:00 PATCH 200 len=176 body="17" uri="/003/patch/merge" ct="application/merge-patch+json" cs=- br=-
2026-08-12T02:52:28+00:00 PATCH 200 len=176 body="17" uri="/003/patch/merge" ct="application/merge-patch+json" cs=- br=-
2026-08-12T02:52:28+00:00 PATCH 200 len=176 body="17" uri="/003/patch/merge" ct="application/merge-patch+json" cs=- br=-
2026-08-12T02:52:28+00:00 POST 204 len=90 body="-" uri="/003/__reset" ct="-" cs=- br=-
2026-08-12T02:52:28+00:00 PATCH 200 len=173 body="14" uri="/003/patch/merge" ct="application/merge-patch+json" cs=- br=-
2026-08-12T02:52:28+00:00 PATCH 200 len=173 body="14" uri="/003/patch/merge" ct="application/merge-patch+json" cs=- br=-
2026-08-12T02:52:28+00:00 PATCH 200 len=173 body="14" uri="/003/patch/merge" ct="application/merge-patch+json" cs=- br=-
2026-08-12T02:52:28+00:00 POST 204 len=90 body="-" uri="/003/__reset" ct="-" cs=- br=-
2026-08-12T02:52:28+00:00 PATCH 200 len=207 body="50" uri="/003/patch/json" ct="application/json-patch+json" cs=- br=-
2026-08-12T02:52:28+00:00 PATCH 200 len=207 body="50" uri="/003/patch/json" ct="application/json-patch+json" cs=- br=-
2026-08-12T02:52:28+00:00 PATCH 200 len=207 body="50" uri="/003/patch/json" ct="application/json-patch+json" cs=- br=-
2026-08-12T02:52:28+00:00 POST 204 len=90 body="-" uri="/003/__reset" ct="-" cs=- br=-
2026-08-12T02:52:28+00:00 PATCH 200 len=203 body="46" uri="/003/patch/json" ct="application/json-patch+json" cs=- br=-
2026-08-12T02:52:28+00:00 PATCH 200 len=203 body="46" uri="/003/patch/json" ct="application/json-patch+json" cs=- br=-
2026-08-12T02:52:28+00:00 PATCH 200 len=203 body="46" uri="/003/patch/json" ct="application/json-patch+json" cs=- br=-
2026-08-12T02:52:29+00:00 GET 200 len=84 body="-" uri="/__meta" ct="-" cs=- br=-
2026-08-12T02:52:29+00:00 POST 204 len=90 body="-" uri="/003/__reset" ct="-" cs=- br=-
2026-08-12T02:52:29+00:00 GET 200 len=114 body="-" uri="/003/unsafe/consume?token=curl&cs=get" ct="-" cs=get br=-
2026-08-12T02:52:29+00:00 GET 200 len=114 body="-" uri="/003/unsafe/consume?token=curl&cs=get" ct="-" cs=get br=-
2026-08-12T02:52:29+00:00 GET 200 len=114 body="-" uri="/003/unsafe/consume?token=curl&cs=get" ct="-" cs=get br=-
2026-08-12T02:52:29+00:00 GET 200 len=87 body="-" uri="/003/state" ct="-" cs=- br=-
2026-08-12T02:52:29+00:00 HEAD 200 len=116 body="-" uri="/003/unsafe/consume?token=head&cs=head" ct="-" cs=head br=-
2026-08-12T02:52:29+00:00 GET 200 len=87 body="-" uri="/003/state" ct="-" cs=- br=-
2026-08-12T02:52:29+00:00 GET 200 len=87 body="-" uri="/003/state" ct="-" cs=- br=-
2026-08-12T02:52:29+00:00 GET 200 len=87 body="-" uri="/003/state" ct="-" cs=- br=-
2026-08-12T02:52:29+00:00 GET 200 len=87 body="-" uri="/003/state" ct="-" cs=- br=-
2026-08-12T02:52:29+00:00 GET 200 len=87 body="-" uri="/003/state" ct="-" cs=- br=-
2026-08-12T02:52:29+00:00 GET 200 len=87 body="-" uri="/003/state" ct="-" cs=- br=-
2026-08-12T02:52:29+00:00 GET 200 len=84 body="-" uri="/__meta" ct="-" cs=- br=-
2026-08-12T02:52:29+00:00 POST 204 len=90 body="-" uri="/003/__reset" ct="-" cs=- br=-
2026-08-12T02:52:29+00:00 POST 301 len=153 body="11" uri="/003/redirect/301?cs=implicit" ct="text/plain" cs=implicit br=-
2026-08-12T02:52:29+00:00 GET 200 len=128 body="-" uri="/003/sink/301?cs=implicit" ct="text/plain" cs=implicit br=-
2026-08-12T02:52:29+00:00 GET 200 len=87 body="-" uri="/003/state" ct="-" cs=- br=-
2026-08-12T02:52:29+00:00 POST 204 len=90 body="-" uri="/003/__reset" ct="-" cs=- br=-
2026-08-12T02:52:29+00:00 POST 302 len=153 body="11" uri="/003/redirect/302?cs=implicit" ct="text/plain" cs=implicit br=-
2026-08-12T02:52:29+00:00 GET 200 len=128 body="-" uri="/003/sink/302?cs=implicit" ct="text/plain" cs=implicit br=-
2026-08-12T02:52:29+00:00 GET 200 len=87 body="-" uri="/003/state" ct="-" cs=- br=-
2026-08-12T02:52:29+00:00 POST 204 len=90 body="-" uri="/003/__reset" ct="-" cs=- br=-
2026-08-12T02:52:30+00:00 POST 303 len=153 body="11" uri="/003/redirect/303?cs=implicit" ct="text/plain" cs=implicit br=-
2026-08-12T02:52:30+00:00 GET 200 len=128 body="-" uri="/003/sink/303?cs=implicit" ct="text/plain" cs=implicit br=-
2026-08-12T02:52:30+00:00 GET 200 len=87 body="-" uri="/003/state" ct="-" cs=- br=-
2026-08-12T02:52:30+00:00 POST 204 len=90 body="-" uri="/003/__reset" ct="-" cs=- br=-
2026-08-12T02:52:30+00:00 POST 307 len=153 body="11" uri="/003/redirect/307?cs=implicit" ct="text/plain" cs=implicit br=-
2026-08-12T02:52:30+00:00 POST 200 len=160 body="11" uri="/003/sink/307?cs=implicit" ct="text/plain" cs=implicit br=-
2026-08-12T02:52:30+00:00 GET 200 len=87 body="-" uri="/003/state" ct="-" cs=- br=-
2026-08-12T02:52:30+00:00 POST 204 len=90 body="-" uri="/003/__reset" ct="-" cs=- br=-
2026-08-12T02:52:30+00:00 POST 308 len=153 body="11" uri="/003/redirect/308?cs=implicit" ct="text/plain" cs=implicit br=-
2026-08-12T02:52:30+00:00 POST 200 len=160 body="11" uri="/003/sink/308?cs=implicit" ct="text/plain" cs=implicit br=-
2026-08-12T02:52:30+00:00 GET 200 len=87 body="-" uri="/003/state" ct="-" cs=- br=-
2026-08-12T02:52:30+00:00 POST 204 len=90 body="-" uri="/003/__reset" ct="-" cs=- br=-
2026-08-12T02:52:30+00:00 POST 301 len=151 body="11" uri="/003/redirect/301?cs=forced" ct="text/plain" cs=forced br=-
2026-08-12T02:52:30+00:00 POST 200 len=127 body="-" uri="/003/sink/301?cs=forced" ct="text/plain" cs=forced br=-
2026-08-12T02:52:30+00:00 GET 200 len=87 body="-" uri="/003/state" ct="-" cs=- br=-
2026-08-12T02:52:30+00:00 POST 204 len=90 body="-" uri="/003/__reset" ct="-" cs=- br=-
2026-08-12T02:52:30+00:00 POST 302 len=151 body="11" uri="/003/redirect/302?cs=forced" ct="text/plain" cs=forced br=-
2026-08-12T02:52:30+00:00 POST 200 len=127 body="-" uri="/003/sink/302?cs=forced" ct="text/plain" cs=forced br=-
2026-08-12T02:52:30+00:00 GET 200 len=87 body="-" uri="/003/state" ct="-" cs=- br=-
2026-08-12T02:52:30+00:00 POST 204 len=90 body="-" uri="/003/__reset" ct="-" cs=- br=-
2026-08-12T02:52:30+00:00 POST 303 len=151 body="11" uri="/003/redirect/303?cs=forced" ct="text/plain" cs=forced br=-
2026-08-12T02:52:30+00:00 POST 200 len=127 body="-" uri="/003/sink/303?cs=forced" ct="text/plain" cs=forced br=-
2026-08-12T02:52:30+00:00 GET 200 len=87 body="-" uri="/003/state" ct="-" cs=- br=-
2026-08-12T02:52:30+00:00 POST 204 len=90 body="-" uri="/003/__reset" ct="-" cs=- br=-
2026-08-12T02:52:30+00:00 POST 307 len=151 body="11" uri="/003/redirect/307?cs=forced" ct="text/plain" cs=forced br=-
2026-08-12T02:52:30+00:00 POST 200 len=158 body="11" uri="/003/sink/307?cs=forced" ct="text/plain" cs=forced br=-
2026-08-12T02:52:30+00:00 GET 200 len=87 body="-" uri="/003/state" ct="-" cs=- br=-
2026-08-12T02:52:30+00:00 POST 204 len=90 body="-" uri="/003/__reset" ct="-" cs=- br=-
2026-08-12T02:52:30+00:00 POST 308 len=151 body="11" uri="/003/redirect/308?cs=forced" ct="text/plain" cs=forced br=-
2026-08-12T02:52:30+00:00 POST 200 len=158 body="11" uri="/003/sink/308?cs=forced" ct="text/plain" cs=forced br=-
2026-08-12T02:52:30+00:00 GET 200 len=87 body="-" uri="/003/state" ct="-" cs=- br=-
2026-08-12T02:52:30+00:00 POST 204 len=90 body="-" uri="/003/__reset" ct="-" cs=- br=-
2026-08-12T02:52:30+00:00 POST 301 len=152 body="11" uri="/003/redirect/301?cs=post30x" ct="text/plain" cs=post30x br=-
2026-08-12T02:52:30+00:00 POST 200 len=159 body="11" uri="/003/sink/301?cs=post30x" ct="text/plain" cs=post30x br=-
2026-08-12T02:52:30+00:00 GET 200 len=87 body="-" uri="/003/state" ct="-" cs=- br=-
2026-08-12T02:52:30+00:00 POST 204 len=90 body="-" uri="/003/__reset" ct="-" cs=- br=-
2026-08-12T02:52:30+00:00 POST 302 len=152 body="11" uri="/003/redirect/302?cs=post30x" ct="text/plain" cs=post30x br=-
2026-08-12T02:52:30+00:00 POST 200 len=159 body="11" uri="/003/sink/302?cs=post30x" ct="text/plain" cs=post30x br=-
2026-08-12T02:52:30+00:00 GET 200 len=87 body="-" uri="/003/state" ct="-" cs=- br=-
2026-08-12T02:52:30+00:00 POST 204 len=90 body="-" uri="/003/__reset" ct="-" cs=- br=-
2026-08-12T02:52:30+00:00 POST 303 len=152 body="11" uri="/003/redirect/303?cs=post30x" ct="text/plain" cs=post30x br=-
2026-08-12T02:52:30+00:00 POST 200 len=159 body="11" uri="/003/sink/303?cs=post30x" ct="text/plain" cs=post30x br=-
2026-08-12T02:52:30+00:00 GET 200 len=87 body="-" uri="/003/state" ct="-" cs=- br=-
2026-08-12T02:52:30+00:00 POST 204 len=90 body="-" uri="/003/__reset" ct="-" cs=- br=-
2026-08-12T02:52:30+00:00 POST 307 len=152 body="11" uri="/003/redirect/307?cs=post30x" ct="text/plain" cs=post30x br=-
2026-08-12T02:52:30+00:00 POST 200 len=159 body="11" uri="/003/sink/307?cs=post30x" ct="text/plain" cs=post30x br=-
2026-08-12T02:52:30+00:00 GET 200 len=87 body="-" uri="/003/state" ct="-" cs=- br=-
2026-08-12T02:52:30+00:00 POST 204 len=90 body="-" uri="/003/__reset" ct="-" cs=- br=-
2026-08-12T02:52:30+00:00 POST 308 len=152 body="11" uri="/003/redirect/308?cs=post30x" ct="text/plain" cs=post30x br=-
2026-08-12T02:52:30+00:00 POST 200 len=159 body="11" uri="/003/sink/308?cs=post30x" ct="text/plain" cs=post30x br=-
2026-08-12T02:52:30+00:00 GET 200 len=87 body="-" uri="/003/state" ct="-" cs=- br=-
2026-08-12T02:54:14+00:00 POST 204 len=90 body="-" uri="/003/__reset" ct="-" cs=- br=-
2026-08-12T02:54:14+00:00 GET 200 len=670 body="-" uri="/003/page/override.html" ct="-" cs=- br=-
2026-08-12T02:54:15+00:00 POST 200 len=889 body="0" uri="/003/override/target?_method=PUT&cs=form_post_override" ct="application/x-www-form-urlencoded" cs=form_post_override br=-
2026-08-12T02:54:15+00:00 GET 200 len=746 body="-" uri="/003/override/target?cs=form_put_attr" ct="-" cs=form_put_attr br=-
2026-08-12T02:54:15+00:00 POST 200 len=874 body="0" uri="/003/override/target?cs=form_post_plain" ct="application/x-www-form-urlencoded" cs=form_post_plain br=-
2026-08-12T02:54:15+00:00 GET 200 len=747 body="-" uri="/003/override/target?cs=form_get_plain" ct="-" cs=form_get_plain br=-
2026-08-12T02:54:15+00:00 GET 200 len=667 body="-" uri="/003/page/blank.html" ct="-" cs=- br=-
2026-08-12T02:54:15+00:00 PUT 200 len=600 body="0" uri="/003/override/target?cs=fetch_put" ct="-" cs=fetch_put br=-
2026-08-12T02:54:15+00:00 GET 200 len=87 body="-" uri="/003/state" ct="-" cs=- br=-
2026-08-12T02:54:18+00:00 POST 204 len=90 body="-" uri="/003/__reset" ct="-" cs=- br=-
2026-08-12T02:54:18+00:00 GET 200 len=474 body="-" uri="/003/page/override.html" ct="-" cs=- br=-
2026-08-12T02:54:18+00:00 GET 404 len=474 body="-" uri="/favicon.ico" ct="-" cs=- br=-
2026-08-12T02:54:18+00:00 POST 200 len=667 body="0" uri="/003/override/target?_method=PUT&cs=form_post_override" ct="application/x-www-form-urlencoded" cs=form_post_override br=-
2026-08-12T02:54:18+00:00 GET 200 len=550 body="-" uri="/003/override/target?cs=form_put_attr" ct="-" cs=form_put_attr br=-
2026-08-12T02:54:18+00:00 POST 200 len=652 body="0" uri="/003/override/target?cs=form_post_plain" ct="application/x-www-form-urlencoded" cs=form_post_plain br=-
2026-08-12T02:54:18+00:00 GET 200 len=551 body="-" uri="/003/override/target?cs=form_get_plain" ct="-" cs=form_get_plain br=-
2026-08-12T02:54:18+00:00 GET 200 len=471 body="-" uri="/003/page/blank.html" ct="-" cs=- br=-
2026-08-12T02:54:18+00:00 PUT 200 len=473 body="0" uri="/003/override/target?cs=fetch_put" ct="-" cs=fetch_put br=-
2026-08-12T02:54:19+00:00 GET 200 len=87 body="-" uri="/003/state" ct="-" cs=- br=-
2026-08-12T02:54:21+00:00 POST 204 len=90 body="-" uri="/003/__reset" ct="-" cs=- br=-
2026-08-12T02:54:21+00:00 GET 200 len=459 body="-" uri="/003/page/override.html" ct="-" cs=- br=-
2026-08-12T02:54:21+00:00 POST 200 len=652 body="0" uri="/003/override/target?_method=PUT&cs=form_post_override" ct="application/x-www-form-urlencoded" cs=form_post_override br=-
2026-08-12T02:54:22+00:00 GET 200 len=535 body="-" uri="/003/override/target?cs=form_put_attr" ct="-" cs=form_put_attr br=-
2026-08-12T02:54:22+00:00 POST 200 len=637 body="0" uri="/003/override/target?cs=form_post_plain" ct="application/x-www-form-urlencoded" cs=form_post_plain br=-
2026-08-12T02:54:22+00:00 GET 200 len=536 body="-" uri="/003/override/target?cs=form_get_plain" ct="-" cs=form_get_plain br=-
2026-08-12T02:54:22+00:00 GET 200 len=456 body="-" uri="/003/page/blank.html" ct="-" cs=- br=-
2026-08-12T02:54:22+00:00 PUT 200 len=481 body="0" uri="/003/override/target?cs=fetch_put" ct="-" cs=fetch_put br=-
2026-08-12T02:54:22+00:00 GET 200 len=87 body="-" uri="/003/state" ct="-" cs=- br=-
2026-08-12T02:55:15+00:00 POST 204 len=90 body="-" uri="/003/__reset" ct="-" cs=- br=-
2026-08-12T02:55:15+00:00 GET 200 len=670 body="-" uri="/003/page/override.html" ct="-" cs=- br=-
2026-08-12T02:55:15+00:00 POST 200 len=889 body="0" uri="/003/override/target?_method=PUT&cs=form_post_override" ct="application/x-www-form-urlencoded" cs=form_post_override br=-
2026-08-12T02:55:15+00:00 GET 200 len=746 body="-" uri="/003/override/target?cs=form_put_attr" ct="-" cs=form_put_attr br=-
2026-08-12T02:55:15+00:00 POST 200 len=874 body="0" uri="/003/override/target?cs=form_post_plain" ct="application/x-www-form-urlencoded" cs=form_post_plain br=-
2026-08-12T02:55:15+00:00 GET 200 len=747 body="-" uri="/003/override/target?cs=form_get_plain" ct="-" cs=form_get_plain br=-
2026-08-12T02:55:15+00:00 GET 200 len=667 body="-" uri="/003/page/blank.html" ct="-" cs=- br=-
2026-08-12T02:55:15+00:00 PUT 200 len=600 body="0" uri="/003/override/target?cs=fetch_put" ct="-" cs=fetch_put br=-
2026-08-12T02:55:15+00:00 GET 200 len=87 body="-" uri="/003/state" ct="-" cs=- br=-
2026-08-12T02:55:16+00:00 POST 204 len=90 body="-" uri="/003/__reset" ct="-" cs=- br=-
2026-08-12T02:55:16+00:00 GET 200 len=474 body="-" uri="/003/page/override.html" ct="-" cs=- br=-
2026-08-12T02:55:16+00:00 GET 404 len=474 body="-" uri="/favicon.ico" ct="-" cs=- br=-
2026-08-12T02:55:16+00:00 POST 200 len=667 body="0" uri="/003/override/target?_method=PUT&cs=form_post_override" ct="application/x-www-form-urlencoded" cs=form_post_override br=-
2026-08-12T02:55:16+00:00 GET 200 len=550 body="-" uri="/003/override/target?cs=form_put_attr" ct="-" cs=form_put_attr br=-
2026-08-12T02:55:16+00:00 POST 200 len=652 body="0" uri="/003/override/target?cs=form_post_plain" ct="application/x-www-form-urlencoded" cs=form_post_plain br=-
2026-08-12T02:55:16+00:00 GET 200 len=551 body="-" uri="/003/override/target?cs=form_get_plain" ct="-" cs=form_get_plain br=-
2026-08-12T02:55:16+00:00 GET 200 len=471 body="-" uri="/003/page/blank.html" ct="-" cs=- br=-
2026-08-12T02:55:16+00:00 PUT 200 len=473 body="0" uri="/003/override/target?cs=fetch_put" ct="-" cs=fetch_put br=-
2026-08-12T02:55:16+00:00 GET 200 len=87 body="-" uri="/003/state" ct="-" cs=- br=-
2026-08-12T02:55:17+00:00 POST 204 len=90 body="-" uri="/003/__reset" ct="-" cs=- br=-
2026-08-12T02:55:17+00:00 GET 200 len=459 body="-" uri="/003/page/override.html" ct="-" cs=- br=-
2026-08-12T02:55:17+00:00 POST 200 len=652 body="0" uri="/003/override/target?_method=PUT&cs=form_post_override" ct="application/x-www-form-urlencoded" cs=form_post_override br=-
2026-08-12T02:55:17+00:00 GET 200 len=535 body="-" uri="/003/override/target?cs=form_put_attr" ct="-" cs=form_put_attr br=-
2026-08-12T02:55:17+00:00 GET 200 len=459 body="-" uri="/003/page/override.html" ct="-" cs=- br=-
2026-08-12T02:55:17+00:00 GET 200 len=536 body="-" uri="/003/override/target?cs=form_get_plain" ct="-" cs=form_get_plain br=-
2026-08-12T02:55:17+00:00 GET 200 len=456 body="-" uri="/003/page/blank.html" ct="-" cs=- br=-
2026-08-12T02:55:17+00:00 PUT 200 len=481 body="0" uri="/003/override/target?cs=fetch_put" ct="-" cs=fetch_put br=-
2026-08-12T02:55:17+00:00 GET 200 len=87 body="-" uri="/003/state" ct="-" cs=- br=-
2026-08-12T02:55:18+00:00 POST 204 len=90 body="-" uri="/003/__reset" ct="-" cs=- br=-
2026-08-12T02:55:18+00:00 GET 200 len=667 body="-" uri="/003/page/blank.html" ct="-" cs=- br=-
2026-08-12T02:55:18+00:00 POST 301 len=624 body="11" uri="/003/redirect/301?cs=fetch301" ct="text/plain" cs=fetch301 br=-
2026-08-12T02:55:18+00:00 GET 200 len=542 body="-" uri="/003/sink/301?cs=fetch301" ct="-" cs=fetch301 br=-
2026-08-12T02:55:18+00:00 POST 302 len=624 body="11" uri="/003/redirect/302?cs=fetch302" ct="text/plain" cs=fetch302 br=-
2026-08-12T02:55:18+00:00 GET 200 len=542 body="-" uri="/003/sink/302?cs=fetch302" ct="-" cs=fetch302 br=-
2026-08-12T02:55:18+00:00 POST 303 len=624 body="11" uri="/003/redirect/303?cs=fetch303" ct="text/plain" cs=fetch303 br=-
2026-08-12T02:55:18+00:00 GET 200 len=542 body="-" uri="/003/sink/303?cs=fetch303" ct="-" cs=fetch303 br=-
2026-08-12T02:55:18+00:00 POST 307 len=624 body="11" uri="/003/redirect/307?cs=fetch307" ct="text/plain" cs=fetch307 br=-
2026-08-12T02:55:18+00:00 POST 200 len=631 body="11" uri="/003/sink/307?cs=fetch307" ct="text/plain" cs=fetch307 br=-
2026-08-12T02:55:18+00:00 POST 308 len=624 body="11" uri="/003/redirect/308?cs=fetch308" ct="text/plain" cs=fetch308 br=-
2026-08-12T02:55:18+00:00 POST 200 len=631 body="11" uri="/003/sink/308?cs=fetch308" ct="text/plain" cs=fetch308 br=-
2026-08-12T02:55:18+00:00 GET 200 len=87 body="-" uri="/003/state" ct="-" cs=- br=-
2026-08-12T02:55:19+00:00 POST 204 len=90 body="-" uri="/003/__reset" ct="-" cs=- br=-
2026-08-12T02:55:19+00:00 GET 200 len=471 body="-" uri="/003/page/blank.html" ct="-" cs=- br=-
2026-08-12T02:55:19+00:00 GET 404 len=471 body="-" uri="/favicon.ico" ct="-" cs=- br=-
2026-08-12T02:55:19+00:00 POST 301 len=497 body="11" uri="/003/redirect/301?cs=fetch301" ct="text/plain" cs=fetch301 br=-
2026-08-12T02:55:19+00:00 GET 200 len=415 body="-" uri="/003/sink/301?cs=fetch301" ct="-" cs=fetch301 br=-
2026-08-12T02:55:19+00:00 POST 302 len=497 body="11" uri="/003/redirect/302?cs=fetch302" ct="text/plain" cs=fetch302 br=-
2026-08-12T02:55:19+00:00 GET 200 len=415 body="-" uri="/003/sink/302?cs=fetch302" ct="-" cs=fetch302 br=-
2026-08-12T02:55:19+00:00 POST 303 len=497 body="11" uri="/003/redirect/303?cs=fetch303" ct="text/plain" cs=fetch303 br=-
2026-08-12T02:55:19+00:00 GET 200 len=415 body="-" uri="/003/sink/303?cs=fetch303" ct="-" cs=fetch303 br=-
2026-08-12T02:55:19+00:00 POST 307 len=497 body="11" uri="/003/redirect/307?cs=fetch307" ct="text/plain" cs=fetch307 br=-
2026-08-12T02:55:19+00:00 POST 200 len=504 body="11" uri="/003/sink/307?cs=fetch307" ct="text/plain" cs=fetch307 br=-
2026-08-12T02:55:19+00:00 POST 308 len=497 body="11" uri="/003/redirect/308?cs=fetch308" ct="text/plain" cs=fetch308 br=-
2026-08-12T02:55:19+00:00 POST 200 len=504 body="11" uri="/003/sink/308?cs=fetch308" ct="text/plain" cs=fetch308 br=-
2026-08-12T02:55:19+00:00 GET 200 len=87 body="-" uri="/003/state" ct="-" cs=- br=-
2026-08-12T02:55:20+00:00 POST 204 len=90 body="-" uri="/003/__reset" ct="-" cs=- br=-
2026-08-12T02:55:20+00:00 GET 200 len=456 body="-" uri="/003/page/blank.html" ct="-" cs=- br=-
2026-08-12T02:55:20+00:00 POST 301 len=505 body="11" uri="/003/redirect/301?cs=fetch301" ct="text/plain" cs=fetch301 br=-
2026-08-12T02:55:20+00:00 GET 200 len=454 body="-" uri="/003/sink/301?cs=fetch301" ct="-" cs=fetch301 br=-
2026-08-12T02:55:20+00:00 POST 302 len=505 body="11" uri="/003/redirect/302?cs=fetch302" ct="text/plain" cs=fetch302 br=-
2026-08-12T02:55:20+00:00 GET 200 len=454 body="-" uri="/003/sink/302?cs=fetch302" ct="-" cs=fetch302 br=-
2026-08-12T02:55:20+00:00 POST 303 len=505 body="11" uri="/003/redirect/303?cs=fetch303" ct="text/plain" cs=fetch303 br=-
2026-08-12T02:55:20+00:00 GET 200 len=454 body="-" uri="/003/sink/303?cs=fetch303" ct="-" cs=fetch303 br=-
2026-08-12T02:55:20+00:00 POST 307 len=505 body="11" uri="/003/redirect/307?cs=fetch307" ct="text/plain" cs=fetch307 br=-
2026-08-12T02:55:20+00:00 POST 200 len=512 body="11" uri="/003/sink/307?cs=fetch307" ct="text/plain" cs=fetch307 br=-
2026-08-12T02:55:20+00:00 POST 308 len=505 body="11" uri="/003/redirect/308?cs=fetch308" ct="text/plain" cs=fetch308 br=-
2026-08-12T02:55:20+00:00 POST 200 len=512 body="11" uri="/003/sink/308?cs=fetch308" ct="text/plain" cs=fetch308 br=-
2026-08-12T02:55:20+00:00 GET 200 len=87 body="-" uri="/003/state" ct="-" cs=- br=-
2026-08-12T02:55:20+00:00 POST 204 len=90 body="-" uri="/003/__reset" ct="-" cs=- br=-
2026-08-12T02:55:20+00:00 GET 200 len=670 body="-" uri="/003/page/prefetch.html" ct="-" cs=- br=-
2026-08-12T02:55:20+00:00 GET 200 len=724 body="-" uri="/003/unsafe/consume?token=prefetch&cs=prefetch" ct="-" cs=prefetch br=-
2026-08-12T02:55:25+00:00 GET 200 len=87 body="-" uri="/003/state" ct="-" cs=- br=-
2026-08-12T02:55:26+00:00 POST 204 len=90 body="-" uri="/003/__reset" ct="-" cs=- br=-
2026-08-12T02:55:26+00:00 GET 200 len=474 body="-" uri="/003/page/prefetch.html" ct="-" cs=- br=-
2026-08-12T02:55:26+00:00 GET 200 len=525 body="-" uri="/003/unsafe/consume?token=prefetch&cs=prefetch" ct="-" cs=prefetch br=-
2026-08-12T02:55:26+00:00 GET 404 len=474 body="-" uri="/favicon.ico" ct="-" cs=- br=-
2026-08-12T02:55:31+00:00 GET 200 len=87 body="-" uri="/003/state" ct="-" cs=- br=-
2026-08-12T02:55:32+00:00 POST 204 len=90 body="-" uri="/003/__reset" ct="-" cs=- br=-
2026-08-12T02:55:32+00:00 GET 200 len=459 body="-" uri="/003/page/prefetch.html" ct="-" cs=- br=-
2026-08-12T02:55:37+00:00 GET 200 len=87 body="-" uri="/003/state" ct="-" cs=- br=-
2026-08-12T02:56:25+00:00 POST 204 len=90 body="-" uri="/003/__reset" ct="-" cs=- br=-
2026-08-12T02:56:25+00:00 GET 200 len=670 body="-" uri="/003/page/override.html" ct="-" cs=- br=-
2026-08-12T02:56:25+00:00 POST 200 len=889 body="0" uri="/003/override/target?_method=PUT&cs=form_post_override" ct="application/x-www-form-urlencoded" cs=form_post_override br=-
2026-08-12T02:56:25+00:00 GET 200 len=746 body="-" uri="/003/override/target?cs=form_put_attr" ct="-" cs=form_put_attr br=-
2026-08-12T02:56:25+00:00 POST 200 len=874 body="0" uri="/003/override/target?cs=form_post_plain" ct="application/x-www-form-urlencoded" cs=form_post_plain br=-
2026-08-12T02:56:25+00:00 GET 200 len=747 body="-" uri="/003/override/target?cs=form_get_plain" ct="-" cs=form_get_plain br=-
2026-08-12T02:56:25+00:00 GET 200 len=667 body="-" uri="/003/page/blank.html" ct="-" cs=- br=-
2026-08-12T02:56:25+00:00 PUT 200 len=600 body="0" uri="/003/override/target?cs=fetch_put" ct="-" cs=fetch_put br=-
2026-08-12T02:56:25+00:00 GET 200 len=87 body="-" uri="/003/state" ct="-" cs=- br=-
2026-08-12T02:56:26+00:00 POST 204 len=90 body="-" uri="/003/__reset" ct="-" cs=- br=-
2026-08-12T02:56:26+00:00 GET 200 len=474 body="-" uri="/003/page/override.html" ct="-" cs=- br=-
2026-08-12T02:56:26+00:00 GET 404 len=474 body="-" uri="/favicon.ico" ct="-" cs=- br=-
2026-08-12T02:56:26+00:00 POST 200 len=667 body="0" uri="/003/override/target?_method=PUT&cs=form_post_override" ct="application/x-www-form-urlencoded" cs=form_post_override br=-
2026-08-12T02:56:26+00:00 GET 200 len=550 body="-" uri="/003/override/target?cs=form_put_attr" ct="-" cs=form_put_attr br=-
2026-08-12T02:56:26+00:00 POST 200 len=652 body="0" uri="/003/override/target?cs=form_post_plain" ct="application/x-www-form-urlencoded" cs=form_post_plain br=-
2026-08-12T02:56:26+00:00 GET 200 len=551 body="-" uri="/003/override/target?cs=form_get_plain" ct="-" cs=form_get_plain br=-
2026-08-12T02:56:26+00:00 GET 200 len=471 body="-" uri="/003/page/blank.html" ct="-" cs=- br=-
2026-08-12T02:56:26+00:00 PUT 200 len=473 body="0" uri="/003/override/target?cs=fetch_put" ct="-" cs=fetch_put br=-
2026-08-12T02:56:27+00:00 GET 200 len=87 body="-" uri="/003/state" ct="-" cs=- br=-
2026-08-12T02:56:27+00:00 POST 204 len=90 body="-" uri="/003/__reset" ct="-" cs=- br=-
2026-08-12T02:56:27+00:00 GET 200 len=459 body="-" uri="/003/page/override.html" ct="-" cs=- br=-
2026-08-12T02:56:27+00:00 POST 200 len=652 body="0" uri="/003/override/target?_method=PUT&cs=form_post_override" ct="application/x-www-form-urlencoded" cs=form_post_override br=-
2026-08-12T02:56:27+00:00 GET 200 len=535 body="-" uri="/003/override/target?cs=form_put_attr" ct="-" cs=form_put_attr br=-
2026-08-12T02:56:27+00:00 POST 200 len=637 body="0" uri="/003/override/target?cs=form_post_plain" ct="application/x-www-form-urlencoded" cs=form_post_plain br=-
2026-08-12T02:56:27+00:00 GET 200 len=536 body="-" uri="/003/override/target?cs=form_get_plain" ct="-" cs=form_get_plain br=-
2026-08-12T02:56:27+00:00 GET 200 len=456 body="-" uri="/003/page/blank.html" ct="-" cs=- br=-
2026-08-12T02:56:27+00:00 PUT 200 len=481 body="0" uri="/003/override/target?cs=fetch_put" ct="-" cs=fetch_put br=-
2026-08-12T02:56:27+00:00 GET 200 len=87 body="-" uri="/003/state" ct="-" cs=- br=-
2026-08-12T03:02:47+00:00 GET 200 len=84 body="-" uri="/__meta" ct="-" cs=- br=-
2026-08-12T03:04:54+00:00 GET 200 len=84 body="-" uri="/__meta" ct="-" cs=- br=-
2026-08-12T03:04:54+00:00 POST 204 len=90 body="-" uri="/003/__reset" ct="-" cs=- br=-
2026-08-12T03:04:54+00:00 PUT 200 len=196 body="47" uri="/003/put/replace/doc" ct="application/json" cs=- br=-
2026-08-12T03:04:54+00:00 GET 200 len=87 body="-" uri="/003/state" ct="-" cs=- br=-
2026-08-12T03:04:54+00:00 PUT 200 len=196 body="47" uri="/003/put/replace/doc" ct="application/json" cs=- br=-
2026-08-12T03:04:54+00:00 GET 200 len=87 body="-" uri="/003/state" ct="-" cs=- br=-
2026-08-12T03:04:54+00:00 PUT 200 len=196 body="47" uri="/003/put/replace/doc" ct="application/json" cs=- br=-
2026-08-12T03:04:54+00:00 GET 200 len=87 body="-" uri="/003/state" ct="-" cs=- br=-
2026-08-12T03:04:54+00:00 POST 204 len=90 body="-" uri="/003/__reset" ct="-" cs=- br=-
2026-08-12T03:04:54+00:00 PUT 200 len=196 body="47" uri="/003/put/stamped/doc" ct="application/json" cs=- br=-
2026-08-12T03:04:54+00:00 GET 200 len=87 body="-" uri="/003/state" ct="-" cs=- br=-
2026-08-12T03:04:55+00:00 PUT 200 len=196 body="47" uri="/003/put/stamped/doc" ct="application/json" cs=- br=-
2026-08-12T03:04:55+00:00 GET 200 len=87 body="-" uri="/003/state" ct="-" cs=- br=-
2026-08-12T03:04:55+00:00 PUT 200 len=196 body="47" uri="/003/put/stamped/doc" ct="application/json" cs=- br=-
2026-08-12T03:04:55+00:00 GET 200 len=87 body="-" uri="/003/state" ct="-" cs=- br=-
2026-08-12T03:04:55+00:00 POST 204 len=90 body="-" uri="/003/__reset" ct="-" cs=- br=-
2026-08-12T03:04:55+00:00 PUT 200 len=195 body="47" uri="/003/put/append/doc" ct="application/json" cs=- br=-
2026-08-12T03:04:55+00:00 GET 200 len=87 body="-" uri="/003/state" ct="-" cs=- br=-
2026-08-12T03:04:55+00:00 PUT 200 len=195 body="47" uri="/003/put/append/doc" ct="application/json" cs=- br=-
2026-08-12T03:04:55+00:00 GET 200 len=87 body="-" uri="/003/state" ct="-" cs=- br=-
2026-08-12T03:04:55+00:00 PUT 200 len=195 body="47" uri="/003/put/append/doc" ct="application/json" cs=- br=-
2026-08-12T03:04:55+00:00 GET 200 len=87 body="-" uri="/003/state" ct="-" cs=- br=-
2026-08-12T03:04:55+00:00 POST 204 len=90 body="-" uri="/003/__reset" ct="-" cs=- br=-
2026-08-12T03:04:55+00:00 PUT 200 len=197 body="47" uri="/003/put/numbered/doc" ct="application/json" cs=- br=-
2026-08-12T03:04:55+00:00 GET 200 len=87 body="-" uri="/003/state" ct="-" cs=- br=-
2026-08-12T03:04:56+00:00 PUT 200 len=197 body="47" uri="/003/put/numbered/doc" ct="application/json" cs=- br=-
2026-08-12T03:04:56+00:00 GET 200 len=87 body="-" uri="/003/state" ct="-" cs=- br=-
2026-08-12T03:04:56+00:00 PUT 200 len=197 body="47" uri="/003/put/numbered/doc" ct="application/json" cs=- br=-
2026-08-12T03:04:56+00:00 GET 200 len=87 body="-" uri="/003/state" ct="-" cs=- br=-
2026-08-12T03:04:56+00:00 POST 204 len=90 body="-" uri="/003/__reset" ct="-" cs=- br=-
2026-08-12T03:04:56+00:00 POST 201 len=197 body="47" uri="/003/post/collection" ct="application/json" cs=- br=-
2026-08-12T03:04:56+00:00 GET 200 len=87 body="-" uri="/003/state" ct="-" cs=- br=-
2026-08-12T03:04:56+00:00 POST 201 len=197 body="47" uri="/003/post/collection" ct="application/json" cs=- br=-
2026-08-12T03:04:56+00:00 GET 200 len=87 body="-" uri="/003/state" ct="-" cs=- br=-
2026-08-12T03:04:56+00:00 POST 201 len=197 body="47" uri="/003/post/collection" ct="application/json" cs=- br=-
2026-08-12T03:04:56+00:00 GET 200 len=87 body="-" uri="/003/state" ct="-" cs=- br=-
2026-08-12T03:04:56+00:00 GET 200 len=84 body="-" uri="/__meta" ct="-" cs=- br=-
2026-08-12T03:04:57+00:00 POST 204 len=90 body="-" uri="/003/__reset" ct="-" cs=- br=-
2026-08-12T03:04:57+00:00 DELETE 204 len=100 body="-" uri="/003/delete/strict/a" ct="-" cs=- br=-
2026-08-12T03:04:57+00:00 GET 200 len=87 body="-" uri="/003/state" ct="-" cs=- br=-
2026-08-12T03:04:57+00:00 DELETE 404 len=100 body="-" uri="/003/delete/strict/a" ct="-" cs=- br=-
2026-08-12T03:04:57+00:00 GET 200 len=87 body="-" uri="/003/state" ct="-" cs=- br=-
2026-08-12T03:04:57+00:00 POST 204 len=90 body="-" uri="/003/__reset" ct="-" cs=- br=-
2026-08-12T03:04:57+00:00 DELETE 204 len=101 body="-" uri="/003/delete/lenient/b" ct="-" cs=- br=-
2026-08-12T03:04:57+00:00 GET 200 len=87 body="-" uri="/003/state" ct="-" cs=- br=-
2026-08-12T03:04:57+00:00 DELETE 204 len=101 body="-" uri="/003/delete/lenient/b" ct="-" cs=- br=-
2026-08-12T03:04:57+00:00 GET 200 len=87 body="-" uri="/003/state" ct="-" cs=- br=-
2026-08-12T03:04:57+00:00 POST 204 len=90 body="-" uri="/003/__reset" ct="-" cs=- br=-
2026-08-12T03:04:57+00:00 DELETE 200 len=98 body="-" uri="/003/delete/echo/c" ct="-" cs=- br=-
2026-08-12T03:04:57+00:00 GET 200 len=87 body="-" uri="/003/state" ct="-" cs=- br=-
2026-08-12T03:04:57+00:00 DELETE 200 len=98 body="-" uri="/003/delete/echo/c" ct="-" cs=- br=-
2026-08-12T03:04:57+00:00 GET 200 len=87 body="-" uri="/003/state" ct="-" cs=- br=-
2026-08-12T03:04:57+00:00 GET 200 len=84 body="-" uri="/__meta" ct="-" cs=- br=-
2026-08-12T03:04:57+00:00 POST 204 len=90 body="-" uri="/003/__reset" ct="-" cs=- br=-
2026-08-12T03:04:57+00:00 PATCH 200 len=176 body="17" uri="/003/patch/merge" ct="application/merge-patch+json" cs=- br=-
2026-08-12T03:04:57+00:00 PATCH 200 len=176 body="17" uri="/003/patch/merge" ct="application/merge-patch+json" cs=- br=-
2026-08-12T03:04:57+00:00 PATCH 200 len=176 body="17" uri="/003/patch/merge" ct="application/merge-patch+json" cs=- br=-
2026-08-12T03:04:57+00:00 POST 204 len=90 body="-" uri="/003/__reset" ct="-" cs=- br=-
2026-08-12T03:04:57+00:00 PATCH 200 len=173 body="14" uri="/003/patch/merge" ct="application/merge-patch+json" cs=- br=-
2026-08-12T03:04:57+00:00 PATCH 200 len=173 body="14" uri="/003/patch/merge" ct="application/merge-patch+json" cs=- br=-
2026-08-12T03:04:57+00:00 PATCH 200 len=173 body="14" uri="/003/patch/merge" ct="application/merge-patch+json" cs=- br=-
2026-08-12T03:04:58+00:00 POST 204 len=90 body="-" uri="/003/__reset" ct="-" cs=- br=-
2026-08-12T03:04:58+00:00 PATCH 200 len=207 body="50" uri="/003/patch/json" ct="application/json-patch+json" cs=- br=-
2026-08-12T03:04:58+00:00 PATCH 200 len=207 body="50" uri="/003/patch/json" ct="application/json-patch+json" cs=- br=-
2026-08-12T03:04:58+00:00 PATCH 200 len=207 body="50" uri="/003/patch/json" ct="application/json-patch+json" cs=- br=-
2026-08-12T03:04:58+00:00 POST 204 len=90 body="-" uri="/003/__reset" ct="-" cs=- br=-
2026-08-12T03:04:58+00:00 PATCH 200 len=203 body="46" uri="/003/patch/json" ct="application/json-patch+json" cs=- br=-
2026-08-12T03:04:58+00:00 PATCH 200 len=203 body="46" uri="/003/patch/json" ct="application/json-patch+json" cs=- br=-
2026-08-12T03:04:58+00:00 PATCH 200 len=203 body="46" uri="/003/patch/json" ct="application/json-patch+json" cs=- br=-
2026-08-12T03:04:58+00:00 GET 200 len=84 body="-" uri="/__meta" ct="-" cs=- br=-
2026-08-12T03:04:58+00:00 POST 204 len=90 body="-" uri="/003/__reset" ct="-" cs=- br=-
2026-08-12T03:04:58+00:00 GET 200 len=114 body="-" uri="/003/unsafe/consume?token=curl&cs=get" ct="-" cs=get br=-
2026-08-12T03:04:58+00:00 GET 200 len=114 body="-" uri="/003/unsafe/consume?token=curl&cs=get" ct="-" cs=get br=-
2026-08-12T03:04:58+00:00 GET 200 len=114 body="-" uri="/003/unsafe/consume?token=curl&cs=get" ct="-" cs=get br=-
2026-08-12T03:04:58+00:00 GET 200 len=87 body="-" uri="/003/state" ct="-" cs=- br=-
2026-08-12T03:04:58+00:00 HEAD 200 len=116 body="-" uri="/003/unsafe/consume?token=head&cs=head" ct="-" cs=head br=-
2026-08-12T03:04:58+00:00 GET 200 len=87 body="-" uri="/003/state" ct="-" cs=- br=-
2026-08-12T03:04:58+00:00 GET 200 len=87 body="-" uri="/003/state" ct="-" cs=- br=-
2026-08-12T03:04:58+00:00 GET 200 len=87 body="-" uri="/003/state" ct="-" cs=- br=-
2026-08-12T03:04:58+00:00 GET 200 len=87 body="-" uri="/003/state" ct="-" cs=- br=-
2026-08-12T03:04:58+00:00 GET 200 len=87 body="-" uri="/003/state" ct="-" cs=- br=-
2026-08-12T03:04:58+00:00 GET 200 len=87 body="-" uri="/003/state" ct="-" cs=- br=-
2026-08-12T03:04:59+00:00 GET 200 len=84 body="-" uri="/__meta" ct="-" cs=- br=-
2026-08-12T03:04:59+00:00 POST 204 len=90 body="-" uri="/003/__reset" ct="-" cs=- br=-
2026-08-12T03:04:59+00:00 POST 301 len=153 body="11" uri="/003/redirect/301?cs=implicit" ct="text/plain" cs=implicit br=-
2026-08-12T03:04:59+00:00 GET 200 len=128 body="-" uri="/003/sink/301?cs=implicit" ct="text/plain" cs=implicit br=-
2026-08-12T03:04:59+00:00 GET 200 len=87 body="-" uri="/003/state" ct="-" cs=- br=-
2026-08-12T03:04:59+00:00 POST 204 len=90 body="-" uri="/003/__reset" ct="-" cs=- br=-
2026-08-12T03:04:59+00:00 POST 302 len=153 body="11" uri="/003/redirect/302?cs=implicit" ct="text/plain" cs=implicit br=-
2026-08-12T03:04:59+00:00 GET 200 len=128 body="-" uri="/003/sink/302?cs=implicit" ct="text/plain" cs=implicit br=-
2026-08-12T03:04:59+00:00 GET 200 len=87 body="-" uri="/003/state" ct="-" cs=- br=-
2026-08-12T03:04:59+00:00 POST 204 len=90 body="-" uri="/003/__reset" ct="-" cs=- br=-
2026-08-12T03:04:59+00:00 POST 303 len=153 body="11" uri="/003/redirect/303?cs=implicit" ct="text/plain" cs=implicit br=-
2026-08-12T03:04:59+00:00 GET 200 len=128 body="-" uri="/003/sink/303?cs=implicit" ct="text/plain" cs=implicit br=-
2026-08-12T03:04:59+00:00 GET 200 len=87 body="-" uri="/003/state" ct="-" cs=- br=-
2026-08-12T03:04:59+00:00 POST 204 len=90 body="-" uri="/003/__reset" ct="-" cs=- br=-
2026-08-12T03:04:59+00:00 POST 307 len=153 body="11" uri="/003/redirect/307?cs=implicit" ct="text/plain" cs=implicit br=-
2026-08-12T03:04:59+00:00 POST 200 len=160 body="11" uri="/003/sink/307?cs=implicit" ct="text/plain" cs=implicit br=-
2026-08-12T03:04:59+00:00 GET 200 len=87 body="-" uri="/003/state" ct="-" cs=- br=-
2026-08-12T03:04:59+00:00 POST 204 len=90 body="-" uri="/003/__reset" ct="-" cs=- br=-
2026-08-12T03:04:59+00:00 POST 308 len=153 body="11" uri="/003/redirect/308?cs=implicit" ct="text/plain" cs=implicit br=-
2026-08-12T03:04:59+00:00 POST 200 len=160 body="11" uri="/003/sink/308?cs=implicit" ct="text/plain" cs=implicit br=-
2026-08-12T03:04:59+00:00 GET 200 len=87 body="-" uri="/003/state" ct="-" cs=- br=-
2026-08-12T03:04:59+00:00 POST 204 len=90 body="-" uri="/003/__reset" ct="-" cs=- br=-
2026-08-12T03:04:59+00:00 POST 301 len=151 body="11" uri="/003/redirect/301?cs=forced" ct="text/plain" cs=forced br=-
2026-08-12T03:04:59+00:00 POST 200 len=127 body="-" uri="/003/sink/301?cs=forced" ct="text/plain" cs=forced br=-
2026-08-12T03:04:59+00:00 GET 200 len=87 body="-" uri="/003/state" ct="-" cs=- br=-
2026-08-12T03:04:59+00:00 POST 204 len=90 body="-" uri="/003/__reset" ct="-" cs=- br=-
2026-08-12T03:04:59+00:00 POST 302 len=151 body="11" uri="/003/redirect/302?cs=forced" ct="text/plain" cs=forced br=-
2026-08-12T03:04:59+00:00 POST 200 len=127 body="-" uri="/003/sink/302?cs=forced" ct="text/plain" cs=forced br=-
2026-08-12T03:04:59+00:00 GET 200 len=87 body="-" uri="/003/state" ct="-" cs=- br=-
2026-08-12T03:04:59+00:00 POST 204 len=90 body="-" uri="/003/__reset" ct="-" cs=- br=-
2026-08-12T03:04:59+00:00 POST 303 len=151 body="11" uri="/003/redirect/303?cs=forced" ct="text/plain" cs=forced br=-
2026-08-12T03:04:59+00:00 POST 200 len=127 body="-" uri="/003/sink/303?cs=forced" ct="text/plain" cs=forced br=-
2026-08-12T03:04:59+00:00 GET 200 len=87 body="-" uri="/003/state" ct="-" cs=- br=-
2026-08-12T03:04:59+00:00 POST 204 len=90 body="-" uri="/003/__reset" ct="-" cs=- br=-
2026-08-12T03:04:59+00:00 POST 307 len=151 body="11" uri="/003/redirect/307?cs=forced" ct="text/plain" cs=forced br=-
2026-08-12T03:04:59+00:00 POST 200 len=158 body="11" uri="/003/sink/307?cs=forced" ct="text/plain" cs=forced br=-
2026-08-12T03:04:59+00:00 GET 200 len=87 body="-" uri="/003/state" ct="-" cs=- br=-
2026-08-12T03:04:59+00:00 POST 204 len=90 body="-" uri="/003/__reset" ct="-" cs=- br=-
2026-08-12T03:04:59+00:00 POST 308 len=151 body="11" uri="/003/redirect/308?cs=forced" ct="text/plain" cs=forced br=-
2026-08-12T03:04:59+00:00 POST 200 len=158 body="11" uri="/003/sink/308?cs=forced" ct="text/plain" cs=forced br=-
2026-08-12T03:04:59+00:00 GET 200 len=87 body="-" uri="/003/state" ct="-" cs=- br=-
2026-08-12T03:04:59+00:00 POST 204 len=90 body="-" uri="/003/__reset" ct="-" cs=- br=-
2026-08-12T03:04:59+00:00 POST 301 len=152 body="11" uri="/003/redirect/301?cs=post30x" ct="text/plain" cs=post30x br=-
2026-08-12T03:04:59+00:00 POST 200 len=159 body="11" uri="/003/sink/301?cs=post30x" ct="text/plain" cs=post30x br=-
2026-08-12T03:05:00+00:00 GET 200 len=87 body="-" uri="/003/state" ct="-" cs=- br=-
2026-08-12T03:05:00+00:00 POST 204 len=90 body="-" uri="/003/__reset" ct="-" cs=- br=-
2026-08-12T03:05:00+00:00 POST 302 len=152 body="11" uri="/003/redirect/302?cs=post30x" ct="text/plain" cs=post30x br=-
2026-08-12T03:05:00+00:00 POST 200 len=159 body="11" uri="/003/sink/302?cs=post30x" ct="text/plain" cs=post30x br=-
2026-08-12T03:05:00+00:00 GET 200 len=87 body="-" uri="/003/state" ct="-" cs=- br=-
2026-08-12T03:05:00+00:00 POST 204 len=90 body="-" uri="/003/__reset" ct="-" cs=- br=-
2026-08-12T03:05:00+00:00 POST 303 len=152 body="11" uri="/003/redirect/303?cs=post30x" ct="text/plain" cs=post30x br=-
2026-08-12T03:05:00+00:00 POST 200 len=159 body="11" uri="/003/sink/303?cs=post30x" ct="text/plain" cs=post30x br=-
2026-08-12T03:05:00+00:00 GET 200 len=87 body="-" uri="/003/state" ct="-" cs=- br=-
2026-08-12T03:05:00+00:00 POST 204 len=90 body="-" uri="/003/__reset" ct="-" cs=- br=-
2026-08-12T03:05:00+00:00 POST 307 len=152 body="11" uri="/003/redirect/307?cs=post30x" ct="text/plain" cs=post30x br=-
2026-08-12T03:05:00+00:00 POST 200 len=159 body="11" uri="/003/sink/307?cs=post30x" ct="text/plain" cs=post30x br=-
2026-08-12T03:05:00+00:00 GET 200 len=87 body="-" uri="/003/state" ct="-" cs=- br=-
2026-08-12T03:05:00+00:00 POST 204 len=90 body="-" uri="/003/__reset" ct="-" cs=- br=-
2026-08-12T03:05:00+00:00 POST 308 len=152 body="11" uri="/003/redirect/308?cs=post30x" ct="text/plain" cs=post30x br=-
2026-08-12T03:05:00+00:00 POST 200 len=159 body="11" uri="/003/sink/308?cs=post30x" ct="text/plain" cs=post30x br=-
2026-08-12T03:05:00+00:00 GET 200 len=87 body="-" uri="/003/state" ct="-" cs=- br=-
2026-08-12T07:03:12+00:00 GET 200 len=87 body="-" uri="/003/state" ct="-" cs=- br=-
2026-08-12T07:04:34+00:00 POST 204 len=90 body="-" uri="/003/__reset" ct="-" cs=- br=-
2026-08-12T07:04:34+00:00 PUT 200 len=196 body="47" uri="/003/put/stamped/doc" ct="application/json" cs=- br=-
2026-08-12T07:04:35+00:00 PUT 200 len=196 body="47" uri="/003/put/stamped/doc" ct="application/json" cs=- br=-
2026-08-12T07:04:35+00:00 PUT 200 len=196 body="47" uri="/003/put/stamped/doc" ct="application/json" cs=- br=-
2026-08-12T07:04:35+00:00 GET 200 len=87 body="-" uri="/003/state" ct="-" cs=- br=-
2026-08-12T07:04:57+00:00 POST 204 len=90 body="-" uri="/003/__reset" ct="-" cs=- br=-
2026-08-12T07:04:57+00:00 DELETE 204 len=100 body="-" uri="/003/delete/strict/a" ct="-" cs=- br=-
2026-08-12T07:04:57+00:00 DELETE 404 len=100 body="-" uri="/003/delete/strict/a" ct="-" cs=- br=-
2026-08-12T07:04:58+00:00 GET 200 len=87 body="-" uri="/003/state" ct="-" cs=- br=-
2026-08-12T07:04:58+00:00 POST 204 len=90 body="-" uri="/003/__reset" ct="-" cs=- br=-
2026-08-12T07:04:58+00:00 PATCH 200 len=176 body="17" uri="/003/patch/merge" ct="application/merge-patch+json" cs=- br=-
2026-08-12T07:04:58+00:00 PATCH 200 len=176 body="17" uri="/003/patch/merge" ct="application/merge-patch+json" cs=- br=-
2026-08-12T07:04:58+00:00 PATCH 200 len=176 body="17" uri="/003/patch/merge" ct="application/merge-patch+json" cs=- br=-
2026-08-12T07:04:58+00:00 PATCH 200 len=203 body="46" uri="/003/patch/json" ct="application/json-patch+json" cs=- br=-
2026-08-12T07:04:58+00:00 PATCH 200 len=203 body="46" uri="/003/patch/json" ct="application/json-patch+json" cs=- br=-
2026-08-12T07:04:58+00:00 PATCH 200 len=203 body="46" uri="/003/patch/json" ct="application/json-patch+json" cs=- br=-
2026-08-12T07:04:58+00:00 GET 200 len=87 body="-" uri="/003/state" ct="-" cs=- br=-
2026-08-12T07:04:58+00:00 POST 204 len=90 body="-" uri="/003/__reset" ct="-" cs=- br=-
2026-08-12T07:04:58+00:00 GET 200 len=107 body="-" uri="/003/unsafe/consume?token=curl" ct="-" cs=- br=-
2026-08-12T07:04:58+00:00 GET 200 len=107 body="-" uri="/003/unsafe/consume?token=curl" ct="-" cs=- br=-
2026-08-12T07:04:58+00:00 GET 200 len=107 body="-" uri="/003/unsafe/consume?token=curl" ct="-" cs=- br=-
2026-08-12T07:04:58+00:00 HEAD 200 len=108 body="-" uri="/003/unsafe/consume?token=head" ct="-" cs=- br=-
2026-08-12T07:04:58+00:00 GET 200 len=87 body="-" uri="/003/state" ct="-" cs=- br=-
2026-08-12T07:05:13+00:00 POST 204 len=90 body="-" uri="/003/__reset" ct="-" cs=- br=-
2026-08-12T07:05:13+00:00 POST 301 len=164 body="11" uri="/003/redirect/301" ct="application/x-www-form-urlencoded" cs=- br=-
2026-08-12T07:05:13+00:00 GET 200 len=90 body="-" uri="/003/sink/301" ct="-" cs=- br=-
2026-08-12T07:05:13+00:00 POST 301 len=164 body="11" uri="/003/redirect/301" ct="application/x-www-form-urlencoded" cs=- br=-
2026-08-12T07:05:13+00:00 POST 200 len=91 body="-" uri="/003/sink/301" ct="-" cs=- br=-
2026-08-12T07:05:13+00:00 POST 301 len=164 body="11" uri="/003/redirect/301" ct="application/x-www-form-urlencoded" cs=- br=-
2026-08-12T07:05:13+00:00 POST 200 len=171 body="11" uri="/003/sink/301" ct="application/x-www-form-urlencoded" cs=- br=-
2026-08-12T07:05:13+00:00 GET 200 len=87 body="-" uri="/003/state" ct="-" cs=- br=-
2026-08-12T07:05:52+00:00 POST 204 len=90 body="-" uri="/003/__reset" ct="-" cs=- br=-
2026-08-12T07:05:52+00:00 GET 200 len=670 body="-" uri="/003/page/prefetch.html" ct="-" cs=- br=-
2026-08-12T07:05:52+00:00 GET 200 len=724 body="-" uri="/003/unsafe/consume?token=prefetch&cs=prefetch" ct="-" cs=prefetch br=-
2026-08-12T07:05:57+00:00 GET 200 len=87 body="-" uri="/003/state" ct="-" cs=- br=-
2026-08-12T07:05:59+00:00 POST 204 len=90 body="-" uri="/003/__reset" ct="-" cs=- br=-
2026-08-12T07:05:59+00:00 GET 200 len=474 body="-" uri="/003/page/prefetch.html" ct="-" cs=- br=-
2026-08-12T07:05:59+00:00 GET 200 len=525 body="-" uri="/003/unsafe/consume?token=prefetch&cs=prefetch" ct="-" cs=prefetch br=-
2026-08-12T07:05:59+00:00 GET 404 len=474 body="-" uri="/favicon.ico" ct="-" cs=- br=-
2026-08-12T07:06:05+00:00 GET 200 len=87 body="-" uri="/003/state" ct="-" cs=- br=-
2026-08-12T07:06:06+00:00 POST 204 len=90 body="-" uri="/003/__reset" ct="-" cs=- br=-
2026-08-12T07:06:06+00:00 GET 200 len=459 body="-" uri="/003/page/prefetch.html" ct="-" cs=- br=-
2026-08-12T07:06:11+00:00 GET 200 len=87 body="-" uri="/003/state" ct="-" cs=- br=-
2026-08-12T07:06:27+00:00 POST 204 len=90 body="-" uri="/003/__reset" ct="-" cs=- br=-
2026-08-12T07:06:27+00:00 GET 200 len=667 body="-" uri="/003/page/blank.html" ct="-" cs=- br=-
2026-08-12T07:06:27+00:00 POST 301 len=624 body="11" uri="/003/redirect/301?cs=fetch301" ct="text/plain" cs=fetch301 br=-
2026-08-12T07:06:27+00:00 GET 200 len=542 body="-" uri="/003/sink/301?cs=fetch301" ct="-" cs=fetch301 br=-
2026-08-12T07:06:27+00:00 POST 302 len=624 body="11" uri="/003/redirect/302?cs=fetch302" ct="text/plain" cs=fetch302 br=-
2026-08-12T07:06:27+00:00 GET 200 len=542 body="-" uri="/003/sink/302?cs=fetch302" ct="-" cs=fetch302 br=-
2026-08-12T07:06:27+00:00 POST 303 len=624 body="11" uri="/003/redirect/303?cs=fetch303" ct="text/plain" cs=fetch303 br=-
2026-08-12T07:06:27+00:00 GET 200 len=542 body="-" uri="/003/sink/303?cs=fetch303" ct="-" cs=fetch303 br=-
2026-08-12T07:06:27+00:00 POST 307 len=624 body="11" uri="/003/redirect/307?cs=fetch307" ct="text/plain" cs=fetch307 br=-
2026-08-12T07:06:27+00:00 POST 200 len=631 body="11" uri="/003/sink/307?cs=fetch307" ct="text/plain" cs=fetch307 br=-
2026-08-12T07:06:27+00:00 POST 308 len=624 body="11" uri="/003/redirect/308?cs=fetch308" ct="text/plain" cs=fetch308 br=-
2026-08-12T07:06:27+00:00 POST 200 len=631 body="11" uri="/003/sink/308?cs=fetch308" ct="text/plain" cs=fetch308 br=-
2026-08-12T07:06:27+00:00 GET 200 len=87 body="-" uri="/003/state" ct="-" cs=- br=-
2026-08-12T07:06:28+00:00 POST 204 len=90 body="-" uri="/003/__reset" ct="-" cs=- br=-
2026-08-12T07:06:28+00:00 GET 200 len=471 body="-" uri="/003/page/blank.html" ct="-" cs=- br=-
2026-08-12T07:06:28+00:00 GET 404 len=471 body="-" uri="/favicon.ico" ct="-" cs=- br=-
2026-08-12T07:06:29+00:00 POST 301 len=497 body="11" uri="/003/redirect/301?cs=fetch301" ct="text/plain" cs=fetch301 br=-
2026-08-12T07:06:29+00:00 GET 200 len=415 body="-" uri="/003/sink/301?cs=fetch301" ct="-" cs=fetch301 br=-
2026-08-12T07:06:29+00:00 POST 302 len=497 body="11" uri="/003/redirect/302?cs=fetch302" ct="text/plain" cs=fetch302 br=-
2026-08-12T07:06:29+00:00 GET 200 len=415 body="-" uri="/003/sink/302?cs=fetch302" ct="-" cs=fetch302 br=-
2026-08-12T07:06:29+00:00 POST 303 len=497 body="11" uri="/003/redirect/303?cs=fetch303" ct="text/plain" cs=fetch303 br=-
2026-08-12T07:06:29+00:00 GET 200 len=415 body="-" uri="/003/sink/303?cs=fetch303" ct="-" cs=fetch303 br=-
2026-08-12T07:06:29+00:00 POST 307 len=497 body="11" uri="/003/redirect/307?cs=fetch307" ct="text/plain" cs=fetch307 br=-
2026-08-12T07:06:29+00:00 POST 200 len=504 body="11" uri="/003/sink/307?cs=fetch307" ct="text/plain" cs=fetch307 br=-
2026-08-12T07:06:29+00:00 POST 308 len=497 body="11" uri="/003/redirect/308?cs=fetch308" ct="text/plain" cs=fetch308 br=-
2026-08-12T07:06:29+00:00 POST 200 len=504 body="11" uri="/003/sink/308?cs=fetch308" ct="text/plain" cs=fetch308 br=-
2026-08-12T07:06:29+00:00 GET 200 len=87 body="-" uri="/003/state" ct="-" cs=- br=-
2026-08-12T07:06:29+00:00 POST 204 len=90 body="-" uri="/003/__reset" ct="-" cs=- br=-
2026-08-12T07:06:29+00:00 GET 200 len=456 body="-" uri="/003/page/blank.html" ct="-" cs=- br=-
2026-08-12T07:06:29+00:00 POST 301 len=505 body="11" uri="/003/redirect/301?cs=fetch301" ct="text/plain" cs=fetch301 br=-
2026-08-12T07:06:29+00:00 GET 200 len=454 body="-" uri="/003/sink/301?cs=fetch301" ct="-" cs=fetch301 br=-
2026-08-12T07:06:29+00:00 POST 302 len=505 body="11" uri="/003/redirect/302?cs=fetch302" ct="text/plain" cs=fetch302 br=-
2026-08-12T07:06:29+00:00 GET 200 len=454 body="-" uri="/003/sink/302?cs=fetch302" ct="-" cs=fetch302 br=-
2026-08-12T07:06:29+00:00 POST 303 len=505 body="11" uri="/003/redirect/303?cs=fetch303" ct="text/plain" cs=fetch303 br=-
2026-08-12T07:06:29+00:00 GET 200 len=454 body="-" uri="/003/sink/303?cs=fetch303" ct="-" cs=fetch303 br=-
2026-08-12T07:06:29+00:00 POST 307 len=505 body="11" uri="/003/redirect/307?cs=fetch307" ct="text/plain" cs=fetch307 br=-
2026-08-12T07:06:29+00:00 POST 200 len=512 body="11" uri="/003/sink/307?cs=fetch307" ct="text/plain" cs=fetch307 br=-
2026-08-12T07:06:29+00:00 POST 308 len=505 body="11" uri="/003/redirect/308?cs=fetch308" ct="text/plain" cs=fetch308 br=-
2026-08-12T07:06:29+00:00 POST 200 len=512 body="11" uri="/003/sink/308?cs=fetch308" ct="text/plain" cs=fetch308 br=-
2026-08-12T07:06:30+00:00 GET 200 len=87 body="-" uri="/003/state" ct="-" cs=- br=-
2026-08-12T07:06:30+00:00 POST 204 len=90 body="-" uri="/003/__reset" ct="-" cs=- br=-
2026-08-12T07:06:30+00:00 GET 200 len=670 body="-" uri="/003/page/override.html" ct="-" cs=- br=-
2026-08-12T07:06:30+00:00 POST 200 len=889 body="0" uri="/003/override/target?_method=PUT&cs=form_post_override" ct="application/x-www-form-urlencoded" cs=form_post_override br=-
2026-08-12T07:06:30+00:00 GET 200 len=746 body="-" uri="/003/override/target?cs=form_put_attr" ct="-" cs=form_put_attr br=-
2026-08-12T07:06:30+00:00 POST 200 len=874 body="0" uri="/003/override/target?cs=form_post_plain" ct="application/x-www-form-urlencoded" cs=form_post_plain br=-
2026-08-12T07:06:30+00:00 GET 200 len=747 body="-" uri="/003/override/target?cs=form_get_plain" ct="-" cs=form_get_plain br=-
2026-08-12T07:06:30+00:00 GET 200 len=667 body="-" uri="/003/page/blank.html" ct="-" cs=- br=-
2026-08-12T07:06:30+00:00 PUT 200 len=600 body="0" uri="/003/override/target?cs=fetch_put" ct="-" cs=fetch_put br=-
2026-08-12T07:06:30+00:00 GET 200 len=87 body="-" uri="/003/state" ct="-" cs=- br=-
2026-08-12T07:06:31+00:00 POST 204 len=90 body="-" uri="/003/__reset" ct="-" cs=- br=-
2026-08-12T07:06:31+00:00 GET 200 len=474 body="-" uri="/003/page/override.html" ct="-" cs=- br=-
2026-08-12T07:06:31+00:00 GET 404 len=474 body="-" uri="/favicon.ico" ct="-" cs=- br=-
2026-08-12T07:06:31+00:00 POST 200 len=667 body="0" uri="/003/override/target?_method=PUT&cs=form_post_override" ct="application/x-www-form-urlencoded" cs=form_post_override br=-
2026-08-12T07:06:32+00:00 GET 200 len=550 body="-" uri="/003/override/target?cs=form_put_attr" ct="-" cs=form_put_attr br=-
2026-08-12T07:06:32+00:00 POST 200 len=652 body="0" uri="/003/override/target?cs=form_post_plain" ct="application/x-www-form-urlencoded" cs=form_post_plain br=-
2026-08-12T07:06:32+00:00 GET 200 len=551 body="-" uri="/003/override/target?cs=form_get_plain" ct="-" cs=form_get_plain br=-
2026-08-12T07:06:32+00:00 GET 200 len=471 body="-" uri="/003/page/blank.html" ct="-" cs=- br=-
2026-08-12T07:06:32+00:00 PUT 200 len=473 body="0" uri="/003/override/target?cs=fetch_put" ct="-" cs=fetch_put br=-
2026-08-12T07:06:32+00:00 GET 200 len=87 body="-" uri="/003/state" ct="-" cs=- br=-
2026-08-12T07:06:33+00:00 POST 204 len=90 body="-" uri="/003/__reset" ct="-" cs=- br=-
2026-08-12T07:06:33+00:00 GET 200 len=459 body="-" uri="/003/page/override.html" ct="-" cs=- br=-
2026-08-12T07:06:33+00:00 POST 200 len=652 body="0" uri="/003/override/target?_method=PUT&cs=form_post_override" ct="application/x-www-form-urlencoded" cs=form_post_override br=-
2026-08-12T07:06:33+00:00 GET 200 len=535 body="-" uri="/003/override/target?cs=form_put_attr" ct="-" cs=form_put_attr br=-
2026-08-12T07:06:33+00:00 POST 200 len=637 body="0" uri="/003/override/target?cs=form_post_plain" ct="application/x-www-form-urlencoded" cs=form_post_plain br=-
2026-08-12T07:06:33+00:00 GET 200 len=536 body="-" uri="/003/override/target?cs=form_get_plain" ct="-" cs=form_get_plain br=-
2026-08-12T07:06:33+00:00 GET 200 len=456 body="-" uri="/003/page/blank.html" ct="-" cs=- br=-
2026-08-12T07:06:33+00:00 PUT 200 len=481 body="0" uri="/003/override/target?cs=fetch_put" ct="-" cs=fetch_put br=-
2026-08-12T07:06:33+00:00 GET 200 len=87 body="-" uri="/003/state" ct="-" cs=- br=-
2026-08-12T07:07:43+00:00 POST 204 len=90 body="-" uri="/003/__reset" ct="-" cs=- br=-
2026-08-12T07:07:43+00:00 POST 204 len=90 body="-" uri="/003/__reset" ct="-" cs=- br=-
2026-08-12T07:07:43+00:00 PUT 200 len=196 body="47" uri="/003/put/stamped/doc" ct="application/json" cs=- br=-
2026-08-12T07:07:43+00:00 GET 200 len=87 body="-" uri="/003/state" ct="-" cs=- br=-
2026-08-12T07:07:44+00:00 PUT 200 len=196 body="47" uri="/003/put/stamped/doc" ct="application/json" cs=- br=-
2026-08-12T07:07:44+00:00 GET 200 len=87 body="-" uri="/003/state" ct="-" cs=- br=-
2026-08-12T07:07:44+00:00 PUT 200 len=196 body="47" uri="/003/put/stamped/doc" ct="application/json" cs=- br=-
2026-08-12T07:07:44+00:00 GET 200 len=87 body="-" uri="/003/state" ct="-" cs=- br=-
2026-08-12T07:11:53+00:00 GET 404 len=92 body="-" uri="/003/state/docs" ct="-" cs=- br=-
2026-08-12T07:11:53+00:00 GET 200 len=87 body="-" uri="/003/state" ct="-" cs=- br=-
2026-08-12T07:12:28+00:00 GET 200 len=92 body="-" uri="/003/state/docs" ct="-" cs=- br=-
2026-08-12T07:12:29+00:00 GET 200 len=87 body="-" uri="/003/state" ct="-" cs=- br=-
2026-08-12T07:12:45+00:00 POST 204 len=90 body="-" uri="/003/__reset" ct="-" cs=- br=-
2026-08-12T07:12:45+00:00 PUT 200 len=196 body="47" uri="/003/put/stamped/doc" ct="application/json" cs=- br=-
2026-08-12T07:12:45+00:00 GET 200 len=92 body="-" uri="/003/state/docs" ct="-" cs=- br=-
2026-08-12T07:12:45+00:00 PUT 200 len=196 body="47" uri="/003/put/stamped/doc" ct="application/json" cs=- br=-
2026-08-12T07:12:45+00:00 GET 200 len=92 body="-" uri="/003/state/docs" ct="-" cs=- br=-
2026-08-12T07:12:45+00:00 PUT 200 len=196 body="47" uri="/003/put/stamped/doc" ct="application/json" cs=- br=-
2026-08-12T07:12:45+00:00 GET 200 len=92 body="-" uri="/003/state/docs" ct="-" cs=- br=-
2026-08-12T07:13:59+00:00 POST 204 len=90 body="-" uri="/003/__reset" ct="-" cs=- br=-
2026-08-12T07:13:59+00:00 PUT 200 len=196 body="47" uri="/003/put/stamped/doc" ct="application/json" cs=- br=-
2026-08-12T07:13:59+00:00 GET 200 len=92 body="-" uri="/003/state/docs" ct="-" cs=- br=-
2026-08-12T07:13:59+00:00 PUT 200 len=196 body="47" uri="/003/put/stamped/doc" ct="application/json" cs=- br=-
2026-08-12T07:13:59+00:00 GET 200 len=92 body="-" uri="/003/state/docs" ct="-" cs=- br=-
2026-08-12T07:13:59+00:00 PUT 200 len=196 body="47" uri="/003/put/stamped/doc" ct="application/json" cs=- br=-
2026-08-12T07:13:59+00:00 GET 200 len=92 body="-" uri="/003/state/docs" ct="-" cs=- br=-
2026-08-12T07:42:09+00:00 POST 204 len=90 body="-" uri="/003/__reset" ct="-" cs=- br=-
2026-08-12T07:42:09+00:00 DELETE 204 len=101 body="-" uri="/003/delete/lenient/a" ct="-" cs=- br=-
2026-08-12T07:42:09+00:00 DELETE 204 len=101 body="-" uri="/003/delete/lenient/a" ct="-" cs=- br=-
2026-08-12T07:42:09+00:00 POST 204 len=90 body="-" uri="/003/__reset" ct="-" cs=- br=-
2026-08-12T07:42:09+00:00 DELETE 200 len=98 body="-" uri="/003/delete/echo/a" ct="-" cs=- br=-
2026-08-12T07:42:10+00:00 DELETE 200 len=98 body="-" uri="/003/delete/echo/a" ct="-" cs=- br=-
2026-08-12T07:42:24+00:00 POST 204 len=90 body="-" uri="/003/__reset" ct="-" cs=- br=-
2026-08-12T07:42:24+00:00 PATCH 200 len=173 body="14" uri="/003/patch/merge" ct="application/merge-patch+json" cs=- br=-
2026-08-12T07:42:24+00:00 PATCH 200 len=173 body="14" uri="/003/patch/merge" ct="application/merge-patch+json" cs=- br=-
2026-08-12T07:42:24+00:00 PATCH 200 len=173 body="14" uri="/003/patch/merge" ct="application/merge-patch+json" cs=- br=-
2026-08-12T07:42:24+00:00 GET 200 len=87 body="-" uri="/003/state" ct="-" cs=- br=-
2026-08-12T07:42:24+00:00 POST 204 len=90 body="-" uri="/003/__reset" ct="-" cs=- br=-
2026-08-12T07:42:24+00:00 PATCH 200 len=207 body="50" uri="/003/patch/json" ct="application/json-patch+json" cs=- br=-
2026-08-12T07:42:24+00:00 PATCH 200 len=207 body="50" uri="/003/patch/json" ct="application/json-patch+json" cs=- br=-
2026-08-12T07:42:24+00:00 PATCH 200 len=207 body="50" uri="/003/patch/json" ct="application/json-patch+json" cs=- br=-
2026-08-12T07:42:24+00:00 GET 200 len=87 body="-" uri="/003/state" ct="-" cs=- br=-
