# 004-retry-clients
measured-at: 2026-08-23T13:26:54.217Z
retry-after: 3

## python-urllib3-retry（再試行を明示的に設定した側）
$ python3 tools/004-clients/retry_urllib3.py <url>
  exhausted: MaxRetryError
  urllib3=2.7.0
  到着 3 回 / gaps=[3,3] / 判定=waited
    1787491614.325 2026-08-23T13:26:54+00:00 GET 429 uri="/004/api/limited?cs=clients&cl=python-urllib3-retry&after=0&ra=3" cs=clients cl=python-urllib3-retry wa="-" ra="3" cache=-
    1787491617.333 2026-08-23T13:26:57+00:00 GET 429 uri="/004/api/limited?cs=clients&cl=python-urllib3-retry&after=0&ra=3" cs=clients cl=python-urllib3-retry wa="-" ra="3" cache=-
    1787491620.343 2026-08-23T13:27:00+00:00 GET 429 uri="/004/api/limited?cs=clients&cl=python-urllib3-retry&after=0&ra=3" cs=clients cl=python-urllib3-retry wa="-" ra="3" cache=-

## python-requests（同じ urllib3 の上に載る素の呼び出し）
$ python3 tools/004-clients/retry_requests.py <url>
  status=429 retry-after=3
  requests=2.34.2
  到着 1 回 / gaps=[] / 判定=no_retry
    1787491620.477 2026-08-23T13:27:00+00:00 GET 429 uri="/004/api/limited?cs=clients&cl=python-requests&after=0&ra=3" cs=clients cl=python-requests wa="-" ra="3" cache=-

## java-httpclient（java.net.http（再試行の設定なし））
$ java tools/004-clients/Retry.java <url>
  status=429 retry-after=3
  java=25.0.4+7-LTS
  到着 1 回 / gaps=[] / 判定=no_retry
    1787491620.787 2026-08-23T13:27:00+00:00 GET 429 uri="/004/api/limited?cs=clients&cl=java-httpclient&after=0&ra=3" cs=clients cl=java-httpclient wa="-" ra="3" cache=-

## go-nethttp（net/http（再試行の設定なし））
$ go run tools/004-clients/retry.go <url>
  status=429 retry-after=3
  go=go1.27.0
  到着 1 回 / gaps=[] / 判定=no_retry
    1787491622.302 2026-08-23T13:27:02+00:00 GET 429 uri="/004/api/limited?cs=clients&cl=go-nethttp&after=0&ra=3" cs=clients cl=go-nethttp wa="-" ra="3" cache=-

## ruby-nethttp（Net::HTTP（再試行の設定なし））
$ ruby tools/004-clients/retry.rb <url>
  status=429 retry-after=3
  ruby=3.4.10
  到着 1 回 / gaps=[] / 判定=no_retry
    1787491622.663 2026-08-23T13:27:02+00:00 GET 429 uri="/004/api/limited?cs=clients&cl=ruby-nethttp&after=0&ra=3" cs=clients cl=ruby-nethttp wa="-" ra="3" cache=-

## bun-fetch（Web 標準の fetch）
$ bun tools/004-clients/retry_bun.ts <url>
  status=429 retry-after=3
  bun=1.4.0
  到着 1 回 / gaps=[] / 判定=no_retry
    1787491622.680 2026-08-23T13:27:02+00:00 GET 429 uri="/004/api/limited?cs=clients&cl=bun-fetch&after=0&ra=3" cs=clients cl=bun-fetch wa="-" ra="3" cache=-

