==========================================
005-idempotency-compliance (M1) — node 24.19.0
measured-at: 2026-08-24T23:32:49.609Z
==========================================

仕様 = draft-ietf-httpapi-idempotency-key-header-07（2026-04-18 失効・rev 07）

--- A: 素朴な実装（/005/charge-naive）---
  K1 キーなし            → 201 / 課金処理 1 回
  K2 同一キー・別金額    → 201（前の結果を再生） / 課金処理 1 回
  K3 同一キー・同時 2 本 → 201 / 201 / 課金処理 2 回  🔴 二重登録
  K4 期限後に同一キー    → 201（前の結果を再生） / 課金処理 1 回

--- B: v07 準拠（/005/charge）---
  K1 キーなし            → 400 / 課金処理 0 回
  K2 同一キー・別金額    → 422 / 課金処理 1 回
  K3 同一キー・同時 2 本 → 201 / 409 / 課金処理 1 回
  K4 期限後に同一キー    → 201 / 課金処理 2 回

--- 読み取り ---
仕様が定める 3 コード（400 / 422 / 409）のうち、A は 0 件 / B は 3 件を返した
同一キーの同時 2 本で二重登録が起きたか — A: 起きた / B: 起きない

🔴 K4 の秒数は測定用に縮めた値であり、記事に載せる実効値ではない。
   v07 は保存期間の値を定めていない（資源側が決めて文書に書く、が SHOULD）。
