measured-at: 2026-08-10T05:21:04.487Z
scenario: 006-immutable-boundary
mode: M2
browser: chromium 151.0.7922.34
profile: isolated-context
judgement: サーバ側の到着記録と status（生ログのカウントのみ・予測は入れない）
---
{"scenario":"006-immutable-boundary","browser":"chromium","scheme":"https","variant":"plain","route":"nav","persistent":false,"first_hits":1,"second_hits":0,"second_statuses":[],"silent_on_second":true,"control":"negative"}
{"scenario":"006-immutable-boundary","browser":"chromium","scheme":"https","variant":"nostore","route":"nav","persistent":false,"first_hits":1,"second_hits":1,"second_statuses":[200],"silent_on_second":false,"control":"positive"}
{"scenario":"006-immutable-boundary","browser":"chromium","scheme":"https","variant":"nocache","route":"nav","persistent":false,"first_hits":1,"second_hits":1,"second_statuses":[304],"silent_on_second":false,"control":"conditional"}
{"scenario":"006-immutable-boundary","browser":"chromium","scheme":"https","variant":"plain5","route":"stale","persistent":false,"first_hits":1,"second_hits":1,"second_statuses":[304],"silent_on_second":false}
{"scenario":"006-immutable-boundary","browser":"chromium","scheme":"https","variant":"plain5","route":"restart","persistent":true,"first_hits":1,"second_hits":0,"second_statuses":[],"silent_on_second":true}
{"scenario":"006-immutable-boundary","browser":"chromium","scheme":"https","variant":"plain5","route":"fetch-nocache","persistent":false,"first_hits":1,"second_hits":1,"second_statuses":[304],"silent_on_second":false}
{"scenario":"006-immutable-boundary","browser":"chromium","scheme":"https","variant":"plain5","route":"fetch-reload","persistent":false,"first_hits":1,"second_hits":1,"second_statuses":[200],"silent_on_second":false}
{"scenario":"006-immutable-boundary","browser":"chromium","scheme":"https","variant":"immutable5","route":"stale","persistent":false,"first_hits":1,"second_hits":1,"second_statuses":[304],"silent_on_second":false}
{"scenario":"006-immutable-boundary","browser":"chromium","scheme":"https","variant":"immutable5","route":"restart","persistent":true,"first_hits":1,"second_hits":0,"second_statuses":[],"silent_on_second":true}
{"scenario":"006-immutable-boundary","browser":"chromium","scheme":"https","variant":"immutable5","route":"fetch-nocache","persistent":false,"first_hits":1,"second_hits":1,"second_statuses":[304],"silent_on_second":false}
{"scenario":"006-immutable-boundary","browser":"chromium","scheme":"https","variant":"immutable5","route":"fetch-reload","persistent":false,"first_hits":1,"second_hits":1,"second_statuses":[200],"silent_on_second":false}
measured-at: 2026-08-10T05:21:52.216Z
scenario: 006-immutable-boundary
mode: M2
browser: firefox 153.0
profile: isolated-context
judgement: サーバ側の到着記録と status（生ログのカウントのみ・予測は入れない）
---
{"scenario":"006-immutable-boundary","browser":"firefox","scheme":"https","variant":"plain","route":"nav","persistent":false,"first_hits":1,"second_hits":0,"second_statuses":[],"silent_on_second":true,"control":"negative"}
{"scenario":"006-immutable-boundary","browser":"firefox","scheme":"https","variant":"nostore","route":"nav","persistent":false,"first_hits":1,"second_hits":1,"second_statuses":[200],"silent_on_second":false,"control":"positive"}
{"scenario":"006-immutable-boundary","browser":"firefox","scheme":"https","variant":"nocache","route":"nav","persistent":false,"first_hits":1,"second_hits":1,"second_statuses":[304],"silent_on_second":false,"control":"conditional"}
{"scenario":"006-immutable-boundary","browser":"firefox","scheme":"https","variant":"plain5","route":"stale","persistent":false,"first_hits":1,"second_hits":1,"second_statuses":[304],"silent_on_second":false}
{"scenario":"006-immutable-boundary","browser":"firefox","scheme":"https","variant":"plain5","route":"restart","persistent":true,"first_hits":1,"second_hits":0,"second_statuses":[],"silent_on_second":true}
{"scenario":"006-immutable-boundary","browser":"firefox","scheme":"https","variant":"plain5","route":"fetch-nocache","persistent":false,"first_hits":1,"second_hits":1,"second_statuses":[304],"silent_on_second":false}
{"scenario":"006-immutable-boundary","browser":"firefox","scheme":"https","variant":"plain5","route":"fetch-reload","persistent":false,"first_hits":1,"second_hits":1,"second_statuses":[200],"silent_on_second":false}
{"scenario":"006-immutable-boundary","browser":"firefox","scheme":"https","variant":"immutable5","route":"stale","persistent":false,"first_hits":1,"second_hits":1,"second_statuses":[304],"silent_on_second":false}
{"scenario":"006-immutable-boundary","browser":"firefox","scheme":"https","variant":"immutable5","route":"restart","persistent":true,"first_hits":1,"second_hits":0,"second_statuses":[],"silent_on_second":true}
{"scenario":"006-immutable-boundary","browser":"firefox","scheme":"https","variant":"immutable5","route":"fetch-nocache","persistent":false,"first_hits":1,"second_hits":0,"second_statuses":[],"silent_on_second":true}
{"scenario":"006-immutable-boundary","browser":"firefox","scheme":"https","variant":"immutable5","route":"fetch-reload","persistent":false,"first_hits":1,"second_hits":1,"second_statuses":[200],"silent_on_second":false}
measured-at: 2026-08-10T05:22:43.191Z
scenario: 006-immutable-boundary
mode: M2
browser: webkit 26.5
profile: isolated-context
judgement: サーバ側の到着記録と status（生ログのカウントのみ・予測は入れない）
---
{"scenario":"006-immutable-boundary","browser":"webkit","scheme":"https","variant":"plain","route":"nav","persistent":false,"first_hits":1,"second_hits":0,"second_statuses":[],"silent_on_second":true,"control":"negative"}
{"scenario":"006-immutable-boundary","browser":"webkit","scheme":"https","variant":"nostore","route":"nav","persistent":false,"first_hits":1,"second_hits":1,"second_statuses":[200],"silent_on_second":false,"control":"positive"}
{"scenario":"006-immutable-boundary","browser":"webkit","scheme":"https","variant":"nocache","route":"nav","persistent":false,"first_hits":1,"second_hits":1,"second_statuses":[304],"silent_on_second":false,"control":"conditional"}
{"scenario":"006-immutable-boundary","browser":"webkit","scheme":"https","variant":"plain5","route":"stale","persistent":false,"first_hits":1,"second_hits":1,"second_statuses":[304],"silent_on_second":false}
{"scenario":"006-immutable-boundary","browser":"webkit","scheme":"https","variant":"plain5","route":"restart","persistent":true,"first_hits":1,"second_hits":1,"second_statuses":[200],"silent_on_second":false}
{"scenario":"006-immutable-boundary","browser":"webkit","scheme":"https","variant":"plain5","route":"fetch-nocache","persistent":false,"first_hits":1,"second_hits":1,"second_statuses":[200],"silent_on_second":false}
{"scenario":"006-immutable-boundary","browser":"webkit","scheme":"https","variant":"plain5","route":"fetch-reload","persistent":false,"first_hits":1,"second_hits":1,"second_statuses":[200],"silent_on_second":false}
{"scenario":"006-immutable-boundary","browser":"webkit","scheme":"https","variant":"immutable5","route":"stale","persistent":false,"first_hits":1,"second_hits":1,"second_statuses":[304],"silent_on_second":false}
{"scenario":"006-immutable-boundary","browser":"webkit","scheme":"https","variant":"immutable5","route":"restart","persistent":true,"first_hits":1,"second_hits":1,"second_statuses":[200],"silent_on_second":false}
{"scenario":"006-immutable-boundary","browser":"webkit","scheme":"https","variant":"immutable5","route":"fetch-nocache","persistent":false,"first_hits":1,"second_hits":1,"second_statuses":[200],"silent_on_second":false}
{"scenario":"006-immutable-boundary","browser":"webkit","scheme":"https","variant":"immutable5","route":"fetch-reload","persistent":false,"first_hits":1,"second_hits":1,"second_statuses":[200],"silent_on_second":false}
measured-at: 2026-08-10T09:57:57.821Z
scenario: 006-immutable-boundary
mode: M2
browser: chromium 151.0.7922.34
profile: isolated-context
judgement: サーバ側の到着記録と status（生ログのカウントのみ・予測は入れない）
---
{"scenario":"006-immutable-boundary","browser":"chromium","scheme":"http","variant":"plain","route":"nav","persistent":false,"first_hits":1,"second_hits":0,"second_statuses":[],"silent_on_second":true,"control":"negative"}
{"scenario":"006-immutable-boundary","browser":"chromium","scheme":"http","variant":"nostore","route":"nav","persistent":false,"first_hits":1,"second_hits":1,"second_statuses":[200],"silent_on_second":false,"control":"positive"}
{"scenario":"006-immutable-boundary","browser":"chromium","scheme":"http","variant":"nocache","route":"nav","persistent":false,"first_hits":1,"second_hits":1,"second_statuses":[304],"silent_on_second":false,"control":"conditional"}
{"scenario":"006-immutable-boundary","browser":"chromium","scheme":"https","variant":"plain","route":"nav","persistent":false,"first_hits":1,"second_hits":0,"second_statuses":[],"silent_on_second":true,"control":"negative"}
{"scenario":"006-immutable-boundary","browser":"chromium","scheme":"https","variant":"nostore","route":"nav","persistent":false,"first_hits":1,"second_hits":1,"second_statuses":[200],"silent_on_second":false,"control":"positive"}
{"scenario":"006-immutable-boundary","browser":"chromium","scheme":"https","variant":"nocache","route":"nav","persistent":false,"first_hits":1,"second_hits":1,"second_statuses":[304],"silent_on_second":false,"control":"conditional"}
{"scenario":"006-immutable-boundary","browser":"chromium","scheme":"http","variant":"plain5","route":"stale","persistent":false,"first_hits":1,"second_hits":1,"second_statuses":[304],"silent_on_second":false,"label":"plain5"}
{"scenario":"006-immutable-boundary","browser":"chromium","scheme":"http","variant":"plain5","route":"restart","persistent":true,"first_hits":1,"second_hits":0,"second_statuses":[],"silent_on_second":true,"label":"plain5"}
{"scenario":"006-immutable-boundary","browser":"chromium","scheme":"http","variant":"plain5","route":"fetch-nocache","persistent":false,"first_hits":1,"second_hits":1,"second_statuses":[304],"silent_on_second":false,"label":"plain5"}
{"scenario":"006-immutable-boundary","browser":"chromium","scheme":"http","variant":"plain5","route":"fetch-reload","persistent":false,"first_hits":1,"second_hits":1,"second_statuses":[200],"silent_on_second":false,"label":"plain5"}
{"scenario":"006-immutable-boundary","browser":"chromium","scheme":"http","variant":"immutable5","route":"stale","persistent":false,"first_hits":1,"second_hits":1,"second_statuses":[304],"silent_on_second":false,"label":"immutable5"}
{"scenario":"006-immutable-boundary","browser":"chromium","scheme":"http","variant":"immutable5","route":"restart","persistent":true,"first_hits":1,"second_hits":0,"second_statuses":[],"silent_on_second":true,"label":"immutable5"}
{"scenario":"006-immutable-boundary","browser":"chromium","scheme":"http","variant":"immutable5","route":"fetch-nocache","persistent":false,"first_hits":1,"second_hits":1,"second_statuses":[304],"silent_on_second":false,"label":"immutable5"}
{"scenario":"006-immutable-boundary","browser":"chromium","scheme":"http","variant":"immutable5","route":"fetch-reload","persistent":false,"first_hits":1,"second_hits":1,"second_statuses":[200],"silent_on_second":false,"label":"immutable5"}
{"scenario":"006-immutable-boundary","browser":"chromium","scheme":"https","variant":"plain5","route":"stale","persistent":false,"first_hits":1,"second_hits":1,"second_statuses":[304],"silent_on_second":false,"label":"plain5"}
{"scenario":"006-immutable-boundary","browser":"chromium","scheme":"https","variant":"plain5","route":"restart","persistent":true,"first_hits":1,"second_hits":0,"second_statuses":[],"silent_on_second":true,"label":"plain5"}
{"scenario":"006-immutable-boundary","browser":"chromium","scheme":"https","variant":"plain5","route":"fetch-nocache","persistent":false,"first_hits":1,"second_hits":1,"second_statuses":[304],"silent_on_second":false,"label":"plain5"}
{"scenario":"006-immutable-boundary","browser":"chromium","scheme":"https","variant":"plain5","route":"fetch-reload","persistent":false,"first_hits":1,"second_hits":1,"second_statuses":[200],"silent_on_second":false,"label":"plain5"}
{"scenario":"006-immutable-boundary","browser":"chromium","scheme":"https","variant":"immutable5","route":"stale","persistent":false,"first_hits":1,"second_hits":1,"second_statuses":[304],"silent_on_second":false,"label":"immutable5"}
{"scenario":"006-immutable-boundary","browser":"chromium","scheme":"https","variant":"immutable5","route":"restart","persistent":true,"first_hits":1,"second_hits":0,"second_statuses":[],"silent_on_second":true,"label":"immutable5"}
{"scenario":"006-immutable-boundary","browser":"chromium","scheme":"https","variant":"immutable5","route":"fetch-nocache","persistent":false,"first_hits":1,"second_hits":1,"second_statuses":[304],"silent_on_second":false,"label":"immutable5"}
{"scenario":"006-immutable-boundary","browser":"chromium","scheme":"https","variant":"immutable5","route":"fetch-reload","persistent":false,"first_hits":1,"second_hits":1,"second_statuses":[200],"silent_on_second":false,"label":"immutable5"}
measured-at: 2026-08-10T09:59:06.878Z
scenario: 006-immutable-boundary
mode: M2
browser: firefox 153.0
profile: isolated-context
judgement: サーバ側の到着記録と status（生ログのカウントのみ・予測は入れない）
---
{"scenario":"006-immutable-boundary","browser":"firefox","scheme":"http","variant":"plain","route":"nav","persistent":false,"first_hits":1,"second_hits":0,"second_statuses":[],"silent_on_second":true,"control":"negative"}
{"scenario":"006-immutable-boundary","browser":"firefox","scheme":"http","variant":"nostore","route":"nav","persistent":false,"first_hits":1,"second_hits":1,"second_statuses":[200],"silent_on_second":false,"control":"positive"}
{"scenario":"006-immutable-boundary","browser":"firefox","scheme":"http","variant":"nocache","route":"nav","persistent":false,"first_hits":1,"second_hits":1,"second_statuses":[304],"silent_on_second":false,"control":"conditional"}
{"scenario":"006-immutable-boundary","browser":"firefox","scheme":"https","variant":"plain","route":"nav","persistent":false,"first_hits":1,"second_hits":0,"second_statuses":[],"silent_on_second":true,"control":"negative"}
{"scenario":"006-immutable-boundary","browser":"firefox","scheme":"https","variant":"nostore","route":"nav","persistent":false,"first_hits":1,"second_hits":1,"second_statuses":[200],"silent_on_second":false,"control":"positive"}
{"scenario":"006-immutable-boundary","browser":"firefox","scheme":"https","variant":"nocache","route":"nav","persistent":false,"first_hits":1,"second_hits":1,"second_statuses":[304],"silent_on_second":false,"control":"conditional"}
{"scenario":"006-immutable-boundary","browser":"firefox","scheme":"http","variant":"plain5","route":"stale","persistent":false,"first_hits":1,"second_hits":1,"second_statuses":[304],"silent_on_second":false,"label":"plain5"}
{"scenario":"006-immutable-boundary","browser":"firefox","scheme":"http","variant":"plain5","route":"restart","persistent":true,"first_hits":1,"second_hits":0,"second_statuses":[],"silent_on_second":true,"label":"plain5"}
{"scenario":"006-immutable-boundary","browser":"firefox","scheme":"http","variant":"plain5","route":"fetch-nocache","persistent":false,"first_hits":1,"second_hits":1,"second_statuses":[304],"silent_on_second":false,"label":"plain5"}
{"scenario":"006-immutable-boundary","browser":"firefox","scheme":"http","variant":"plain5","route":"fetch-reload","persistent":false,"first_hits":1,"second_hits":1,"second_statuses":[200],"silent_on_second":false,"label":"plain5"}
{"scenario":"006-immutable-boundary","browser":"firefox","scheme":"http","variant":"immutable5","route":"stale","persistent":false,"first_hits":1,"second_hits":1,"second_statuses":[304],"silent_on_second":false,"label":"immutable5"}
{"scenario":"006-immutable-boundary","browser":"firefox","scheme":"http","variant":"immutable5","route":"restart","persistent":true,"first_hits":1,"second_hits":0,"second_statuses":[],"silent_on_second":true,"label":"immutable5"}
{"scenario":"006-immutable-boundary","browser":"firefox","scheme":"http","variant":"immutable5","route":"fetch-nocache","persistent":false,"first_hits":1,"second_hits":1,"second_statuses":[304],"silent_on_second":false,"label":"immutable5"}
{"scenario":"006-immutable-boundary","browser":"firefox","scheme":"http","variant":"immutable5","route":"fetch-reload","persistent":false,"first_hits":1,"second_hits":1,"second_statuses":[200],"silent_on_second":false,"label":"immutable5"}
{"scenario":"006-immutable-boundary","browser":"firefox","scheme":"https","variant":"plain5","route":"stale","persistent":false,"first_hits":1,"second_hits":1,"second_statuses":[304],"silent_on_second":false,"label":"plain5"}
{"scenario":"006-immutable-boundary","browser":"firefox","scheme":"https","variant":"plain5","route":"restart","persistent":true,"first_hits":1,"second_hits":0,"second_statuses":[],"silent_on_second":true,"label":"plain5"}
{"scenario":"006-immutable-boundary","browser":"firefox","scheme":"https","variant":"plain5","route":"fetch-nocache","persistent":false,"first_hits":1,"second_hits":1,"second_statuses":[304],"silent_on_second":false,"label":"plain5"}
{"scenario":"006-immutable-boundary","browser":"firefox","scheme":"https","variant":"plain5","route":"fetch-reload","persistent":false,"first_hits":1,"second_hits":1,"second_statuses":[200],"silent_on_second":false,"label":"plain5"}
{"scenario":"006-immutable-boundary","browser":"firefox","scheme":"https","variant":"immutable5","route":"stale","persistent":false,"first_hits":1,"second_hits":1,"second_statuses":[304],"silent_on_second":false,"label":"immutable5"}
{"scenario":"006-immutable-boundary","browser":"firefox","scheme":"https","variant":"immutable5","route":"restart","persistent":true,"first_hits":1,"second_hits":0,"second_statuses":[],"silent_on_second":true,"label":"immutable5"}
{"scenario":"006-immutable-boundary","browser":"firefox","scheme":"https","variant":"immutable5","route":"fetch-nocache","persistent":false,"first_hits":1,"second_hits":0,"second_statuses":[],"silent_on_second":true,"label":"immutable5"}
{"scenario":"006-immutable-boundary","browser":"firefox","scheme":"https","variant":"immutable5","route":"fetch-reload","persistent":false,"first_hits":1,"second_hits":1,"second_statuses":[200],"silent_on_second":false,"label":"immutable5"}
measured-at: 2026-08-10T10:00:47.489Z
scenario: 006-immutable-boundary
mode: M2
browser: webkit 26.5
profile: isolated-context
judgement: サーバ側の到着記録と status（生ログのカウントのみ・予測は入れない）
---
{"scenario":"006-immutable-boundary","browser":"webkit","scheme":"http","variant":"plain","route":"nav","persistent":false,"first_hits":1,"second_hits":0,"second_statuses":[],"silent_on_second":true,"control":"negative"}
{"scenario":"006-immutable-boundary","browser":"webkit","scheme":"http","variant":"nostore","route":"nav","persistent":false,"first_hits":1,"second_hits":1,"second_statuses":[200],"silent_on_second":false,"control":"positive"}
{"scenario":"006-immutable-boundary","browser":"webkit","scheme":"http","variant":"nocache","route":"nav","persistent":false,"first_hits":1,"second_hits":1,"second_statuses":[304],"silent_on_second":false,"control":"conditional"}
{"scenario":"006-immutable-boundary","browser":"webkit","scheme":"https","variant":"plain","route":"nav","persistent":false,"first_hits":1,"second_hits":0,"second_statuses":[],"silent_on_second":true,"control":"negative"}
{"scenario":"006-immutable-boundary","browser":"webkit","scheme":"https","variant":"nostore","route":"nav","persistent":false,"first_hits":1,"second_hits":1,"second_statuses":[200],"silent_on_second":false,"control":"positive"}
{"scenario":"006-immutable-boundary","browser":"webkit","scheme":"https","variant":"nocache","route":"nav","persistent":false,"first_hits":1,"second_hits":1,"second_statuses":[304],"silent_on_second":false,"control":"conditional"}
{"scenario":"006-immutable-boundary","browser":"webkit","scheme":"http","variant":"plain5","route":"stale","persistent":false,"first_hits":1,"second_hits":1,"second_statuses":[304],"silent_on_second":false,"label":"plain5"}
{"scenario":"006-immutable-boundary","browser":"webkit","scheme":"http","variant":"plain5","route":"restart","persistent":true,"first_hits":1,"second_hits":1,"second_statuses":[200],"silent_on_second":false,"label":"plain5"}
{"scenario":"006-immutable-boundary","browser":"webkit","scheme":"http","variant":"plain5","route":"fetch-nocache","persistent":false,"first_hits":1,"second_hits":1,"second_statuses":[200],"silent_on_second":false,"label":"plain5"}
{"scenario":"006-immutable-boundary","browser":"webkit","scheme":"http","variant":"plain5","route":"fetch-reload","persistent":false,"first_hits":1,"second_hits":1,"second_statuses":[200],"silent_on_second":false,"label":"plain5"}
{"scenario":"006-immutable-boundary","browser":"webkit","scheme":"http","variant":"immutable5","route":"stale","persistent":false,"first_hits":1,"second_hits":1,"second_statuses":[304],"silent_on_second":false,"label":"immutable5"}
{"scenario":"006-immutable-boundary","browser":"webkit","scheme":"http","variant":"immutable5","route":"restart","persistent":true,"first_hits":1,"second_hits":1,"second_statuses":[200],"silent_on_second":false,"label":"immutable5"}
{"scenario":"006-immutable-boundary","browser":"webkit","scheme":"http","variant":"immutable5","route":"fetch-nocache","persistent":false,"first_hits":1,"second_hits":1,"second_statuses":[200],"silent_on_second":false,"label":"immutable5"}
{"scenario":"006-immutable-boundary","browser":"webkit","scheme":"http","variant":"immutable5","route":"fetch-reload","persistent":false,"first_hits":1,"second_hits":1,"second_statuses":[200],"silent_on_second":false,"label":"immutable5"}
{"scenario":"006-immutable-boundary","browser":"webkit","scheme":"https","variant":"plain5","route":"stale","persistent":false,"first_hits":1,"second_hits":1,"second_statuses":[304],"silent_on_second":false,"label":"plain5"}
{"scenario":"006-immutable-boundary","browser":"webkit","scheme":"https","variant":"plain5","route":"restart","persistent":true,"first_hits":1,"second_hits":1,"second_statuses":[200],"silent_on_second":false,"label":"plain5"}
{"scenario":"006-immutable-boundary","browser":"webkit","scheme":"https","variant":"plain5","route":"fetch-nocache","persistent":false,"first_hits":1,"second_hits":1,"second_statuses":[200],"silent_on_second":false,"label":"plain5"}
{"scenario":"006-immutable-boundary","browser":"webkit","scheme":"https","variant":"plain5","route":"fetch-reload","persistent":false,"first_hits":1,"second_hits":1,"second_statuses":[200],"silent_on_second":false,"label":"plain5"}
{"scenario":"006-immutable-boundary","browser":"webkit","scheme":"https","variant":"immutable5","route":"stale","persistent":false,"first_hits":1,"second_hits":1,"second_statuses":[304],"silent_on_second":false,"label":"immutable5"}
{"scenario":"006-immutable-boundary","browser":"webkit","scheme":"https","variant":"immutable5","route":"restart","persistent":true,"first_hits":1,"second_hits":1,"second_statuses":[200],"silent_on_second":false,"label":"immutable5"}
{"scenario":"006-immutable-boundary","browser":"webkit","scheme":"https","variant":"immutable5","route":"fetch-nocache","persistent":false,"first_hits":1,"second_hits":1,"second_statuses":[200],"silent_on_second":false,"label":"immutable5"}
{"scenario":"006-immutable-boundary","browser":"webkit","scheme":"https","variant":"immutable5","route":"fetch-reload","persistent":false,"first_hits":1,"second_hits":1,"second_statuses":[200],"silent_on_second":false,"label":"immutable5"}
