measured-at: 2026-09-18T13:03:45.939Z
scenario: 003-put-idempotent
mode: M1
base: http://localhost:8085
nginx: nginx version: nginx/1.31.6
node: 24.19.0
curl: 8.22.0
---

## replace 送信 1/3
status=200
state.docs={"doc":{"title":"spec","body":"same bytes every time"}}

## replace 送信 2/3
status=200
state.docs={"doc":{"title":"spec","body":"same bytes every time"}}

## replace 送信 3/3
status=200
state.docs={"doc":{"title":"spec","body":"same bytes every time"}}

## stamped 送信 1/3
status=200
state.docs={"doc":{"title":"spec","body":"same bytes every time","updatedAt":"2026-09-18T13:03:46.422Z"}}

## stamped 送信 2/3
status=200
state.docs={"doc":{"title":"spec","body":"same bytes every time","updatedAt":"2026-09-18T13:03:46.556Z"}}

## stamped 送信 3/3
status=200
state.docs={"doc":{"title":"spec","body":"same bytes every time","updatedAt":"2026-09-18T13:03:46.710Z"}}

## append 送信 1/3
status=200
state.docs={"doc":{"history":[{"title":"spec","body":"same bytes every time"}]}}

## append 送信 2/3
status=200
state.docs={"doc":{"history":[{"title":"spec","body":"same bytes every time"},{"title":"spec","body":"same bytes every time"}]}}

## append 送信 3/3
status=200
state.docs={"doc":{"history":[{"title":"spec","body":"same bytes every time"},{"title":"spec","body":"same bytes every time"},{"title":"spec","body":"same bytes every time"}]}}

## numbered 送信 1/3
status=200
state.docs={"doc":{"title":"spec","body":"same bytes every time","revision":1}}

## numbered 送信 2/3
status=200
state.docs={"doc":{"title":"spec","body":"same bytes every time","revision":2}}

## numbered 送信 3/3
status=200
state.docs={"doc":{"title":"spec","body":"same bytes every time","revision":3}}

## control:post 送信 1/3
status=201 body={"id":"item-1"}
state.created=["item-1"]

## control:post 送信 2/3
status=201 body={"id":"item-2"}
state.created=["item-1","item-2"]

## control:post 送信 3/3
status=201 body={"id":"item-3"}
state.created=["item-1","item-2","item-3"]

