2026-08-08T00:08:57+00:00 OPTIONS /008/redirect/direct status=204 max_age=- acao=http://localhost:8080 auth=no origin=http://localhost:8080 req_method=GET req_headers=authorization
2026-08-08T00:08:57+00:00 GET /008/redirect/direct status=200 max_age=- acao=http://localhost:8080 auth=yes origin=http://localhost:8080 req_method=- req_headers=-
2026-08-08T00:08:59+00:00 GET /008/redirect/simple status=301 max_age=- acao=http://localhost:8080 auth=no origin=http://localhost:8080 req_method=- req_headers=-
2026-08-08T00:08:59+00:00 GET /008/redirect/simple-target status=200 max_age=- acao=http://localhost:8080 auth=no origin=http://localhost:8080 req_method=- req_headers=-
2026-08-08T00:09:00+00:00 OPTIONS /008/redirect/preflighted status=204 max_age=- acao=http://localhost:8080 auth=no origin=http://localhost:8080 req_method=PUT req_headers=authorization
2026-08-08T00:09:00+00:00 PUT /008/redirect/preflighted status=301 max_age=- acao=http://localhost:8080 auth=yes origin=http://localhost:8080 req_method=- req_headers=-
2026-08-08T00:09:00+00:00 OPTIONS /008/redirect/preflighted-target status=200 max_age=- acao=http://localhost:8080 auth=no origin=http://localhost:8080 req_method=PUT req_headers=authorization
2026-08-08T00:09:00+00:00 PUT /008/redirect/preflighted-target status=200 max_age=- acao=http://localhost:8080 auth=yes origin=http://localhost:8080 req_method=- req_headers=-
2026-08-08T00:09:02+00:00 OPTIONS /008/redirect/optionsredirect status=301 max_age=- acao=http://localhost:8080 auth=no origin=http://localhost:8080 req_method=PUT req_headers=authorization
2026-08-08T00:09:04+00:00 OPTIONS /008/redirect/crossorigin status=204 max_age=- acao=http://localhost:8080 auth=no origin=http://localhost:8080 req_method=PUT req_headers=authorization
2026-08-08T00:09:04+00:00 PUT /008/redirect/crossorigin status=301 max_age=- acao=http://localhost:8080 auth=yes origin=http://localhost:8080 req_method=- req_headers=-
2026-08-08T00:09:06+00:00 OPTIONS /008/redirect/direct status=204 max_age=- acao=http://localhost:8080 auth=no origin=http://localhost:8080 req_method=GET req_headers=authorization
2026-08-08T00:09:06+00:00 GET /008/redirect/direct status=200 max_age=- acao=http://localhost:8080 auth=yes origin=http://localhost:8080 req_method=- req_headers=-
2026-08-08T00:09:09+00:00 GET /008/redirect/simple status=301 max_age=- acao=http://localhost:8080 auth=no origin=http://localhost:8080 req_method=- req_headers=-
2026-08-08T00:09:09+00:00 GET /008/redirect/simple-target status=200 max_age=- acao=http://localhost:8080 auth=no origin=http://localhost:8080 req_method=- req_headers=-
2026-08-08T00:09:12+00:00 OPTIONS /008/redirect/preflighted status=204 max_age=- acao=http://localhost:8080 auth=no origin=http://localhost:8080 req_method=PUT req_headers=authorization
2026-08-08T00:09:12+00:00 PUT /008/redirect/preflighted status=301 max_age=- acao=http://localhost:8080 auth=yes origin=http://localhost:8080 req_method=- req_headers=-
2026-08-08T00:09:12+00:00 OPTIONS /008/redirect/preflighted-target status=200 max_age=- acao=http://localhost:8080 auth=no origin=http://localhost:8080 req_method=PUT req_headers=authorization
2026-08-08T00:09:12+00:00 PUT /008/redirect/preflighted-target status=200 max_age=- acao=http://localhost:8080 auth=yes origin=http://localhost:8080 req_method=- req_headers=-
2026-08-08T00:09:15+00:00 OPTIONS /008/redirect/optionsredirect status=301 max_age=- acao=http://localhost:8080 auth=no origin=http://localhost:8080 req_method=PUT req_headers=authorization
2026-08-08T00:09:17+00:00 OPTIONS /008/redirect/crossorigin status=204 max_age=- acao=http://localhost:8080 auth=no origin=http://localhost:8080 req_method=PUT req_headers=authorization
2026-08-08T00:09:17+00:00 PUT /008/redirect/crossorigin status=301 max_age=- acao=http://localhost:8080 auth=yes origin=http://localhost:8080 req_method=- req_headers=-
2026-08-08T00:09:20+00:00 OPTIONS /008/redirect/direct status=204 max_age=- acao=http://localhost:8080 auth=no origin=http://localhost:8080 req_method=GET req_headers=authorization
2026-08-08T00:09:20+00:00 GET /008/redirect/direct status=200 max_age=- acao=http://localhost:8080 auth=yes origin=http://localhost:8080 req_method=- req_headers=-
2026-08-08T00:09:22+00:00 GET /008/redirect/simple status=301 max_age=- acao=http://localhost:8080 auth=no origin=http://localhost:8080 req_method=- req_headers=-
2026-08-08T00:09:22+00:00 GET /008/redirect/simple-target status=200 max_age=- acao=http://localhost:8080 auth=no origin=http://localhost:8080 req_method=- req_headers=-
2026-08-08T00:09:24+00:00 OPTIONS /008/redirect/preflighted status=204 max_age=- acao=http://localhost:8080 auth=no origin=http://localhost:8080 req_method=PUT req_headers=authorization
2026-08-08T00:09:24+00:00 PUT /008/redirect/preflighted status=301 max_age=- acao=http://localhost:8080 auth=yes origin=http://localhost:8080 req_method=- req_headers=-
2026-08-08T00:09:24+00:00 OPTIONS /008/redirect/preflighted-target status=200 max_age=- acao=http://localhost:8080 auth=no origin=http://localhost:8080 req_method=PUT req_headers=authorization
2026-08-08T00:09:24+00:00 PUT /008/redirect/preflighted-target status=200 max_age=- acao=http://localhost:8080 auth=yes origin=http://localhost:8080 req_method=- req_headers=-
2026-08-08T00:09:26+00:00 OPTIONS /008/redirect/optionsredirect status=301 max_age=- acao=http://localhost:8080 auth=no origin=http://localhost:8080 req_method=PUT req_headers=authorization
2026-08-08T00:09:28+00:00 OPTIONS /008/redirect/crossorigin status=204 max_age=- acao=http://localhost:8080 auth=no origin=http://localhost:8080 req_method=PUT req_headers=authorization
2026-08-08T00:09:28+00:00 PUT /008/redirect/crossorigin status=301 max_age=- acao=http://localhost:8080 auth=yes origin=http://localhost:8080 req_method=- req_headers=-
2026-08-08T00:10:38+00:00 OPTIONS /008/redirect/direct status=204 max_age=- acao=http://localhost:8080 auth=no origin=http://localhost:8080 req_method=GET req_headers=authorization
2026-08-08T00:10:38+00:00 GET /008/redirect/direct status=200 max_age=- acao=http://localhost:8080 auth=yes origin=http://localhost:8080 req_method=- req_headers=-
2026-08-08T00:10:39+00:00 GET /008/redirect/simple status=301 max_age=- acao=http://localhost:8080 auth=no origin=http://localhost:8080 req_method=- req_headers=-
2026-08-08T00:10:39+00:00 GET /008/redirect/simple-target status=200 max_age=- acao=http://localhost:8080 auth=no origin=http://localhost:8080 req_method=- req_headers=-
2026-08-08T00:10:41+00:00 OPTIONS /008/redirect/preflighted status=204 max_age=- acao=http://localhost:8080 auth=no origin=http://localhost:8080 req_method=PUT req_headers=authorization
2026-08-08T00:10:41+00:00 PUT /008/redirect/preflighted status=301 max_age=- acao=http://localhost:8080 auth=yes origin=http://localhost:8080 req_method=- req_headers=-
2026-08-08T00:10:41+00:00 OPTIONS /008/redirect/preflighted-target status=200 max_age=- acao=http://localhost:8080 auth=no origin=http://localhost:8080 req_method=PUT req_headers=authorization
2026-08-08T00:10:41+00:00 PUT /008/redirect/preflighted-target status=200 max_age=- acao=http://localhost:8080 auth=yes origin=http://localhost:8080 req_method=- req_headers=-
2026-08-08T00:10:43+00:00 OPTIONS /008/redirect/optionsredirect status=301 max_age=- acao=http://localhost:8080 auth=no origin=http://localhost:8080 req_method=PUT req_headers=authorization
2026-08-08T00:10:44+00:00 OPTIONS /008/redirect/crossorigin status=204 max_age=- acao=http://localhost:8080 auth=no origin=http://localhost:8080 req_method=PUT req_headers=authorization
2026-08-08T00:10:44+00:00 PUT /008/redirect/crossorigin status=301 max_age=- acao=http://localhost:8080 auth=yes origin=http://localhost:8080 req_method=- req_headers=-
2026-08-08T00:10:47+00:00 OPTIONS /008/redirect/direct status=204 max_age=- acao=http://localhost:8080 auth=no origin=http://localhost:8080 req_method=GET req_headers=authorization
2026-08-08T00:10:47+00:00 GET /008/redirect/direct status=200 max_age=- acao=http://localhost:8080 auth=yes origin=http://localhost:8080 req_method=- req_headers=-
2026-08-08T00:10:50+00:00 GET /008/redirect/simple status=301 max_age=- acao=http://localhost:8080 auth=no origin=http://localhost:8080 req_method=- req_headers=-
2026-08-08T00:10:50+00:00 GET /008/redirect/simple-target status=200 max_age=- acao=http://localhost:8080 auth=no origin=http://localhost:8080 req_method=- req_headers=-
2026-08-08T00:10:52+00:00 OPTIONS /008/redirect/preflighted status=204 max_age=- acao=http://localhost:8080 auth=no origin=http://localhost:8080 req_method=PUT req_headers=authorization
2026-08-08T00:10:52+00:00 PUT /008/redirect/preflighted status=301 max_age=- acao=http://localhost:8080 auth=yes origin=http://localhost:8080 req_method=- req_headers=-
2026-08-08T00:10:52+00:00 OPTIONS /008/redirect/preflighted-target status=200 max_age=- acao=http://localhost:8080 auth=no origin=http://localhost:8080 req_method=PUT req_headers=authorization
2026-08-08T00:10:52+00:00 PUT /008/redirect/preflighted-target status=200 max_age=- acao=http://localhost:8080 auth=yes origin=http://localhost:8080 req_method=- req_headers=-
2026-08-08T00:10:55+00:00 OPTIONS /008/redirect/optionsredirect status=301 max_age=- acao=http://localhost:8080 auth=no origin=http://localhost:8080 req_method=PUT req_headers=authorization
2026-08-08T00:10:58+00:00 OPTIONS /008/redirect/crossorigin status=204 max_age=- acao=http://localhost:8080 auth=no origin=http://localhost:8080 req_method=PUT req_headers=authorization
2026-08-08T00:10:58+00:00 PUT /008/redirect/crossorigin status=301 max_age=- acao=http://localhost:8080 auth=yes origin=http://localhost:8080 req_method=- req_headers=-
2026-08-08T00:11:00+00:00 OPTIONS /008/redirect/direct status=204 max_age=- acao=http://localhost:8080 auth=no origin=http://localhost:8080 req_method=GET req_headers=authorization
2026-08-08T00:11:00+00:00 GET /008/redirect/direct status=200 max_age=- acao=http://localhost:8080 auth=yes origin=http://localhost:8080 req_method=- req_headers=-
2026-08-08T00:11:02+00:00 GET /008/redirect/simple status=301 max_age=- acao=http://localhost:8080 auth=no origin=http://localhost:8080 req_method=- req_headers=-
2026-08-08T00:11:02+00:00 GET /008/redirect/simple-target status=200 max_age=- acao=http://localhost:8080 auth=no origin=http://localhost:8080 req_method=- req_headers=-
2026-08-08T00:11:04+00:00 OPTIONS /008/redirect/preflighted status=204 max_age=- acao=http://localhost:8080 auth=no origin=http://localhost:8080 req_method=PUT req_headers=authorization
2026-08-08T00:11:04+00:00 PUT /008/redirect/preflighted status=301 max_age=- acao=http://localhost:8080 auth=yes origin=http://localhost:8080 req_method=- req_headers=-
2026-08-08T00:11:04+00:00 OPTIONS /008/redirect/preflighted-target status=200 max_age=- acao=http://localhost:8080 auth=no origin=http://localhost:8080 req_method=PUT req_headers=authorization
2026-08-08T00:11:04+00:00 PUT /008/redirect/preflighted-target status=200 max_age=- acao=http://localhost:8080 auth=yes origin=http://localhost:8080 req_method=- req_headers=-
2026-08-08T00:11:06+00:00 OPTIONS /008/redirect/optionsredirect status=301 max_age=- acao=http://localhost:8080 auth=no origin=http://localhost:8080 req_method=PUT req_headers=authorization
2026-08-08T00:11:08+00:00 OPTIONS /008/redirect/crossorigin status=204 max_age=- acao=http://localhost:8080 auth=no origin=http://localhost:8080 req_method=PUT req_headers=authorization
2026-08-08T00:11:08+00:00 PUT /008/redirect/crossorigin status=301 max_age=- acao=http://localhost:8080 auth=yes origin=http://localhost:8080 req_method=- req_headers=-
2026-08-08T05:23:18+00:00 OPTIONS /008/redirect/direct status=204 max_age=- acao=http://localhost:8080 auth=no origin=http://localhost:8080 req_method=GET req_headers=authorization
2026-08-08T05:23:18+00:00 GET /008/redirect/direct status=200 max_age=- acao=http://localhost:8080 auth=yes origin=http://localhost:8080 req_method=- req_headers=-
2026-08-08T05:23:19+00:00 GET /008/redirect/simple status=301 max_age=- acao=http://localhost:8080 auth=no origin=http://localhost:8080 req_method=- req_headers=-
2026-08-08T05:23:19+00:00 GET /008/redirect/simple-target status=200 max_age=- acao=http://localhost:8080 auth=no origin=http://localhost:8080 req_method=- req_headers=-
2026-08-08T05:23:21+00:00 OPTIONS /008/redirect/preflighted status=204 max_age=- acao=http://localhost:8080 auth=no origin=http://localhost:8080 req_method=PUT req_headers=authorization
2026-08-08T05:23:21+00:00 PUT /008/redirect/preflighted status=301 max_age=- acao=http://localhost:8080 auth=yes origin=http://localhost:8080 req_method=- req_headers=-
2026-08-08T05:23:21+00:00 OPTIONS /008/redirect/preflighted-target status=200 max_age=- acao=http://localhost:8080 auth=no origin=http://localhost:8080 req_method=PUT req_headers=authorization
2026-08-08T05:23:21+00:00 PUT /008/redirect/preflighted-target status=200 max_age=- acao=http://localhost:8080 auth=yes origin=http://localhost:8080 req_method=- req_headers=-
2026-08-08T05:23:23+00:00 OPTIONS /008/redirect/optionsredirect status=301 max_age=- acao=http://localhost:8080 auth=no origin=http://localhost:8080 req_method=PUT req_headers=authorization
2026-08-08T05:23:24+00:00 OPTIONS /008/redirect/crossorigin status=204 max_age=- acao=http://localhost:8080 auth=no origin=http://localhost:8080 req_method=PUT req_headers=authorization
2026-08-08T05:23:24+00:00 PUT /008/redirect/crossorigin status=301 max_age=- acao=http://localhost:8080 auth=yes origin=http://localhost:8080 req_method=- req_headers=-
2026-08-08T05:23:27+00:00 OPTIONS /008/redirect/direct status=204 max_age=- acao=http://localhost:8080 auth=no origin=http://localhost:8080 req_method=GET req_headers=authorization
2026-08-08T05:23:27+00:00 GET /008/redirect/direct status=200 max_age=- acao=http://localhost:8080 auth=yes origin=http://localhost:8080 req_method=- req_headers=-
2026-08-08T05:23:30+00:00 GET /008/redirect/simple status=301 max_age=- acao=http://localhost:8080 auth=no origin=http://localhost:8080 req_method=- req_headers=-
2026-08-08T05:23:30+00:00 GET /008/redirect/simple-target status=200 max_age=- acao=http://localhost:8080 auth=no origin=http://localhost:8080 req_method=- req_headers=-
2026-08-08T05:23:33+00:00 OPTIONS /008/redirect/preflighted status=204 max_age=- acao=http://localhost:8080 auth=no origin=http://localhost:8080 req_method=PUT req_headers=authorization
2026-08-08T05:23:33+00:00 PUT /008/redirect/preflighted status=301 max_age=- acao=http://localhost:8080 auth=yes origin=http://localhost:8080 req_method=- req_headers=-
2026-08-08T05:23:33+00:00 OPTIONS /008/redirect/preflighted-target status=200 max_age=- acao=http://localhost:8080 auth=no origin=http://localhost:8080 req_method=PUT req_headers=authorization
2026-08-08T05:23:33+00:00 PUT /008/redirect/preflighted-target status=200 max_age=- acao=http://localhost:8080 auth=yes origin=http://localhost:8080 req_method=- req_headers=-
2026-08-08T05:23:36+00:00 OPTIONS /008/redirect/optionsredirect status=301 max_age=- acao=http://localhost:8080 auth=no origin=http://localhost:8080 req_method=PUT req_headers=authorization
2026-08-08T05:23:38+00:00 OPTIONS /008/redirect/crossorigin status=204 max_age=- acao=http://localhost:8080 auth=no origin=http://localhost:8080 req_method=PUT req_headers=authorization
2026-08-08T05:23:38+00:00 PUT /008/redirect/crossorigin status=301 max_age=- acao=http://localhost:8080 auth=yes origin=http://localhost:8080 req_method=- req_headers=-
2026-08-08T05:23:41+00:00 OPTIONS /008/redirect/direct status=204 max_age=- acao=http://localhost:8080 auth=no origin=http://localhost:8080 req_method=GET req_headers=authorization
2026-08-08T05:23:41+00:00 GET /008/redirect/direct status=200 max_age=- acao=http://localhost:8080 auth=yes origin=http://localhost:8080 req_method=- req_headers=-
2026-08-08T05:23:43+00:00 GET /008/redirect/simple status=301 max_age=- acao=http://localhost:8080 auth=no origin=http://localhost:8080 req_method=- req_headers=-
2026-08-08T05:23:43+00:00 GET /008/redirect/simple-target status=200 max_age=- acao=http://localhost:8080 auth=no origin=http://localhost:8080 req_method=- req_headers=-
2026-08-08T05:23:45+00:00 OPTIONS /008/redirect/preflighted status=204 max_age=- acao=http://localhost:8080 auth=no origin=http://localhost:8080 req_method=PUT req_headers=authorization
2026-08-08T05:23:45+00:00 PUT /008/redirect/preflighted status=301 max_age=- acao=http://localhost:8080 auth=yes origin=http://localhost:8080 req_method=- req_headers=-
2026-08-08T05:23:45+00:00 OPTIONS /008/redirect/preflighted-target status=200 max_age=- acao=http://localhost:8080 auth=no origin=http://localhost:8080 req_method=PUT req_headers=authorization
2026-08-08T05:23:45+00:00 PUT /008/redirect/preflighted-target status=200 max_age=- acao=http://localhost:8080 auth=yes origin=http://localhost:8080 req_method=- req_headers=-
2026-08-08T05:23:47+00:00 OPTIONS /008/redirect/optionsredirect status=301 max_age=- acao=http://localhost:8080 auth=no origin=http://localhost:8080 req_method=PUT req_headers=authorization
2026-08-08T05:23:49+00:00 OPTIONS /008/redirect/crossorigin status=204 max_age=- acao=http://localhost:8080 auth=no origin=http://localhost:8080 req_method=PUT req_headers=authorization
2026-08-08T05:23:49+00:00 PUT /008/redirect/crossorigin status=301 max_age=- acao=http://localhost:8080 auth=yes origin=http://localhost:8080 req_method=- req_headers=-
2026-08-08T05:25:24+00:00 OPTIONS /008/redirect/direct status=204 max_age=- acao=http://localhost:8080 auth=no origin=http://localhost:8080 req_method=GET req_headers=authorization
2026-08-08T05:25:24+00:00 GET /008/redirect/direct status=200 max_age=- acao=http://localhost:8080 auth=yes origin=http://localhost:8080 req_method=- req_headers=-
2026-08-08T05:25:26+00:00 GET /008/redirect/simple status=301 max_age=- acao=http://localhost:8080 auth=no origin=http://localhost:8080 req_method=- req_headers=-
2026-08-08T05:25:26+00:00 GET /008/redirect/simple-target status=200 max_age=- acao=http://localhost:8080 auth=no origin=http://localhost:8080 req_method=- req_headers=-
2026-08-08T05:25:28+00:00 OPTIONS /008/redirect/preflighted status=204 max_age=- acao=http://localhost:8080 auth=no origin=http://localhost:8080 req_method=PUT req_headers=authorization
2026-08-08T05:25:28+00:00 PUT /008/redirect/preflighted status=301 max_age=- acao=http://localhost:8080 auth=yes origin=http://localhost:8080 req_method=- req_headers=-
2026-08-08T05:25:28+00:00 OPTIONS /008/redirect/preflighted-target status=200 max_age=- acao=http://localhost:8080 auth=no origin=http://localhost:8080 req_method=PUT req_headers=authorization
2026-08-08T05:25:28+00:00 PUT /008/redirect/preflighted-target status=200 max_age=- acao=http://localhost:8080 auth=yes origin=http://localhost:8080 req_method=- req_headers=-
2026-08-08T05:25:29+00:00 OPTIONS /008/redirect/optionsredirect status=301 max_age=- acao=http://localhost:8080 auth=no origin=http://localhost:8080 req_method=PUT req_headers=authorization
2026-08-08T05:25:31+00:00 OPTIONS /008/redirect/crossorigin status=204 max_age=- acao=http://localhost:8080 auth=no origin=http://localhost:8080 req_method=PUT req_headers=authorization
2026-08-08T05:25:31+00:00 PUT /008/redirect/crossorigin status=301 max_age=- acao=http://localhost:8080 auth=yes origin=http://localhost:8080 req_method=- req_headers=-
2026-08-08T05:25:34+00:00 OPTIONS /008/redirect/direct status=204 max_age=- acao=http://localhost:8080 auth=no origin=http://localhost:8080 req_method=GET req_headers=authorization
2026-08-08T05:25:34+00:00 GET /008/redirect/direct status=200 max_age=- acao=http://localhost:8080 auth=yes origin=http://localhost:8080 req_method=- req_headers=-
2026-08-08T05:25:37+00:00 GET /008/redirect/simple status=301 max_age=- acao=http://localhost:8080 auth=no origin=http://localhost:8080 req_method=- req_headers=-
2026-08-08T05:25:37+00:00 GET /008/redirect/simple-target status=200 max_age=- acao=http://localhost:8080 auth=no origin=http://localhost:8080 req_method=- req_headers=-
2026-08-08T05:25:40+00:00 OPTIONS /008/redirect/preflighted status=204 max_age=- acao=http://localhost:8080 auth=no origin=http://localhost:8080 req_method=PUT req_headers=authorization
2026-08-08T05:25:40+00:00 PUT /008/redirect/preflighted status=301 max_age=- acao=http://localhost:8080 auth=yes origin=http://localhost:8080 req_method=- req_headers=-
2026-08-08T05:25:40+00:00 OPTIONS /008/redirect/preflighted-target status=200 max_age=- acao=http://localhost:8080 auth=no origin=http://localhost:8080 req_method=PUT req_headers=authorization
2026-08-08T05:25:40+00:00 PUT /008/redirect/preflighted-target status=200 max_age=- acao=http://localhost:8080 auth=yes origin=http://localhost:8080 req_method=- req_headers=-
2026-08-08T05:25:43+00:00 OPTIONS /008/redirect/optionsredirect status=301 max_age=- acao=http://localhost:8080 auth=no origin=http://localhost:8080 req_method=PUT req_headers=authorization
2026-08-08T05:25:46+00:00 OPTIONS /008/redirect/crossorigin status=204 max_age=- acao=http://localhost:8080 auth=no origin=http://localhost:8080 req_method=PUT req_headers=authorization
2026-08-08T05:25:46+00:00 PUT /008/redirect/crossorigin status=301 max_age=- acao=http://localhost:8080 auth=yes origin=http://localhost:8080 req_method=- req_headers=-
2026-08-08T05:25:49+00:00 OPTIONS /008/redirect/direct status=204 max_age=- acao=http://localhost:8080 auth=no origin=http://localhost:8080 req_method=GET req_headers=authorization
2026-08-08T05:25:49+00:00 GET /008/redirect/direct status=200 max_age=- acao=http://localhost:8080 auth=yes origin=http://localhost:8080 req_method=- req_headers=-
2026-08-08T05:25:51+00:00 GET /008/redirect/simple status=301 max_age=- acao=http://localhost:8080 auth=no origin=http://localhost:8080 req_method=- req_headers=-
2026-08-08T05:25:51+00:00 GET /008/redirect/simple-target status=200 max_age=- acao=http://localhost:8080 auth=no origin=http://localhost:8080 req_method=- req_headers=-
2026-08-08T05:25:53+00:00 OPTIONS /008/redirect/preflighted status=204 max_age=- acao=http://localhost:8080 auth=no origin=http://localhost:8080 req_method=PUT req_headers=authorization
2026-08-08T05:25:53+00:00 PUT /008/redirect/preflighted status=301 max_age=- acao=http://localhost:8080 auth=yes origin=http://localhost:8080 req_method=- req_headers=-
2026-08-08T05:25:53+00:00 OPTIONS /008/redirect/preflighted-target status=200 max_age=- acao=http://localhost:8080 auth=no origin=http://localhost:8080 req_method=PUT req_headers=authorization
2026-08-08T05:25:53+00:00 PUT /008/redirect/preflighted-target status=200 max_age=- acao=http://localhost:8080 auth=yes origin=http://localhost:8080 req_method=- req_headers=-
2026-08-08T05:25:55+00:00 OPTIONS /008/redirect/optionsredirect status=301 max_age=- acao=http://localhost:8080 auth=no origin=http://localhost:8080 req_method=PUT req_headers=authorization
2026-08-08T05:25:57+00:00 OPTIONS /008/redirect/crossorigin status=204 max_age=- acao=http://localhost:8080 auth=no origin=http://localhost:8080 req_method=PUT req_headers=authorization
2026-08-08T05:25:57+00:00 PUT /008/redirect/crossorigin status=301 max_age=- acao=http://localhost:8080 auth=yes origin=http://localhost:8080 req_method=- req_headers=-
2026-08-23T13:49:31+00:00 OPTIONS /008/redirect/direct status=204 max_age=- acao=http://localhost:8080 auth=no origin=http://localhost:8080 req_method=GET req_headers=authorization
2026-08-23T13:49:31+00:00 GET /008/redirect/direct status=200 max_age=- acao=http://localhost:8080 auth=yes origin=http://localhost:8080 req_method=- req_headers=-
2026-08-23T13:49:32+00:00 GET /008/redirect/simple status=301 max_age=- acao=http://localhost:8080 auth=no origin=http://localhost:8080 req_method=- req_headers=-
2026-08-23T13:49:32+00:00 GET /008/redirect/simple-target status=200 max_age=- acao=http://localhost:8080 auth=no origin=http://localhost:8080 req_method=- req_headers=-
2026-08-23T13:49:34+00:00 OPTIONS /008/redirect/preflighted status=204 max_age=- acao=http://localhost:8080 auth=no origin=http://localhost:8080 req_method=PUT req_headers=authorization
2026-08-23T13:49:34+00:00 PUT /008/redirect/preflighted status=301 max_age=- acao=http://localhost:8080 auth=yes origin=http://localhost:8080 req_method=- req_headers=-
2026-08-23T13:49:34+00:00 OPTIONS /008/redirect/preflighted-target status=200 max_age=- acao=http://localhost:8080 auth=no origin=http://localhost:8080 req_method=PUT req_headers=authorization
2026-08-23T13:49:34+00:00 PUT /008/redirect/preflighted-target status=200 max_age=- acao=http://localhost:8080 auth=yes origin=http://localhost:8080 req_method=- req_headers=-
2026-08-23T13:49:36+00:00 OPTIONS /008/redirect/optionsredirect status=301 max_age=- acao=http://localhost:8080 auth=no origin=http://localhost:8080 req_method=PUT req_headers=authorization
2026-08-23T13:49:37+00:00 OPTIONS /008/redirect/crossorigin status=204 max_age=- acao=http://localhost:8080 auth=no origin=http://localhost:8080 req_method=PUT req_headers=authorization
2026-08-23T13:49:37+00:00 PUT /008/redirect/crossorigin status=301 max_age=- acao=http://localhost:8080 auth=yes origin=http://localhost:8080 req_method=- req_headers=-
2026-08-23T13:49:40+00:00 OPTIONS /008/redirect/direct status=204 max_age=- acao=http://localhost:8080 auth=no origin=http://localhost:8080 req_method=GET req_headers=authorization
2026-08-23T13:49:40+00:00 GET /008/redirect/direct status=200 max_age=- acao=http://localhost:8080 auth=yes origin=http://localhost:8080 req_method=- req_headers=-
2026-08-23T13:49:43+00:00 GET /008/redirect/simple status=301 max_age=- acao=http://localhost:8080 auth=no origin=http://localhost:8080 req_method=- req_headers=-
2026-08-23T13:49:43+00:00 GET /008/redirect/simple-target status=200 max_age=- acao=http://localhost:8080 auth=no origin=http://localhost:8080 req_method=- req_headers=-
2026-08-23T13:49:46+00:00 OPTIONS /008/redirect/preflighted status=204 max_age=- acao=http://localhost:8080 auth=no origin=http://localhost:8080 req_method=PUT req_headers=authorization
2026-08-23T13:49:46+00:00 PUT /008/redirect/preflighted status=301 max_age=- acao=http://localhost:8080 auth=yes origin=http://localhost:8080 req_method=- req_headers=-
2026-08-23T13:49:46+00:00 OPTIONS /008/redirect/preflighted-target status=200 max_age=- acao=http://localhost:8080 auth=no origin=http://localhost:8080 req_method=PUT req_headers=authorization
2026-08-23T13:49:46+00:00 PUT /008/redirect/preflighted-target status=200 max_age=- acao=http://localhost:8080 auth=yes origin=http://localhost:8080 req_method=- req_headers=-
2026-08-23T13:49:49+00:00 OPTIONS /008/redirect/optionsredirect status=301 max_age=- acao=http://localhost:8080 auth=no origin=http://localhost:8080 req_method=PUT req_headers=authorization
2026-08-23T13:49:51+00:00 OPTIONS /008/redirect/crossorigin status=204 max_age=- acao=http://localhost:8080 auth=no origin=http://localhost:8080 req_method=PUT req_headers=authorization
2026-08-23T13:49:51+00:00 PUT /008/redirect/crossorigin status=301 max_age=- acao=http://localhost:8080 auth=yes origin=http://localhost:8080 req_method=- req_headers=-
2026-08-23T13:49:54+00:00 OPTIONS /008/redirect/direct status=204 max_age=- acao=http://localhost:8080 auth=no origin=http://localhost:8080 req_method=GET req_headers=authorization
2026-08-23T13:49:54+00:00 GET /008/redirect/direct status=200 max_age=- acao=http://localhost:8080 auth=yes origin=http://localhost:8080 req_method=- req_headers=-
2026-08-23T13:49:56+00:00 GET /008/redirect/simple status=301 max_age=- acao=http://localhost:8080 auth=no origin=http://localhost:8080 req_method=- req_headers=-
2026-08-23T13:49:56+00:00 GET /008/redirect/simple-target status=200 max_age=- acao=http://localhost:8080 auth=no origin=http://localhost:8080 req_method=- req_headers=-
2026-08-23T13:49:58+00:00 OPTIONS /008/redirect/preflighted status=204 max_age=- acao=http://localhost:8080 auth=no origin=http://localhost:8080 req_method=PUT req_headers=authorization
2026-08-23T13:49:58+00:00 PUT /008/redirect/preflighted status=301 max_age=- acao=http://localhost:8080 auth=yes origin=http://localhost:8080 req_method=- req_headers=-
2026-08-23T13:49:58+00:00 OPTIONS /008/redirect/preflighted-target status=200 max_age=- acao=http://localhost:8080 auth=no origin=http://localhost:8080 req_method=PUT req_headers=authorization
2026-08-23T13:49:58+00:00 PUT /008/redirect/preflighted-target status=200 max_age=- acao=http://localhost:8080 auth=yes origin=http://localhost:8080 req_method=- req_headers=-
2026-08-23T13:50:00+00:00 OPTIONS /008/redirect/optionsredirect status=301 max_age=- acao=http://localhost:8080 auth=no origin=http://localhost:8080 req_method=PUT req_headers=authorization
2026-08-23T13:50:02+00:00 OPTIONS /008/redirect/crossorigin status=204 max_age=- acao=http://localhost:8080 auth=no origin=http://localhost:8080 req_method=PUT req_headers=authorization
2026-08-23T13:50:02+00:00 PUT /008/redirect/crossorigin status=301 max_age=- acao=http://localhost:8080 auth=yes origin=http://localhost:8080 req_method=- req_headers=-
