measured-at: 2026-09-16T11:30:14.160Z
scenario: 003-patch-semantics
mode: M1
base: http://localhost:8085
nginx: nginx version: nginx/1.31.6
node: 24.19.0
curl: 8.22.0
---

## merge_set 送信 1/3
content-type=application/merge-patch+json
status=200 state={"title":"final","tags":["http"]}

## merge_set 送信 2/3
content-type=application/merge-patch+json
status=200 state={"title":"final","tags":["http"]}

## merge_set 送信 3/3
content-type=application/merge-patch+json
status=200 state={"title":"final","tags":["http"]}

## merge_delete 送信 1/3
content-type=application/merge-patch+json
status=200 state={"tags":["http"]}

## merge_delete 送信 2/3
content-type=application/merge-patch+json
status=200 state={"tags":["http"]}

## merge_delete 送信 3/3
content-type=application/merge-patch+json
status=200 state={"tags":["http"]}

## json_replace 送信 1/3
content-type=application/json-patch+json
status=200 state={"title":"final","tags":["http"]}

## json_replace 送信 2/3
content-type=application/json-patch+json
status=200 state={"title":"final","tags":["http"]}

## json_replace 送信 3/3
content-type=application/json-patch+json
status=200 state={"title":"final","tags":["http"]}

## json_add_append 送信 1/3
content-type=application/json-patch+json
status=200 state={"title":"draft","tags":["http","rest"]}

## json_add_append 送信 2/3
content-type=application/json-patch+json
status=200 state={"title":"draft","tags":["http","rest","rest"]}

## json_add_append 送信 3/3
content-type=application/json-patch+json
status=200 state={"title":"draft","tags":["http","rest","rest","rest"]}

