measured-at: 1970-01-01T00:00:00.000Z
scenario: 012-compression-tradeoff
mode: M0
judgement: 圧縮の水準 / 小さい応答の境界 / 種別差 を同じ実装（node:zlib）で測る
---
{"section":"level","algo":"gzip","level":1,"bytes":35398,"ms":0.41,"ratio":0.3518}
{"section":"level","algo":"gzip","level":6,"bytes":30834,"ms":1.102,"ratio":0.3065}
{"section":"level","algo":"gzip","level":9,"bytes":30791,"ms":1.396,"ratio":0.306}
{"section":"level","algo":"br","level":0,"bytes":36863,"ms":0.126,"ratio":0.3664}
{"section":"level","algo":"br","level":4,"bytes":31741,"ms":0.547,"ratio":0.3155}
{"section":"level","algo":"br","level":5,"bytes":28418,"ms":1.075,"ratio":0.2824}
{"section":"level","algo":"br","level":9,"bytes":27708,"ms":1.392,"ratio":0.2754}
{"section":"level","algo":"br","level":11,"bytes":25917,"ms":71.619,"ratio":0.2576}
{"section":"level","algo":"zstd","level":1,"bytes":35811,"ms":0.135,"ratio":0.3559}
{"section":"level","algo":"zstd","level":3,"bytes":32557,"ms":0.173,"ratio":0.3236}
{"section":"level","algo":"zstd","level":9,"bytes":29386,"ms":1.015,"ratio":0.2921}
{"section":"level","algo":"zstd","level":19,"bytes":27789,"ms":15.27,"ratio":0.2762}
{"section":"small","kind":"compressible","bytes":16,"identity":16,"gzip":36,"br":20,"gzip_wins":false,"br_wins":false}
{"section":"small","kind":"compressible","bytes":32,"identity":32,"gzip":52,"br":36,"gzip_wins":false,"br_wins":false}
{"section":"small","kind":"compressible","bytes":48,"identity":48,"gzip":59,"br":46,"gzip_wins":false,"br_wins":true}
{"section":"small","kind":"compressible","bytes":64,"identity":64,"gzip":59,"br":46,"gzip_wins":true,"br_wins":true}
{"section":"small","kind":"compressible","bytes":96,"identity":96,"gzip":59,"br":47,"gzip_wins":true,"br_wins":true}
{"section":"small","kind":"compressible","bytes":128,"identity":128,"gzip":59,"br":47,"gzip_wins":true,"br_wins":true}
{"section":"small","kind":"compressible","bytes":192,"identity":192,"gzip":59,"br":47,"gzip_wins":true,"br_wins":true}
{"section":"small","kind":"compressible","bytes":256,"identity":256,"gzip":59,"br":47,"gzip_wins":true,"br_wins":true}
{"section":"small","kind":"compressible","bytes":384,"identity":384,"gzip":61,"br":47,"gzip_wins":true,"br_wins":true}
{"section":"small","kind":"compressible","bytes":512,"identity":512,"gzip":62,"br":47,"gzip_wins":true,"br_wins":true}
{"section":"small","kind":"compressible","bytes":1024,"identity":1024,"gzip":66,"br":47,"gzip_wins":true,"br_wins":true}
{"section":"small","kind":"incompressible","bytes":16,"identity":16,"gzip":36,"br":20,"gzip_wins":false,"br_wins":false}
{"section":"small","kind":"incompressible","bytes":32,"identity":32,"gzip":52,"br":31,"gzip_wins":false,"br_wins":true}
{"section":"small","kind":"incompressible","bytes":48,"identity":48,"gzip":60,"br":39,"gzip_wins":false,"br_wins":true}
{"section":"small","kind":"incompressible","bytes":64,"identity":64,"gzip":70,"br":48,"gzip_wins":false,"br_wins":true}
{"section":"small","kind":"incompressible","bytes":96,"identity":96,"gzip":85,"br":64,"gzip_wins":true,"br_wins":true}
{"section":"small","kind":"incompressible","bytes":128,"identity":128,"gzip":102,"br":81,"gzip_wins":true,"br_wins":true}
{"section":"small","kind":"incompressible","bytes":192,"identity":192,"gzip":133,"br":111,"gzip_wins":true,"br_wins":true}
{"section":"small","kind":"incompressible","bytes":256,"identity":256,"gzip":166,"br":144,"gzip_wins":true,"br_wins":true}
{"section":"small","kind":"incompressible","bytes":384,"identity":384,"gzip":230,"br":207,"gzip_wins":true,"br_wins":true}
{"section":"small","kind":"incompressible","bytes":512,"identity":512,"gzip":297,"br":271,"gzip_wins":true,"br_wins":true}
{"section":"small","kind":"incompressible","bytes":1024,"identity":1024,"gzip":560,"br":527,"gzip_wins":true,"br_wins":true}
{"section":"type","type":"HTML","file":"public/012/index.html","bytes":1497,"br":789,"ratio":0.5271}
{"section":"type","type":"HTML","file":"public/012/v2.html","bytes":1437,"br":801,"ratio":0.5574}
{"section":"type","type":"HTML","file":"public/008/index.html","bytes":1251,"br":709,"ratio":0.5667}
{"section":"type","type":"HTML","file":"public/003/override.html","bytes":1461,"br":596,"ratio":0.4079}
{"section":"type","type":"JavaScript","file":"tools/check-provenance.mjs","bytes":11458,"br":4072,"ratio":0.3554}
{"section":"type","type":"JavaScript","file":"tools/aggregate-006.mjs","bytes":13380,"br":3746,"ratio":0.28}
{"section":"type","type":"JavaScript","file":"tools/measure-003.mjs","bytes":12641,"br":4201,"ratio":0.3323}
{"section":"type","type":"JavaScript","file":"app/006-cache/routes.mjs","bytes":4186,"br":1941,"ratio":0.4637}
{"section":"type","type":"JSON（手書き）","file":"package-lock.json","bytes":2541,"br":854,"ratio":0.3361}
{"section":"type","type":"JSON（手書き）","file":"app/package.json","bytes":337,"br":251,"ratio":0.7448}
{"section":"type","type":"JSON（機械生成）","file":"results/012-dictionary/sizes.json","bytes":1040,"br":420,"ratio":0.4038}
{"section":"type","type":"JSON（機械生成）","file":"results/012-crossover/summary.json","bytes":3015,"br":756,"ratio":0.2507}
{"section":"type","type":"JSON（機械生成）","file":"results/006-etag/summary.json","bytes":149,"br":102,"ratio":0.6846}
{"section":"type","type":"Markdown","file":"README.md","bytes":11079,"br":4763,"ratio":0.4299}
{"section":"type","type":"Markdown","file":"scenarios/012-dictionary/README.md","bytes":2403,"br":1394,"ratio":0.5801}
{"section":"type","type":"Markdown","file":"scenarios/006-etag/README.md","bytes":701,"br":435,"ratio":0.6205}
{"section":"type","type":"既圧縮","file":"public/012/bundle-v2.js.br","bytes":25917,"br":25921,"ratio":1.0002}
{"section":"type","type":"既圧縮","file":"public/012/bundle-v2.js.zst","bytes":27789,"br":27793,"ratio":1.0001}
{"section":"type","type":"既圧縮","file":"public/012/bundle-v2.js.dcb","bytes":577,"br":581,"ratio":1.0069}
